lv_hal_disp.c:57:6:lv_disp_drv_init	8	static
lv_hal_disp.c:104:6:lv_disp_buf_init	24	static
lv_hal_disp.c:197:6:lv_disp_remove	24	static
lv_hal_disp.c:222:6:lv_disp_set_default	0	static
lv_hal_disp.c:231:13:lv_disp_get_default	0	static
lv_hal_disp.c:241:12:lv_disp_get_hor_res	0	static
lv_hal_disp.c:256:12:lv_disp_get_ver_res	0	static
lv_hal_disp.c:183:6:lv_disp_drv_update	16	static
lv_hal_disp.c:271:6:lv_disp_get_antialiasing	0	static
lv_hal_disp.c:289:12:lv_disp_get_dpi	0	static
lv_hal_disp.c:301:16:lv_disp_get_size_category	8	static
lv_hal_disp.c:323:31:lv_disp_flush_ready	0	static
lv_hal_disp.c:343:31:lv_disp_flush_is_last	0	static
lv_hal_disp.c:353:13:lv_disp_get_next	0	static
lv_hal_disp.c:366:17:lv_disp_get_buf	0	static
lv_hal_disp.c:375:10:lv_disp_get_inv_buf_size	0	static
lv_hal_disp.c:384:6:_lv_disp_pop_from_inv_buf	0	static
lv_hal_disp.c:398:6:lv_disp_is_double_buf	0	static
lv_hal_disp.c:412:6:lv_disp_is_true_double_buf	8	static
lv_hal_disp.c:120:13:lv_disp_drv_register	24	static
