lv_mem.h:214:44:_lv_memcpy_small	32	static
lv_area.h:100:20:lv_area_copy	16	static
lv_area.h:110:26:lv_area_get_width	16	static
lv_area.h:120:26:lv_area_get_height	16	static
lv_draw_mask.c:74:9:lv_draw_mask_add	24	static
lv_draw_mask.c:104:42:lv_draw_mask_apply	56	static
lv_draw_mask.c:131:8:lv_draw_mask_remove_id	24	static
lv_draw_mask.c:150:8:lv_draw_mask_remove_custom	24	static
lv_draw_mask.c:168:31:lv_draw_mask_get_cnt	16	static
lv_draw_mask.c:189:6:lv_draw_mask_line_points_init	48	static
lv_draw_mask.c:278:6:lv_draw_mask_line_angle_init	48	static
lv_draw_mask.c:306:6:lv_draw_mask_angle_init	48	static
lv_draw_mask.c:371:6:lv_draw_mask_radius_init	32	static
lv_draw_mask.c:398:6:lv_draw_mask_fade_init	24	static
lv_draw_mask.c:418:6:lv_draw_mask_map_init	24	static
lv_draw_mask.c:431:49:lv_draw_mask_line	48	static
lv_draw_mask.c:491:49:line_mask_flat	64	static
lv_draw_mask.c:608:49:line_mask_steep	80	static
lv_draw_mask.c:751:49:lv_draw_mask_angle	104	static
lv_draw_mask.c:891:49:lv_draw_mask_radius	152	static
lv_draw_mask.c:1143:49:lv_draw_mask_fade	56	static
lv_draw_mask.c:1189:49:lv_draw_mask_map	48	static
lv_draw_mask.c:1225:46:mask_mix	16	static
lv_draw_mask.c:1239:42:sqrt_approx	40	static
