lv_color.h:650:26:lv_color_make	16	static
lv_mem.h:214:44:_lv_memcpy_small	32	static
lv_img_decoder.c:62:6:_lv_img_decoder_init	24	static
lv_img_decoder.c:89:10:lv_img_decoder_get_info	24	static
lv_img_decoder.c:121:10:lv_img_decoder_open	40	static
lv_img_decoder.c:168:10:lv_img_decoder_read_line	48	static
lv_img_decoder.c:180:6:lv_img_decoder_close	16	static
lv_img_decoder.c:196:20:lv_img_decoder_create	24	static
lv_img_decoder.c:212:6:lv_img_decoder_delete	16	static
lv_img_decoder.c:223:6:lv_img_decoder_set_info_cb	16	static
lv_img_decoder.c:233:6:lv_img_decoder_set_open_cb	16	static
lv_img_decoder.c:243:6:lv_img_decoder_set_read_line_cb	16	static
lv_img_decoder.c:253:6:lv_img_decoder_set_close_cb	16	static
lv_img_decoder.c:265:10:lv_img_decoder_built_in_info	40	static
lv_img_decoder.c:319:10:lv_img_decoder_built_in_open	72	static
lv_img_decoder.c:482:10:lv_img_decoder_built_in_read_line	40	static
lv_img_decoder.c:519:6:lv_img_decoder_built_in_close	24	static
lv_img_decoder.c:545:17:lv_img_decoder_built_in_line_true_color	48	static
lv_img_decoder.c:580:17:lv_img_decoder_built_in_line_alpha	104	static
lv_img_decoder.c:690:17:lv_img_decoder_built_in_line_indexed	64	static
