lv_style.h:311:28:lv_style_list_get_style	16	static
lv_obj_style_dec.h:110:1:lv_obj_get_style_pad_top	16	static
lv_obj_style_dec.h:111:1:lv_obj_get_style_pad_bottom	16	static
lv_obj_style_dec.h:112:1:lv_obj_get_style_pad_left	16	static
lv_obj_style_dec.h:113:1:lv_obj_get_style_pad_right	16	static
lv_obj_style_dec.h:169:1:lv_obj_get_style_line_width	16	static
lv_obj_style_dec.h:173:1:lv_obj_get_style_line_rounded	16	static
lv_arc.c:59:12:lv_arc_create	48	static
lv_arc.c:158:6:lv_arc_set_start_angle	32	static
lv_arc.c:193:6:lv_arc_set_end_angle	32	static
lv_arc.c:228:6:lv_arc_set_angles	32	static
lv_arc.c:250:6:lv_arc_set_bg_start_angle	32	static
lv_arc.c:285:6:lv_arc_set_bg_end_angle	32	static
lv_arc.c:321:6:lv_arc_set_bg_angles	32	static
lv_arc.c:345:6:lv_arc_set_rotation	32	static
lv_arc.c:362:6:lv_arc_set_type	40	static
lv_arc.c:396:6:lv_arc_set_value	32	static
lv_arc.c:419:6:lv_arc_set_range	32	static
lv_arc.c:445:6:lv_arc_set_chg_rate	32	static
lv_arc.c:458:6:lv_arc_set_adjustable	32	static
lv_arc.c:481:10:lv_arc_get_angle_start	32	static
lv_arc.c:495:10:lv_arc_get_angle_end	32	static
lv_arc.c:509:10:lv_arc_get_bg_angle_start	32	static
lv_arc.c:523:10:lv_arc_get_bg_angle_end	32	static
lv_arc.c:538:9:lv_arc_get_value	32	static
lv_arc.c:551:9:lv_arc_get_min_value	32	static
lv_arc.c:564:9:lv_arc_get_max_value	32	static
lv_arc.c:577:6:lv_arc_is_dragged	32	static
lv_arc.c:590:15:lv_arc_get_type	32	static
lv_arc.c:603:6:lv_arc_get_adjustable	32	static
lv_arc.c:633:24:lv_arc_design	256	static
lv_arc.c:707:17:lv_arc_signal	112	static
lv_arc.c:884:26:lv_arc_get_style	32	static
lv_arc.c:909:13:inv_arc_area	80	static
lv_arc.c:1033:13:get_center	48	static
lv_arc.c:1052:13:get_knob_area	64	static
lv_arc.c:1090:13:value_update	48	static
