lv_mem.h:214:44:_lv_memcpy_small	32	static
lv_area.h:100:20:lv_area_copy	16	static
lv_area.h:110:26:lv_area_get_width	16	static
lv_area.h:120:26:lv_area_get_height	16	static
lv_anim.h:129:20:lv_anim_set_var	16	static
lv_anim.h:141:20:lv_anim_set_exec_cb	16	static
lv_anim.h:151:20:lv_anim_set_time	16	static
lv_anim.h:172:20:lv_anim_set_values	16	static
lv_anim.h:221:20:lv_anim_set_ready_cb	16	static
lv_obj_style_dec.h:102:1:lv_obj_get_style_radius	16	static
lv_obj_style_dec.h:110:1:lv_obj_get_style_pad_top	16	static
lv_obj_style_dec.h:111:1:lv_obj_get_style_pad_bottom	16	static
lv_obj_style_dec.h:112:1:lv_obj_get_style_pad_left	16	static
lv_obj_style_dec.h:113:1:lv_obj_get_style_pad_right	16	static
lv_obj_style_dec.h:129:1:lv_obj_get_style_border_post	16	static
lv_bar.c:76:12:lv_bar_create	40	static
lv_bar.c:153:6:lv_bar_set_value	40	static
lv_bar.c:182:6:lv_bar_set_start_value	40	static
lv_bar.c:209:6:lv_bar_set_range	32	static
lv_bar.c:238:6:lv_bar_set_type	32	static
lv_bar.c:255:6:lv_bar_set_anim_time	32	static
lv_bar.c:277:9:lv_bar_get_value	32	static
lv_bar.c:290:9:lv_bar_get_start_value	32	static
lv_bar.c:306:9:lv_bar_get_min_value	32	static
lv_bar.c:319:9:lv_bar_get_max_value	32	static
lv_bar.c:332:15:lv_bar_get_type	32	static
lv_bar.c:345:10:lv_bar_get_anim_time	32	static
lv_bar.c:373:24:lv_bar_design	112	static
lv_bar.c:412:13:draw_bg	104	static
lv_bar.c:429:13:draw_indic	256	static
lv_bar.c:647:17:lv_bar_signal	40	static
lv_bar.c:684:26:lv_bar_get_style	32	static
lv_bar.c:706:13:lv_bar_anim	16	static
lv_bar.c:712:13:lv_bar_anim_ready	24	static
lv_bar.c:724:13:lv_bar_set_value_with_anim	96	static
lv_bar.c:758:13:lv_bar_init_anim	16	static
