lv_mem.h:214:44:_lv_memcpy_small	32	static
lv_area.h:100:20:lv_area_copy	16	static
lv_area.h:110:26:lv_area_get_width	16	static
lv_area.h:120:26:lv_area_get_height	16	static
lv_obj_style_dec.h:110:1:lv_obj_get_style_pad_top	16	static
lv_obj_style_dec.h:111:1:lv_obj_get_style_pad_bottom	16	static
lv_obj_style_dec.h:112:1:lv_obj_get_style_pad_left	16	static
lv_obj_style_dec.h:113:1:lv_obj_get_style_pad_right	16	static
lv_obj_style_dec.h:114:1:lv_obj_get_style_pad_inner	16	static
lv_btnmatrix.c:72:12:lv_btnmatrix_create	40	static
lv_btnmatrix.c:138:6:lv_btnmatrix_set_map	88	static
lv_btnmatrix.c:273:6:lv_btnmatrix_set_ctrl_map	32	static
lv_btnmatrix.c:288:6:lv_btnmatrix_set_focused_btn	32	static
lv_btnmatrix.c:308:6:lv_btnmatrix_set_recolor	32	static
lv_btnmatrix.c:323:6:lv_btnmatrix_set_btn_ctrl	32	static
lv_btnmatrix.c:346:6:lv_btnmatrix_clear_btn_ctrl	32	static
lv_btnmatrix.c:363:6:lv_btnmatrix_set_btn_ctrl_all	32	static
lv_btnmatrix.c:380:6:lv_btnmatrix_clear_btn_ctrl_all	32	static
lv_btnmatrix.c:400:6:lv_btnmatrix_set_btn_width	32	static
lv_btnmatrix.c:420:6:lv_btnmatrix_set_one_check	32	static
lv_btnmatrix.c:436:6:lv_btnmatrix_set_align	32	static
lv_btnmatrix.c:457:15:lv_btnmatrix_get_map_array	32	static
lv_btnmatrix.c:470:6:lv_btnmatrix_get_recolor	32	static
lv_btnmatrix.c:485:10:lv_btnmatrix_get_active_btn	32	static
lv_btnmatrix.c:499:14:lv_btnmatrix_get_active_btn_text	32	static
lv_btnmatrix.c:518:10:lv_btnmatrix_get_focused_btn	32	static
lv_btnmatrix.c:533:14:lv_btnmatrix_get_btn_text	32	static
lv_btnmatrix.c:564:6:lv_btnmatrix_get_btn_ctrl	32	static
lv_btnmatrix.c:580:6:lv_btnmatrix_get_one_check	32	static
lv_btnmatrix.c:594:18:lv_btnmatrix_get_align	32	static
lv_btnmatrix.c:629:24:lv_btnmatrix_design	592	static
lv_btnmatrix.c:842:17:lv_btnmatrix_signal	104	static
lv_btnmatrix.c:1110:26:lv_btnmatrix_get_style	32	static
lv_btnmatrix.c:1137:13:allocate_btn_areas_and_controls	32	static
lv_btnmatrix.c:1180:16:get_button_width	24	static
lv_btnmatrix.c:1186:13:button_is_hidden	16	static
lv_btnmatrix.c:1191:13:button_is_repeat_disabled	16	static
lv_btnmatrix.c:1196:13:button_is_inactive	16	static
lv_btnmatrix.c:1201:13:button_is_click_trig	16	static
lv_btnmatrix.c:1206:13:button_is_tgl_enabled	16	static
lv_btnmatrix.c:1211:13:button_get_tgl_state	16	static
lv_btnmatrix.c:1222:17:get_button_from_point	56	static
lv_btnmatrix.c:1272:13:invalidate_button_area	40	static
lv_btnmatrix.c:1298:13:make_one_button_toggled	24	static
