lv_mem.h:214:44:_lv_memcpy_small	32	static
lv_area.h:100:20:lv_area_copy	16	static
lv_area.h:110:26:lv_area_get_width	16	static
lv_area.h:120:26:lv_area_get_height	16	static
lv_font.h:118:26:lv_font_get_line_height	16	static
lv_obj_style_dec.h:110:1:lv_obj_get_style_pad_top	16	static
lv_obj_style_dec.h:111:1:lv_obj_get_style_pad_bottom	16	static
lv_obj_style_dec.h:112:1:lv_obj_get_style_pad_left	16	static
lv_obj_style_dec.h:113:1:lv_obj_get_style_pad_right	16	static
lv_obj_style_dec.h:114:1:lv_obj_get_style_pad_inner	16	static
lv_obj_style_dec.h:115:1:lv_obj_get_style_margin_top	16	static
lv_obj_style_dec.h:116:1:lv_obj_get_style_margin_bottom	16	static
lv_obj_style_dec.h:168:1:lv_obj_get_style_text_font	16	static
lv_calendar.c:83:12:lv_calendar_create	40	static
lv_calendar.c:187:6:lv_calendar_set_today_date	32	static
lv_calendar.c:206:6:lv_calendar_set_showed_date	32	static
lv_calendar.c:226:6:lv_calendar_set_highlighted_dates	40	static
lv_calendar.c:245:6:lv_calendar_set_day_names	32	static
lv_calendar.c:262:6:lv_calendar_set_month_names	32	static
lv_calendar.c:281:22:lv_calendar_get_today_date	32	static
lv_calendar.c:294:22:lv_calendar_get_showed_date	32	static
lv_calendar.c:308:22:lv_calendar_get_pressed_date	32	static
lv_calendar.c:321:22:lv_calendar_get_highlighted_dates	32	static
lv_calendar.c:334:10:lv_calendar_get_highlighted_dates_num	32	static
lv_calendar.c:347:15:lv_calendar_get_day_names	32	static
lv_calendar.c:360:15:lv_calendar_get_month_names	32	static
lv_calendar.c:390:24:lv_calendar_design	24	static
lv_calendar.c:420:17:lv_calendar_signal	72	static
lv_calendar.c:557:26:lv_calendar_get_style	32	static
lv_calendar.c:593:13:calculate_touched_day	56	static
lv_calendar.c:650:19:get_header_height	32	static
lv_calendar.c:666:19:get_day_names_height	24	static
lv_calendar.c:680:13:draw_header	240	static
lv_calendar.c:754:13:draw_day_names	120	static
lv_calendar.c:801:13:draw_dates	224	static
lv_calendar.c:951:13:is_highlighted	32	static
lv_calendar.c:985:13:is_pressed	32	static
lv_calendar.c:1008:21:get_day_name	24	static
lv_calendar.c:1025:21:get_month_name	24	static
lv_calendar.c:1044:16:get_month_length	16	static
lv_calendar.c:1065:16:is_leap_year	16	static
lv_calendar.c:1077:16:get_day_of_week	40	static
