lv_mem.h:214:44:_lv_memcpy_small	32	static
lv_area.h:100:20:lv_area_copy	16	static
lv_area.h:110:26:lv_area_get_width	16	static
lv_area.h:120:26:lv_area_get_height	16	static
lv_obj_style_dec.h:104:1:lv_obj_get_style_size	16	static
lv_obj_style_dec.h:110:1:lv_obj_get_style_pad_top	16	static
lv_obj_style_dec.h:111:1:lv_obj_get_style_pad_bottom	16	static
lv_obj_style_dec.h:112:1:lv_obj_get_style_pad_left	16	static
lv_obj_style_dec.h:113:1:lv_obj_get_style_pad_right	16	static
lv_obj_style_dec.h:114:1:lv_obj_get_style_pad_inner	16	static
lv_obj_style_dec.h:125:1:lv_obj_get_style_bg_opa	16	static
lv_obj_style_dec.h:169:1:lv_obj_get_style_line_width	16	static
lv_chart.c:83:12:lv_chart_create	40	static
lv_chart.c:176:21:lv_chart_add_series	48	static
lv_chart.c:210:22:lv_chart_add_cursor	32	static
lv_chart.c:232:6:lv_chart_clear_series	32	static
lv_chart.c:259:6:lv_chart_set_div_line_count	32	static
lv_chart.c:279:6:lv_chart_set_y_range	40	static
lv_chart.c:302:6:lv_chart_set_type	32	static
lv_chart.c:319:6:lv_chart_set_point_count	48	static
lv_chart.c:386:6:lv_chart_init_points	40	static
lv_chart.c:406:6:lv_chart_set_points	40	static
lv_chart.c:423:6:lv_chart_set_next	40	static
lv_chart.c:450:6:lv_chart_set_update_mode	32	static
lv_chart.c:469:6:lv_chart_set_x_tick_length	32	static
lv_chart.c:486:6:lv_chart_set_y_tick_length	32	static
lv_chart.c:503:6:lv_chart_set_secondary_y_tick_length	32	static
lv_chart.c:520:6:lv_chart_set_x_tick_texts	40	static
lv_chart.c:540:6:lv_chart_set_y_tick_texts	40	static
lv_chart.c:560:6:lv_chart_set_secondary_y_tick_texts	40	static
lv_chart.c:578:6:lv_chart_set_x_start_point	40	static
lv_chart.c:598:6:lv_chart_set_ext_array	40	static
lv_chart.c:618:6:lv_chart_set_point_id	40	static
lv_chart.c:636:6:lv_chart_set_series_axis	32	static
lv_chart.c:659:6:lv_chart_set_cursor_point	32	static
lv_chart.c:678:17:lv_chart_get_type	32	static
lv_chart.c:691:10:lv_chart_get_point_count	32	static
lv_chart.c:704:10:lv_chart_get_x_start_point	24	static
lv_chart.c:718:12:lv_chart_get_point_id	40	static
lv_chart.c:735:17:lv_chart_get_series_axis	24	static
lv_chart.c:750:12:lv_chart_get_cursor_point	32	static
lv_chart.c:764:10:lv_chart_get_nearest_index_from_coord	32	static
lv_chart.c:788:12:lv_chart_get_x_from_index	64	static
lv_chart.c:837:12:lv_chart_get_y_from_index	56	static
lv_chart.c:865:6:lv_chart_get_series_area	16	static
lv_chart.c:882:6:lv_chart_refresh	24	static
lv_chart.c:903:24:lv_chart_design	120	static
lv_chart.c:937:17:lv_chart_signal	40	static
lv_chart.c:981:26:lv_chart_get_style	32	static
lv_chart.c:1013:13:draw_series_bg	144	static
lv_chart.c:1084:13:draw_series_line	384	static
lv_chart.c:1237:13:draw_series_column	176	static
lv_chart.c:1302:13:draw_cursors	160	static
lv_chart.c:1391:34:create_axis_label_iter	40	static
lv_chart.c:1422:13:get_next_axis_label	24	static
lv_chart.c:1489:20:is_tick_with_label	16	static
lv_chart.c:1494:13:draw_y_ticks	432	static
lv_chart.c:1643:13:draw_x_ticks	432	static
lv_chart.c:1748:13:draw_axes	24	static
lv_chart.c:1759:13:invalidate_lines	48	static
lv_chart.c:1797:13:invalidate_columns	56	static
