lv_mem.h:214:44:_lv_memcpy_small	32	static
lv_area.h:100:20:lv_area_copy	16	static
lv_area.h:110:26:lv_area_get_width	16	static
lv_area.h:120:26:lv_area_get_height	16	static
lv_color.h:397:24:lv_color_to32	24	static
lv_obj_style_dec.h:110:1:lv_obj_get_style_pad_top	16	static
lv_obj_style_dec.h:111:1:lv_obj_get_style_pad_bottom	16	static
lv_obj_style_dec.h:112:1:lv_obj_get_style_pad_left	16	static
lv_obj_style_dec.h:113:1:lv_obj_get_style_pad_right	16	static
lv_obj_style_dec.h:114:1:lv_obj_get_style_pad_inner	16	static
lv_obj_style_dec.h:194:1:lv_obj_get_style_scale_width	16	static
lv_cpicker.c:102:12:lv_cpicker_create	40	static
lv_cpicker.c:172:6:lv_cpicker_set_type	32	static
lv_cpicker.c:192:6:lv_cpicker_set_hue	24	static
lv_cpicker.c:205:6:lv_cpicker_set_saturation	24	static
lv_cpicker.c:218:6:lv_cpicker_set_value	24	static
lv_cpicker.c:231:6:lv_cpicker_set_hsv	32	static
lv_cpicker.c:258:6:lv_cpicker_set_color	32	static
lv_cpicker.c:274:6:lv_cpicker_set_color_mode	32	static
lv_cpicker.c:290:6:lv_cpicker_set_color_mode_fixed	32	static
lv_cpicker.c:304:6:lv_cpicker_set_knob_colored	32	static
lv_cpicker.c:322:25:lv_cpicker_get_color_mode	32	static
lv_cpicker.c:336:6:lv_cpicker_get_color_mode_fixed	32	static
lv_cpicker.c:350:10:lv_cpicker_get_hue	32	static
lv_cpicker.c:364:9:lv_cpicker_get_saturation	32	static
lv_cpicker.c:378:9:lv_cpicker_get_value	32	static
lv_cpicker.c:392:16:lv_cpicker_get_hsv	32	static
lv_cpicker.c:406:12:lv_cpicker_get_color	32	static
lv_cpicker.c:420:6:lv_cpicker_get_knob_colored	32	static
lv_cpicker.c:448:24:lv_cpicker_design	32	static
lv_cpicker.c:474:13:draw_disc_grad	200	static
lv_cpicker.c:546:13:draw_rect_grad	144	static
lv_cpicker.c:607:13:draw_knob	112	static
lv_cpicker.c:626:13:invalidate_knob	24	static
lv_cpicker.c:633:18:get_knob_area	48	static
lv_cpicker.c:668:17:lv_cpicker_signal	104	static
lv_cpicker.c:885:26:lv_cpicker_get_style	32	static
lv_cpicker.c:906:13:lv_cpicker_hit	24	static
lv_cpicker.c:922:13:next_color_mode	24	static
lv_cpicker.c:930:13:refr_knob_pos	48	static
lv_cpicker.c:968:17:double_click_reset	32	static
lv_cpicker.c:1001:19:angle_to_mode_color	32	static
lv_cpicker.c:1020:17:get_angle	24	static
