lv_mem.h:214:44:_lv_memcpy_small	32	static
lv_area.h:100:20:lv_area_copy	16	static
lv_area.h:110:26:lv_area_get_width	16	static
lv_area.h:120:26:lv_area_get_height	16	static
lv_obj_style_dec.h:110:1:lv_obj_get_style_pad_top	16	static
lv_obj_style_dec.h:111:1:lv_obj_get_style_pad_bottom	16	static
lv_obj_style_dec.h:112:1:lv_obj_get_style_pad_left	16	static
lv_obj_style_dec.h:113:1:lv_obj_get_style_pad_right	16	static
lv_obj_style_dec.h:114:1:lv_obj_get_style_pad_inner	16	static
lv_obj_style_dec.h:115:1:lv_obj_get_style_margin_top	16	static
lv_obj_style_dec.h:116:1:lv_obj_get_style_margin_bottom	16	static
lv_obj_style_dec.h:117:1:lv_obj_get_style_margin_left	16	static
lv_obj_style_dec.h:118:1:lv_obj_get_style_margin_right	16	static
lv_cont.c:67:12:lv_cont_create	40	static
lv_cont.c:132:6:lv_cont_set_layout	32	static
lv_cont.c:154:6:lv_cont_set_fit4	32	static
lv_cont.c:182:13:lv_cont_get_layout	32	static
lv_cont.c:195:10:lv_cont_get_fit_left	32	static
lv_cont.c:208:10:lv_cont_get_fit_right	32	static
lv_cont.c:221:10:lv_cont_get_fit_top	32	static
lv_cont.c:234:10:lv_cont_get_fit_bottom	32	static
lv_cont.c:253:17:lv_cont_signal	40	static
lv_cont.c:292:26:lv_cont_get_style	24	static
lv_cont.c:310:13:lv_cont_refr_layout	24	static
lv_cont.c:341:13:lv_cont_layout_col	56	static
lv_cont.c:395:13:lv_cont_layout_row	40	static
lv_cont.c:451:13:lv_cont_layout_center	40	static
lv_cont.c:489:13:lv_cont_layout_pretty	88	static
lv_cont.c:623:13:lv_cont_layout_grid	40	static
lv_cont.c:657:13:lv_cont_refr_autofit	72	static
