lv_font.h:118:26:lv_font_get_line_height	16	static
lv_obj_style_dec.h:110:1:lv_obj_get_style_pad_top	16	static
lv_obj_style_dec.h:111:1:lv_obj_get_style_pad_bottom	16	static
lv_obj_style_dec.h:112:1:lv_obj_get_style_pad_left	16	static
lv_obj_style_dec.h:113:1:lv_obj_get_style_pad_right	16	static
lv_obj_style_dec.h:161:1:lv_obj_get_style_text_line_space	16	static
lv_obj_style_dec.h:168:1:lv_obj_get_style_text_font	16	static
lv_cont.h:158:20:lv_cont_set_fit2	24	static
lv_cont.h:169:20:lv_cont_set_fit	24	static
lv_dropdown.c:85:12:lv_dropdown_create	40	static
lv_dropdown.c:166:6:lv_dropdown_set_text	32	static
lv_dropdown.c:181:6:lv_dropdown_clear_options	32	static
lv_dropdown.c:203:6:lv_dropdown_set_options	40	static
lv_dropdown.c:252:6:lv_dropdown_set_options_static	32	static
lv_dropdown.c:284:6:lv_dropdown_add_option	72	static
lv_dropdown.c:350:6:lv_dropdown_set_selected	32	static
lv_dropdown.c:370:6:lv_dropdown_set_dir	32	static
lv_dropdown.c:387:6:lv_dropdown_set_max_height	32	static
lv_dropdown.c:412:6:lv_dropdown_set_symbol	32	static
lv_dropdown.c:426:6:lv_dropdown_set_show_selected	32	static
lv_dropdown.c:447:14:lv_dropdown_get_text	32	static
lv_dropdown.c:460:14:lv_dropdown_get_options	32	static
lv_dropdown.c:473:10:lv_dropdown_get_selected	32	static
lv_dropdown.c:487:10:lv_dropdown_get_option_cnt	32	static
lv_dropdown.c:502:6:lv_dropdown_get_selected_str	56	static
lv_dropdown.c:533:12:lv_dropdown_get_max_height	32	static
lv_dropdown.c:546:14:lv_dropdown_get_symbol	32	static
lv_dropdown.c:560:19:lv_dropdown_get_dir	32	static
lv_dropdown.c:574:6:lv_dropdown_get_show_selected	32	static
lv_dropdown.c:592:6:lv_dropdown_open	56	static
lv_dropdown.c:700:6:lv_dropdown_close	24	static
lv_dropdown.c:724:24:lv_dropdown_design	128	static
lv_dropdown.c:822:24:lv_dropdown_page_design	72	static
lv_dropdown.c:889:17:lv_dropdown_signal	88	static
lv_dropdown.c:1031:17:lv_dropdown_page_signal	48	static
lv_dropdown.c:1075:17:lv_dropdown_page_scrl_signal	48	static
lv_dropdown.c:1120:26:lv_dropdown_get_style	32	static
lv_dropdown.c:1147:13:draw_box	144	static
lv_dropdown.c:1185:13:draw_box_label	120	static
lv_dropdown.c:1236:17:page_release_handler	48	static
lv_dropdown.c:1276:13:page_press_handler	40	static
lv_dropdown.c:1292:17:get_id_on_point	32	static
lv_dropdown.c:1314:13:position_to_selected	48	static
lv_dropdown.c:1335:19:get_label	24	static
