lv_mem.h:214:44:_lv_memcpy_small	32	static
lv_area.h:100:20:lv_area_copy	16	static
lv_area.h:110:26:lv_area_get_width	16	static
lv_area.h:120:26:lv_area_get_height	16	static
lv_font.h:118:26:lv_font_get_line_height	16	static
lv_anim.h:129:20:lv_anim_set_var	16	static
lv_anim.h:141:20:lv_anim_set_exec_cb	16	static
lv_anim.h:151:20:lv_anim_set_time	16	static
lv_anim.h:172:20:lv_anim_set_values	16	static
lv_anim.h:231:20:lv_anim_set_playback_time	16	static
lv_anim.h:241:20:lv_anim_set_playback_delay	16	static
lv_anim.h:251:20:lv_anim_set_repeat_count	16	static
lv_anim.h:261:20:lv_anim_set_repeat_delay	16	static
lv_obj_style_dec.h:105:1:lv_obj_get_style_transform_width	16	static
lv_obj_style_dec.h:106:1:lv_obj_get_style_transform_height	16	static
lv_obj_style_dec.h:110:1:lv_obj_get_style_pad_top	16	static
lv_obj_style_dec.h:111:1:lv_obj_get_style_pad_bottom	16	static
lv_obj_style_dec.h:112:1:lv_obj_get_style_pad_left	16	static
lv_obj_style_dec.h:113:1:lv_obj_get_style_pad_right	16	static
lv_obj_style_dec.h:160:1:lv_obj_get_style_text_letter_space	16	static
lv_obj_style_dec.h:161:1:lv_obj_get_style_text_line_space	16	static
lv_obj_style_dec.h:168:1:lv_obj_get_style_text_font	16	static
lv_label.c:76:12:lv_label_create	40	static
lv_label.c:180:6:lv_label_set_text	32	static
lv_label.c:250:6:lv_label_set_text_fmt	28	static
lv_label.c:285:6:lv_label_set_text_static	32	static
lv_label.c:310:6:lv_label_set_long_mode	32	static
lv_label.c:345:6:lv_label_set_align	32	static
lv_label.c:363:6:lv_label_set_recolor	32	static
lv_label.c:381:6:lv_label_set_anim_speed	32	static
lv_label.c:400:6:lv_label_set_text_sel_start	24	static
lv_label.c:414:6:lv_label_set_text_sel_end	24	static
lv_label.c:437:8:lv_label_get_text	32	static
lv_label.c:451:22:lv_label_get_long_mode	32	static
lv_label.c:464:18:lv_label_get_align	32	static
lv_label.c:492:6:lv_label_get_recolor	32	static
lv_label.c:505:10:lv_label_get_anim_speed	32	static
lv_label.c:525:6:lv_label_get_letter_pos	112	static
lv_label.c:647:10:lv_label_get_letter_on	128	static
lv_label.c:778:10:lv_label_get_text_sel_start	24	static
lv_label.c:797:10:lv_label_get_text_sel_end	24	static
lv_label.c:816:6:lv_label_is_char_under_pos	112	static
lv_label.c:902:19:lv_label_get_style	24	static
lv_label.c:926:6:lv_label_ins_text	48	static
lv_label.c:972:6:lv_label_cut_text	40	static
lv_label.c:995:6:lv_label_refr_text	224	static
lv_label.c:1240:24:lv_label_design	224	static
lv_label.c:1347:17:lv_label_signal	48	static
lv_label.c:1400:13:lv_label_revert_dots	40	static
lv_label.c:1422:13:lv_label_set_offset_x	24	static
lv_label.c:1429:13:lv_label_set_offset_y	24	static
lv_label.c:1444:13:lv_label_set_dot_tmp	32	static
lv_label.c:1473:15:lv_label_get_dot_tmp	24	static
lv_label.c:1489:13:lv_label_dot_tmp_free	24	static
lv_label.c:1499:13:get_txt_coords	24	static
