lv_area.h:110:26:lv_area_get_width	16	static
lv_area.h:120:26:lv_area_get_height	16	static
lv_font.h:118:26:lv_font_get_line_height	16	static
lv_anim.h:129:20:lv_anim_set_var	16	static
lv_anim.h:141:20:lv_anim_set_exec_cb	16	static
lv_anim.h:151:20:lv_anim_set_time	16	static
lv_anim.h:172:20:lv_anim_set_values	16	static
lv_obj_style_dec.h:112:1:lv_obj_get_style_pad_left	16	static
lv_obj_style_dec.h:113:1:lv_obj_get_style_pad_right	16	static
lv_obj_style_dec.h:168:1:lv_obj_get_style_text_font	16	static
lv_cont.h:158:20:lv_cont_set_fit2	24	static
lv_cont.h:169:20:lv_cont_set_fit	24	static
lv_page.h:186:20:lv_page_set_scrollable_fit2	16	static
lv_page.h:227:20:lv_page_set_scrl_layout	16	static
lv_page.h:322:27:lv_page_get_scrl_layout	16	static
lv_btn.h:107:20:lv_btn_set_layout	16	static
lv_btn.h:133:20:lv_btn_set_fit2	16	static
lv_btn.h:144:20:lv_btn_set_fit	16	static
lv_list.h:125:20:lv_list_set_scrollbar_mode	16	static
lv_list.h:274:24:lv_list_get_anim_time	16	static
lv_list.c:69:12:lv_list_create	48	static
lv_list.c:130:6:lv_list_clean	32	static
lv_list.c:148:12:lv_list_add_btn	72	static
lv_list.c:249:6:lv_list_remove	40	static
lv_list.c:282:6:lv_list_focus_btn	32	static
lv_list.c:314:6:lv_list_set_layout	32	static
lv_list.c:358:14:lv_list_get_btn_text	32	static
lv_list.c:372:12:lv_list_get_btn_label	32	static
lv_list.c:392:12:lv_list_get_btn_img	32	static
lv_list.c:417:12:lv_list_get_prev_btn	32	static
lv_list.c:444:12:lv_list_get_next_btn	32	static
lv_list.c:471:9:lv_list_get_btn_index	32	static
lv_list.c:498:10:lv_list_get_size	32	static
lv_list.c:517:12:lv_list_get_btn_selected	32	static
lv_list.c:531:13:lv_list_get_layout	24	static
lv_list.c:546:6:lv_list_up	112	static
lv_list.c:587:6:lv_list_down	104	static
lv_list.c:624:6:lv_list_focus	32	static
lv_list.c:648:17:lv_list_signal	96	static
lv_list.c:795:17:lv_list_btn_signal	72	static
lv_list.c:851:26:lv_list_get_style	32	static
lv_list.c:884:13:lv_list_is_list_btn	56	static
lv_list.c:901:13:lv_list_is_list_label	56	static
lv_list.c:918:13:lv_list_is_list_img	56	static
