lv_area.h:110:26:lv_area_get_width	16	static
lv_font.h:118:26:lv_font_get_line_height	16	static
lv_anim.h:129:20:lv_anim_set_var	16	static
lv_anim.h:141:20:lv_anim_set_exec_cb	16	static
lv_anim.h:151:20:lv_anim_set_time	16	static
lv_anim.h:161:20:lv_anim_set_delay	16	static
lv_anim.h:172:20:lv_anim_set_values	16	static
lv_anim.h:221:20:lv_anim_set_ready_cb	16	static
lv_obj_style_dec.h:110:1:lv_obj_get_style_pad_top	16	static
lv_obj_style_dec.h:111:1:lv_obj_get_style_pad_bottom	16	static
lv_obj_style_dec.h:114:1:lv_obj_get_style_pad_inner	16	static
lv_obj_style_dec.h:168:1:lv_obj_get_style_text_font	16	static
lv_cont.h:158:20:lv_cont_set_fit2	24	static
lv_cont.h:169:20:lv_cont_set_fit	24	static
lv_msgbox.c:69:12:lv_msgbox_create	48	static
lv_msgbox.c:148:6:lv_msgbox_add_btns	32	static
lv_msgbox.c:190:6:lv_msgbox_set_text	32	static
lv_msgbox.c:206:6:lv_msgbox_set_text_fmt	36	static
lv_msgbox.c:238:6:lv_msgbox_set_anim_time	32	static
lv_msgbox.c:257:6:lv_msgbox_start_auto_close	96	static
lv_msgbox.c:303:6:lv_msgbox_stop_auto_close	24	static
lv_msgbox.c:319:6:lv_msgbox_set_recolor	32	static
lv_msgbox.c:337:14:lv_msgbox_get_text	32	static
lv_msgbox.c:352:10:lv_msgbox_get_active_btn	32	static
lv_msgbox.c:373:14:lv_msgbox_get_active_btn_text	32	static
lv_msgbox.c:389:10:lv_msgbox_get_anim_time	32	static
lv_msgbox.c:407:6:lv_msgbox_get_recolor	32	static
lv_msgbox.c:424:12:lv_msgbox_get_btnmatrix	32	static
lv_msgbox.c:443:17:lv_msgbox_signal	72	static
lv_msgbox.c:548:26:lv_msgbox_get_style	32	static
lv_msgbox.c:576:13:mbox_realign	48	static
lv_msgbox.c:608:13:lv_msgbox_close_ready_cb	16	static
lv_msgbox.c:614:13:lv_msgbox_default_event_cb	24	static
lv_msgbox.c:624:13:lv_msgbox_btnm_event_cb	24	static
