lv_mem.h:214:44:_lv_memcpy_small	32	static
lv_area.h:100:20:lv_area_copy	16	static
lv_area.h:110:26:lv_area_get_width	16	static
lv_area.h:120:26:lv_area_get_height	16	static
lv_anim.h:129:20:lv_anim_set_var	16	static
lv_anim.h:141:20:lv_anim_set_exec_cb	16	static
lv_anim.h:151:20:lv_anim_set_time	16	static
lv_anim.h:172:20:lv_anim_set_values	16	static
lv_anim.h:221:20:lv_anim_set_ready_cb	16	static
lv_anim.h:231:20:lv_anim_set_playback_time	16	static
lv_anim.h:241:20:lv_anim_set_playback_delay	16	static
lv_obj_style_dec.h:104:1:lv_obj_get_style_size	16	static
lv_obj_style_dec.h:110:1:lv_obj_get_style_pad_top	16	static
lv_obj_style_dec.h:111:1:lv_obj_get_style_pad_bottom	16	static
lv_obj_style_dec.h:112:1:lv_obj_get_style_pad_left	16	static
lv_obj_style_dec.h:113:1:lv_obj_get_style_pad_right	16	static
lv_obj_style_dec.h:114:1:lv_obj_get_style_pad_inner	16	static
lv_cont.h:169:20:lv_cont_set_fit	24	static
lv_page.h:302:26:lv_page_get_scrl_width	16	static
lv_page.h:332:24:lv_page_get_scrl_fit_left	16	static
lv_page.h:342:24:lv_page_get_scrl_fit_right	16	static
lv_page.h:352:24:lv_page_get_scrl_fit_top	16	static
lv_page.c:80:12:lv_page_create	40	static
lv_page.c:170:6:lv_page_clean	32	static
lv_page.c:187:6:lv_page_set_scrollbar_mode	32	static
lv_page.c:215:6:lv_page_set_anim_time	32	static
lv_page.c:236:6:lv_page_set_scroll_propagation	32	static
lv_page.c:252:6:lv_page_set_edge_flash	32	static
lv_page.c:274:12:lv_page_get_scrollable	32	static
lv_page.c:288:10:lv_page_get_anim_time	32	static
lv_page.c:306:21:lv_page_get_scrollbar_mode	32	static
lv_page.c:319:6:lv_page_get_scroll_propagation	32	static
lv_page.c:332:6:lv_page_get_edge_flash	32	static
lv_page.c:350:12:lv_page_get_width_fit	40	static
lv_page.c:368:12:lv_page_get_height_fit	40	static
lv_page.c:393:12:lv_page_get_width_grid	24	static
lv_page.c:416:12:lv_page_get_height_grid	24	static
lv_page.c:437:6:lv_page_on_edge	48	static
lv_page.c:464:6:lv_page_glue_obj	16	static
lv_page.c:476:6:lv_page_focus	136	static
lv_page.c:576:6:lv_page_scroll_hor	96	static
lv_page.c:598:6:lv_page_scroll_ver	96	static
lv_page.c:621:6:lv_page_start_edge_flash	88	static
lv_page.c:680:24:lv_page_design	144	static
lv_page.c:755:17:lv_page_signal	88	static
lv_page.c:907:17:lv_page_scrollable_signal	96	static
lv_page.c:1061:13:scrl_def_event_cb	24	static
lv_page.c:1081:26:lv_page_get_style	32	static
lv_page.c:1110:13:scrl_reposition	64	static
lv_page.c:1180:13:scrlbar_refresh	80	static
lv_page.c:1301:13:refr_ext_draw_pad	24	static
lv_page.c:1312:13:edge_flash_anim	32	static
lv_page.c:1322:13:edge_flash_anim_end	32	static
lv_page.c:1336:13:get_edge_flash_area	40	static
