lv_mem.h:214:44:_lv_memcpy_small	32	static
lv_area.h:100:20:lv_area_copy	16	static
lv_area.h:110:26:lv_area_get_width	16	static
lv_area.h:120:26:lv_area_get_height	16	static
lv_obj_style_dec.h:110:1:lv_obj_get_style_pad_top	16	static
lv_obj_style_dec.h:111:1:lv_obj_get_style_pad_bottom	16	static
lv_obj_style_dec.h:112:1:lv_obj_get_style_pad_left	16	static
lv_obj_style_dec.h:113:1:lv_obj_get_style_pad_right	16	static
lv_slider.h:84:20:lv_slider_set_value	16	static
lv_slider.h:95:20:lv_slider_set_left_value	16	static
lv_slider.h:153:23:lv_slider_get_left_value	16	static
lv_slider.h:200:32:lv_slider_get_type	24	static
lv_slider.c:61:12:lv_slider_create	48	static
lv_slider.c:128:9:lv_slider_get_value	24	static
lv_slider.c:139:6:lv_slider_is_dragged	32	static
lv_slider.c:161:24:lv_slider_design	56	static
lv_slider.c:247:17:lv_slider_signal	112	static
lv_slider.c:474:26:lv_slider_get_style	32	static
lv_slider.c:498:13:lv_slider_position_knob	32	static
lv_slider.c:526:13:lv_slider_draw_knob	112	static
