lv_mem.h:214:44:_lv_memcpy_small	32	static
lv_area.h:100:20:lv_area_copy	16	static
lv_area.h:110:26:lv_area_get_width	16	static
lv_area.h:120:26:lv_area_get_height	16	static
lv_font.h:118:26:lv_font_get_line_height	16	static
lv_anim.h:129:20:lv_anim_set_var	16	static
lv_anim.h:141:20:lv_anim_set_exec_cb	16	static
lv_anim.h:151:20:lv_anim_set_time	16	static
lv_anim.h:172:20:lv_anim_set_values	16	static
lv_anim.h:200:20:lv_anim_set_path	16	static
lv_anim.h:221:20:lv_anim_set_ready_cb	16	static
lv_anim.h:231:20:lv_anim_set_playback_time	16	static
lv_anim.h:251:20:lv_anim_set_repeat_count	16	static
lv_anim.h:276:20:lv_anim_path_init	16	static
lv_anim.h:286:20:lv_anim_path_set_cb	16	static
lv_obj_style_dec.h:110:1:lv_obj_get_style_pad_top	16	static
lv_obj_style_dec.h:111:1:lv_obj_get_style_pad_bottom	16	static
lv_obj_style_dec.h:112:1:lv_obj_get_style_pad_left	16	static
lv_obj_style_dec.h:113:1:lv_obj_get_style_pad_right	16	static
lv_obj_style_dec.h:126:1:lv_obj_get_style_border_width	16	static
lv_obj_style_dec.h:161:1:lv_obj_get_style_text_line_space	16	static
lv_obj_style_dec.h:168:1:lv_obj_get_style_text_font	16	static
lv_cont.h:158:20:lv_cont_set_fit2	24	static
lv_page.h:186:20:lv_page_set_scrollable_fit2	16	static
lv_textarea.h:227:20:lv_textarea_set_scrollbar_mode	16	static
lv_textarea.h:248:20:lv_textarea_set_edge_flash	16	static
lv_textarea.h:373:20:lv_textarea_get_edge_flash	16	static
lv_textarea.c:88:12:lv_textarea_create	120	static
lv_textarea.c:229:6:lv_textarea_add_char	136	static
lv_textarea.c:326:6:lv_textarea_add_text	120	static
lv_textarea.c:407:6:lv_textarea_del_char	56	static
lv_textarea.c:462:6:lv_textarea_del_char_forward	32	static
lv_textarea.c:480:6:lv_textarea_set_text	120	static
lv_textarea.c:560:6:lv_textarea_set_placeholder_text	32	static
lv_textarea.c:603:6:lv_textarea_set_cursor_pos	152	static
lv_textarea.c:682:6:lv_textarea_set_cursor_hidden	32	static
lv_textarea.c:698:6:lv_textarea_set_cursor_click_pos	32	static
lv_textarea.c:711:6:lv_textarea_set_pwd_mode	40	static
lv_textarea.c:749:6:lv_textarea_set_one_line	48	static
lv_textarea.c:792:6:lv_textarea_set_text_align	32	static
lv_textarea.c:825:6:lv_textarea_set_accepted_chars	32	static
lv_textarea.c:839:6:lv_textarea_set_max_length	32	static
lv_textarea.c:856:6:lv_textarea_set_insert_replace	24	static
lv_textarea.c:869:6:lv_textarea_set_text_sel	24	static
lv_textarea.c:890:6:lv_textarea_set_pwd_show_time	32	static
lv_textarea.c:907:6:lv_textarea_set_cursor_blink_time	104	static
lv_textarea.c:953:14:lv_textarea_get_text	32	static
lv_textarea.c:975:14:lv_textarea_get_placeholder_text	32	static
lv_textarea.c:989:12:lv_textarea_get_label	32	static
lv_textarea.c:1002:10:lv_textarea_get_cursor_pos	32	static
lv_textarea.c:1015:6:lv_textarea_get_cursor_hidden	32	static
lv_textarea.c:1028:6:lv_textarea_get_cursor_click_pos	32	static
lv_textarea.c:1041:6:lv_textarea_get_pwd_mode	32	static
lv_textarea.c:1054:6:lv_textarea_get_one_line	32	static
lv_textarea.c:1067:14:lv_textarea_get_accepted_chars	32	static
lv_textarea.c:1081:10:lv_textarea_get_max_length	32	static
lv_textarea.c:1094:6:lv_textarea_text_is_selected	24	static
lv_textarea.c:1119:6:lv_textarea_get_text_sel_en	24	static
lv_textarea.c:1137:10:lv_textarea_get_pwd_show_time	32	static
lv_textarea.c:1151:10:lv_textarea_get_cursor_blink_time	32	static
lv_textarea.c:1167:6:lv_textarea_clear_selection	24	static
lv_textarea.c:1188:6:lv_textarea_cursor_right	32	static
lv_textarea.c:1201:6:lv_textarea_cursor_left	32	static
lv_textarea.c:1216:6:lv_textarea_cursor_down	56	static
lv_textarea.c:1249:6:lv_textarea_cursor_up	56	static
lv_textarea.c:1287:24:lv_textarea_design	24	static
lv_textarea.c:1314:24:lv_textarea_scrollable_design	192	static
lv_textarea.c:1400:17:lv_textarea_signal	64	static
lv_textarea.c:1512:17:lv_textarea_scrollable_signal	56	static
lv_textarea.c:1562:26:lv_textarea_get_style	32	static
lv_textarea.c:1601:13:cursor_blink_anim	32	static
lv_textarea.c:1625:13:pwd_char_hider_anim	16	static
lv_textarea.c:1635:13:pwd_char_hider_anim_ready	24	static
lv_textarea.c:1646:13:pwd_char_hider	64	static
lv_textarea.c:1683:13:char_is_accepted	40	static
lv_textarea.c:1712:13:refr_cursor_area	80	static
lv_textarea.c:1795:13:update_cursor_position_on_click	56	static
lv_textarea.c:1910:17:insert_handler	16	static
