lv_area.h:110:26:lv_area_get_width	16	static
lv_area.h:120:26:lv_area_get_height	16	static
lv_obj_style_dec.h:112:1:lv_obj_get_style_pad_left	16	static
lv_obj_style_dec.h:113:1:lv_obj_get_style_pad_right	16	static
lv_obj_style_dec.h:114:1:lv_obj_get_style_pad_inner	16	static
lv_page.h:227:20:lv_page_set_scrl_layout	16	static
lv_page.h:322:27:lv_page_get_scrl_layout	16	static
lv_win.c:73:12:lv_win_create	48	static
lv_win.c:172:6:lv_win_clean	32	static
lv_win.c:192:12:lv_win_add_btn_right	32	static
lv_win.c:213:12:lv_win_add_btn_left	32	static
lv_win.c:237:6:lv_win_close_event_cb	32	static
lv_win.c:253:6:lv_win_set_title	32	static
lv_win.c:273:6:lv_win_set_header_height	32	static
lv_win.c:288:6:lv_win_set_btn_width	32	static
lv_win.c:304:6:lv_win_set_content_size	32	static
lv_win.c:319:6:lv_win_set_layout	32	static
lv_win.c:332:6:lv_win_set_scrollbar_mode	32	static
lv_win.c:344:6:lv_win_set_anim_time	24	static
lv_win.c:356:6:lv_win_set_drag	32	static
lv_win.c:375:14:lv_win_get_title	32	static
lv_win.c:388:12:lv_win_get_content	32	static
lv_win.c:401:12:lv_win_get_header_height	32	static
lv_win.c:414:12:lv_win_get_btn_width	32	static
lv_win.c:429:12:lv_win_get_from_btn	32	static
lv_win.c:444:13:lv_win_get_layout	32	static
lv_win.c:457:21:lv_win_get_sb_mode	32	static
lv_win.c:470:10:lv_win_get_anim_time	24	static
lv_win.c:482:12:lv_win_get_width	40	static
lv_win.c:504:6:lv_win_focus	40	static
lv_win.c:527:24:lv_win_header_design	120	static
lv_win.c:590:17:lv_win_signal	64	static
lv_win.c:663:26:lv_win_get_style	32	static
lv_win.c:693:13:lv_win_realign	72	static
lv_win.c:758:19:lv_win_btn_create	40	static
lv_win.c:794:13:lv_win_btn_set_alignment	24	static
lv_win.c:801:16:lv_win_btn_get_alignment	24	static
