lv_obj_style_dec.h:102:1:lv_style_set_radius	16	static
lv_obj_style_dec.h:110:1:lv_style_set_pad_top	16	static
lv_obj_style_dec.h:111:1:lv_style_set_pad_bottom	16	static
lv_obj_style_dec.h:112:1:lv_style_set_pad_left	16	static
lv_obj_style_dec.h:113:1:lv_style_set_pad_right	16	static
lv_obj_style_dec.h:123:1:lv_style_set_bg_color	16	static
lv_obj_style_dec.h:125:1:lv_style_set_bg_opa	16	static
lv_obj_style_dec.h:126:1:lv_style_set_border_width	16	static
lv_obj_style_dec.h:130:1:lv_style_set_border_color	16	static
lv_obj_style_dec.h:160:1:lv_style_set_text_letter_space	16	static
lv_obj_style_dec.h:161:1:lv_style_set_text_line_space	16	static
lv_obj_style_dec.h:162:1:lv_style_set_text_decor	16	static
lv_obj_style_dec.h:164:1:lv_style_set_text_color	16	static
lv_disp.h:159:26:lv_scr_act	8	static
lv_ex_style_7.c:6:6:lv_ex_style_7	32	static
