lv_color.h:650:26:lv_color_make	16	static
lv_color.h:655:26:lv_color_hex	16	static
lv_anim.h:129:20:lv_anim_set_var	16	static
lv_anim.h:141:20:lv_anim_set_exec_cb	16	static
lv_anim.h:151:20:lv_anim_set_time	16	static
lv_anim.h:172:20:lv_anim_set_values	16	static
lv_anim.h:231:20:lv_anim_set_playback_time	16	static
lv_anim.h:251:20:lv_anim_set_repeat_count	16	static
lv_obj_style_dec.h:102:1:lv_style_set_radius	16	static
lv_obj_style_dec.h:119:1:lv_style_set_bg_blend_mode	16	static
lv_obj_style_dec.h:123:1:lv_obj_set_style_local_bg_color	16	static
lv_obj_style_dec.h:123:1:lv_style_set_bg_color	16	static
lv_obj_style_dec.h:125:1:lv_obj_set_style_local_bg_opa	16	static
lv_obj_style_dec.h:125:1:lv_style_set_bg_opa	16	static
lv_obj_style_dec.h:126:1:lv_style_set_border_width	16	static
lv_obj_style_dec.h:127:1:lv_style_set_border_side	16	static
lv_obj_style_dec.h:128:1:lv_style_set_border_blend_mode	16	static
lv_obj_style_dec.h:130:1:lv_obj_set_style_local_border_color	16	static
lv_obj_style_dec.h:131:1:lv_style_set_border_opa	16	static
lv_obj_style_dec.h:137:1:lv_style_set_shadow_width	16	static
lv_obj_style_dec.h:138:1:lv_style_set_shadow_ofs_x	16	static
lv_obj_style_dec.h:139:1:lv_style_set_shadow_ofs_y	16	static
lv_obj_style_dec.h:140:1:lv_style_set_shadow_spread	16	static
lv_obj_style_dec.h:141:1:lv_style_set_shadow_blend_mode	16	static
lv_obj_style_dec.h:142:1:lv_obj_set_style_local_shadow_color	16	static
lv_obj_style_dec.h:143:1:lv_style_set_shadow_opa	16	static
lv_obj_style_dec.h:163:1:lv_style_set_text_blend_mode	16	static
lv_obj_style_dec.h:164:1:lv_obj_set_style_local_text_color	16	static
lv_obj_style_dec.h:164:1:lv_style_set_text_color	16	static
lv_obj_style_dec.h:167:1:lv_style_set_text_opa	16	static
lv_obj_style_dec.h:168:1:lv_style_set_text_font	24	static
lv_obj_style_dec.h:169:1:lv_style_set_line_width	16	static
lv_obj_style_dec.h:170:1:lv_style_set_line_blend_mode	16	static
lv_obj_style_dec.h:174:1:lv_obj_set_style_local_line_color	16	static
lv_obj_style_dec.h:175:1:lv_style_set_line_opa	16	static
lv_obj_style_dec.h:176:1:lv_style_set_image_blend_mode	16	static
lv_obj_style_dec.h:177:1:lv_obj_set_style_local_image_recolor	16	static
lv_obj_style_dec.h:178:1:lv_style_set_image_opa	16	static
lv_obj_style_dec.h:179:1:lv_style_set_image_recolor_opa	16	static
lv_disp.h:159:26:lv_scr_act	8	static
lv_page.h:227:20:lv_page_set_scrl_layout	16	static
lv_demo_benchmark.c:90:13:rectangle_cb	8	static
lv_demo_benchmark.c:97:13:rectangle_rounded_cb	8	static
lv_demo_benchmark.c:105:13:rectangle_circle_cb	8	static
lv_demo_benchmark.c:113:13:border_cb	8	static
lv_demo_benchmark.c:121:13:border_rounded_cb	8	static
lv_demo_benchmark.c:131:13:border_circle_cb	8	static
lv_demo_benchmark.c:140:13:border_top_cb	8	static
lv_demo_benchmark.c:151:13:border_left_cb	8	static
lv_demo_benchmark.c:161:13:border_top_left_cb	8	static
lv_demo_benchmark.c:171:13:border_left_right_cb	8	static
lv_demo_benchmark.c:181:13:border_top_bottom_cb	8	static
lv_demo_benchmark.c:192:13:shadow_small_cb	8	static
lv_demo_benchmark.c:203:13:shadow_small_ofs_cb	8	static
lv_demo_benchmark.c:217:13:shadow_large_cb	8	static
lv_demo_benchmark.c:227:13:shadow_large_ofs_cb	8	static
lv_demo_benchmark.c:241:13:img_rgb_cb	16	static
lv_demo_benchmark.c:248:13:img_argb_cb	16	static
lv_demo_benchmark.c:256:13:img_ckey_cb	16	static
lv_demo_benchmark.c:264:13:img_index_cb	16	static
lv_demo_benchmark.c:272:13:img_alpha_cb	16	static
lv_demo_benchmark.c:280:13:img_rgb_recolor_cb	16	static
lv_demo_benchmark.c:289:13:img_argb_recolor_cb	16	static
lv_demo_benchmark.c:297:13:img_ckey_recolor_cb	16	static
lv_demo_benchmark.c:305:13:img_index_recolor_cb	16	static
lv_demo_benchmark.c:314:13:img_rgb_rot_cb	16	static
lv_demo_benchmark.c:321:13:img_rgb_rot_aa_cb	16	static
lv_demo_benchmark.c:328:13:img_argb_rot_cb	16	static
lv_demo_benchmark.c:335:13:img_argb_rot_aa_cb	16	static
lv_demo_benchmark.c:342:13:img_rgb_zoom_cb	16	static
lv_demo_benchmark.c:350:13:img_rgb_zoom_aa_cb	16	static
lv_demo_benchmark.c:359:13:img_argb_zoom_cb	16	static
lv_demo_benchmark.c:367:13:img_argb_zoom_aa_cb	16	static
lv_demo_benchmark.c:374:13:txt_small_cb	8	static
lv_demo_benchmark.c:383:13:txt_medium_cb	8	static
lv_demo_benchmark.c:392:13:txt_large_cb	8	static
lv_demo_benchmark.c:401:13:txt_small_compr_cb	8	static
lv_demo_benchmark.c:410:13:txt_medium_compr_cb	8	static
lv_demo_benchmark.c:419:13:txt_large_compr_cb	8	static
lv_demo_benchmark.c:429:13:line_cb	8	static
lv_demo_benchmark.c:438:13:arc_think_cb	8	static
lv_demo_benchmark.c:447:13:arc_thick_cb	8	static
lv_demo_benchmark.c:457:13:sub_rectangle_cb	8	static
lv_demo_benchmark.c:466:13:sub_border_cb	8	static
lv_demo_benchmark.c:477:13:sub_shadow_cb	8	static
lv_demo_benchmark.c:490:13:sub_img_cb	16	static
lv_demo_benchmark.c:498:13:sub_line_cb	8	static
lv_demo_benchmark.c:508:13:sub_arc_cb	8	static
lv_demo_benchmark.c:518:13:sub_text_cb	8	static
lv_demo_benchmark.c:628:6:lv_demo_benchmark	32	static
lv_demo_benchmark.c:658:13:monitor_cb	24	static
lv_demo_benchmark.c:671:13:scene_next_task_cb	368	static
lv_demo_benchmark.c:865:13:rect_create	32	static
lv_demo_benchmark.c:883:13:img_create	40	static
lv_demo_benchmark.c:902:13:txt_create	24	static
lv_demo_benchmark.c:918:13:line_create	40	static
lv_demo_benchmark.c:947:13:arc_create	104	static
lv_demo_benchmark.c:977:13:fall_anim	96	static
lv_demo_benchmark.c:996:13:rnd_reset	4	static
lv_demo_benchmark.c:1001:16:rnd_next	32	static
