lv_anim.h:129:20:lv_anim_set_var	16	static
lv_anim.h:141:20:lv_anim_set_exec_cb	16	static
lv_anim.h:151:20:lv_anim_set_time	16	static
lv_anim.h:172:20:lv_anim_set_values	16	static
lv_obj_style_dec.h:123:1:lv_style_set_bg_color	16	static
lv_obj_style_dec.h:125:1:lv_obj_set_style_local_bg_opa	16	static
lv_disp.h:159:26:lv_scr_act	8	static
lv_ex_msgbox_2.c:17:6:lv_ex_msgbox_2	32	static
lv_ex_msgbox_2.c:41:13:mbox_event_cb	16	static
lv_ex_msgbox_2.c:54:13:btn_event_cb	104	static
lv_ex_msgbox_2.c:89:13:opa_anim	16	static
