lv_fs.c:57:6:_lv_fs_init	8	static
lv_fs.c:68:6:lv_fs_is_ready	24	static
lv_fs.c:86:13:lv_fs_open	48	static
lv_fs.c:138:13:lv_fs_close	24	static
lv_fs.c:163:13:lv_fs_remove	32	static
lv_fs.c:191:13:lv_fs_read	48	static
lv_fs.c:212:13:lv_fs_write	48	static
lv_fs.c:237:13:lv_fs_seek	24	static
lv_fs.c:258:13:lv_fs_tell	24	static
lv_fs.c:281:13:lv_fs_trunc	24	static
lv_fs.c:301:13:lv_fs_size	24	static
lv_fs.c:322:13:lv_fs_rename	40	static
lv_fs.c:356:13:lv_fs_dir_open	40	static
lv_fs.c:394:13:lv_fs_dir_read	24	static
lv_fs.c:415:13:lv_fs_dir_close	24	static
lv_fs.c:445:13:lv_fs_free_space	40	static
lv_fs.c:476:6:lv_fs_drv_init	16	static
lv_fs.c:486:6:lv_fs_drv_register	32	static
lv_fs.c:502:15:lv_fs_get_drv	24	static
lv_fs.c:519:8:lv_fs_get_letters	24	static
lv_fs.c:539:14:lv_fs_get_ext	24	static
lv_fs.c:559:8:lv_fs_up	24	static
lv_fs.c:590:14:lv_fs_get_last	24	static
lv_fs.c:624:21:lv_fs_get_real_path	16	static
