lv_font.h:118:26:lv_font_get_line_height	16	static
lv_obj_style_dec.h:102:1:lv_style_set_radius	16	static
lv_obj_style_dec.h:103:1:lv_style_set_clip_corner	16	static
lv_obj_style_dec.h:104:1:lv_style_set_size	16	static
lv_obj_style_dec.h:110:1:lv_style_set_pad_top	16	static
lv_obj_style_dec.h:111:1:lv_style_set_pad_bottom	16	static
lv_obj_style_dec.h:112:1:lv_style_set_pad_left	16	static
lv_obj_style_dec.h:113:1:lv_style_set_pad_right	16	static
lv_obj_style_dec.h:114:1:lv_style_set_pad_inner	16	static
lv_obj_style_dec.h:123:1:lv_style_set_bg_color	16	static
lv_obj_style_dec.h:125:1:lv_style_set_bg_opa	16	static
lv_obj_style_dec.h:126:1:lv_style_set_border_width	16	static
lv_obj_style_dec.h:127:1:lv_style_set_border_side	16	static
lv_obj_style_dec.h:129:1:lv_style_set_border_post	16	static
lv_obj_style_dec.h:130:1:lv_style_set_border_color	16	static
lv_obj_style_dec.h:154:1:lv_style_set_value_ofs_y	16	static
lv_obj_style_dec.h:155:1:lv_style_set_value_align	16	static
lv_obj_style_dec.h:156:1:lv_style_set_value_color	16	static
lv_obj_style_dec.h:158:1:lv_style_set_value_font	24	static
lv_obj_style_dec.h:159:1:lv_style_set_value_str	24	static
lv_obj_style_dec.h:161:1:lv_style_set_text_line_space	16	static
lv_obj_style_dec.h:162:1:lv_style_set_text_decor	16	static
lv_obj_style_dec.h:164:1:lv_style_set_text_color	16	static
lv_obj_style_dec.h:165:1:lv_style_set_text_sel_color	16	static
lv_obj_style_dec.h:166:1:lv_style_set_text_sel_bg_color	16	static
lv_obj_style_dec.h:169:1:lv_style_set_line_width	16	static
lv_obj_style_dec.h:174:1:lv_style_set_line_color	16	static
lv_obj_style_dec.h:177:1:lv_style_set_image_recolor	16	static
lv_obj_style_dec.h:197:1:lv_style_set_scale_end_line_width	16	static
lv_obj_style_dec.h:198:1:lv_style_set_scale_grad_color	16	static
lv_obj_style_dec.h:199:1:lv_style_set_scale_end_color	16	static
lv_theme_mono.c:112:13:basic_init	224	static
lv_theme_mono.c:218:13:arc_init	24	static
lv_theme_mono.c:231:13:bar_init	4	static
lv_theme_mono.c:238:13:btn_init	4	static
lv_theme_mono.c:246:13:btnmatrix_init	4	static
lv_theme_mono.c:254:13:calendar_init	48	static
lv_theme_mono.c:275:13:chart_init	8	static
lv_theme_mono.c:287:13:cpicker_init	4	static
lv_theme_mono.c:294:13:checkbox_init	4	static
lv_theme_mono.c:302:13:cont_init	4	static
lv_theme_mono.c:310:13:gauge_init	56	static
lv_theme_mono.c:331:13:img_init	4	static
lv_theme_mono.c:338:13:label_init	4	static
lv_theme_mono.c:346:13:linemeter_init	8	static
lv_theme_mono.c:355:13:line_init	4	static
lv_theme_mono.c:362:13:led_init	4	static
lv_theme_mono.c:369:13:page_init	4	static
lv_theme_mono.c:376:13:slider_init	4	static
lv_theme_mono.c:383:13:switch_init	16	static
lv_theme_mono.c:397:13:spinbox_init	4	static
lv_theme_mono.c:405:13:spinner_init	4	static
lv_theme_mono.c:412:13:keyboard_init	4	static
lv_theme_mono.c:419:13:msgbox_init	4	static
lv_theme_mono.c:426:13:textarea_init	16	static
lv_theme_mono.c:438:13:list_init	8	static
lv_theme_mono.c:450:13:ddlist_init	4	static
lv_theme_mono.c:457:13:roller_init	4	static
lv_theme_mono.c:464:13:tabview_init	16	static
lv_theme_mono.c:475:13:tileview_init	4	static
lv_theme_mono.c:481:13:table_init	4	static
lv_theme_mono.c:488:13:win_init	4	static
lv_theme_mono.c:511:14:lv_theme_mono_init	24	static
lv_theme_mono.c:571:13:theme_apply	32	static
lv_theme_mono.c:1032:13:style_init_reset	16	static
