lv_color.h:650:26:lv_color_make	16	static
lv_color.h:660:26:lv_color_hex3	16	static
lv_obj_style_dec.h:102:1:lv_style_set_radius	16	static
lv_obj_style_dec.h:110:1:lv_style_set_pad_top	16	static
lv_obj_style_dec.h:111:1:lv_style_set_pad_bottom	16	static
lv_obj_style_dec.h:112:1:lv_style_set_pad_left	16	static
lv_obj_style_dec.h:113:1:lv_style_set_pad_right	16	static
lv_obj_style_dec.h:114:1:lv_style_set_pad_inner	16	static
lv_obj_style_dec.h:123:1:lv_style_set_bg_color	16	static
lv_obj_style_dec.h:125:1:lv_style_set_bg_opa	16	static
lv_obj_style_dec.h:126:1:lv_style_set_border_width	16	static
lv_obj_style_dec.h:130:1:lv_style_set_border_color	16	static
lv_obj_style_dec.h:164:1:lv_style_set_text_color	16	static
lv_obj_style_dec.h:169:1:lv_style_set_line_width	16	static
lv_obj_style_dec.h:174:1:lv_style_set_line_color	16	static
lv_obj_style_dec.h:177:1:lv_style_set_image_recolor	16	static
lv_obj_style_dec.h:197:1:lv_style_set_scale_end_line_width	16	static
lv_obj_style_dec.h:199:1:lv_style_set_scale_end_color	16	static
lv_theme_template.c:61:13:basic_init	16	static
lv_theme_template.c:113:13:arc_init	4	static
lv_theme_template.c:120:13:bar_init	4	static
lv_theme_template.c:127:13:btn_init	4	static
lv_theme_template.c:135:13:btnmatrix_init	4	static
lv_theme_template.c:143:13:calendar_init	4	static
lv_theme_template.c:150:13:chart_init	4	static
lv_theme_template.c:158:13:cpicker_init	4	static
lv_theme_template.c:165:13:checkbox_init	4	static
lv_theme_template.c:173:13:cont_init	4	static
lv_theme_template.c:181:13:gauge_init	4	static
lv_theme_template.c:188:13:img_init	4	static
lv_theme_template.c:195:13:label_init	4	static
lv_theme_template.c:203:13:linemeter_init	4	static
lv_theme_template.c:210:13:line_init	4	static
lv_theme_template.c:217:13:led_init	4	static
lv_theme_template.c:224:13:page_init	4	static
lv_theme_template.c:231:13:slider_init	4	static
lv_theme_template.c:238:13:switch_init	4	static
lv_theme_template.c:246:13:spinbox_init	4	static
lv_theme_template.c:254:13:spinner_init	4	static
lv_theme_template.c:261:13:keyboard_init	4	static
lv_theme_template.c:268:13:msgbox_init	4	static
lv_theme_template.c:275:13:textarea_init	4	static
lv_theme_template.c:282:13:list_init	4	static
lv_theme_template.c:289:13:ddlist_init	4	static
lv_theme_template.c:296:13:roller_init	4	static
lv_theme_template.c:303:13:tabview_init	4	static
lv_theme_template.c:310:13:tileview_init	4	static
lv_theme_template.c:316:13:table_init	4	static
lv_theme_template.c:323:13:win_init	4	static
lv_theme_template.c:346:14:lv_theme_template_init	24	static
lv_theme_template.c:411:6:theme_apply	32	static
lv_theme_template.c:862:13:style_init_reset	16	static
