lv_arc.c:1033:13:get_center	40	static
lv_arc.c:633:24:lv_arc_design	264	static
lv_arc.c:909:13:inv_arc_area	88	static
lv_arc.c:158:6:lv_arc_set_start_angle	16	static
lv_arc.c:193:6:lv_arc_set_end_angle	16	static
lv_arc.c:1090:13:value_update	32	static
lv_arc.c:228:6:lv_arc_set_angles	24	static
lv_arc.c:250:6:lv_arc_set_bg_start_angle	16	static
lv_arc.c:285:6:lv_arc_set_bg_end_angle	16	static
lv_arc.c:321:6:lv_arc_set_bg_angles	24	static
lv_arc.c:345:6:lv_arc_set_rotation	16	static
lv_arc.c:396:6:lv_arc_set_value	16	static
lv_arc.c:59:12:lv_arc_create	32	static
lv_arc.c:362:6:lv_arc_set_type	16	static
lv_arc.c:419:6:lv_arc_set_range	16	static
lv_arc.c:445:6:lv_arc_set_chg_rate	16	static
lv_arc.c:458:6:lv_arc_set_adjustable	16	static
lv_arc.c:481:10:lv_arc_get_angle_start	8	static
lv_arc.c:495:10:lv_arc_get_angle_end	8	static
lv_arc.c:509:10:lv_arc_get_bg_angle_start	8	static
lv_arc.c:523:10:lv_arc_get_bg_angle_end	8	static
lv_arc.c:538:9:lv_arc_get_value	8	static
lv_arc.c:707:17:lv_arc_signal	56	static
lv_arc.c:551:9:lv_arc_get_min_value	8	static
lv_arc.c:564:9:lv_arc_get_max_value	8	static
lv_arc.c:577:6:lv_arc_is_dragged	8	static
lv_arc.c:590:15:lv_arc_get_type	8	static
lv_arc.c:603:6:lv_arc_get_adjustable	8	static
