lv_btnmatrix.c:1222:17:get_button_from_point	72	static
lv_btnmatrix.c:1272:13:invalidate_button_area	32	static
lv_btnmatrix.c:138:6:lv_btnmatrix_set_map	128	static
lv_btnmatrix.c:273:6:lv_btnmatrix_set_ctrl_map	16	static
lv_btnmatrix.c:72:12:lv_btnmatrix_create	24	static
lv_btnmatrix.c:288:6:lv_btnmatrix_set_focused_btn	16	static
lv_btnmatrix.c:308:6:lv_btnmatrix_set_recolor	16	static
lv_btnmatrix.c:346:6:lv_btnmatrix_clear_btn_ctrl	16	static
lv_btnmatrix.c:380:6:lv_btnmatrix_clear_btn_ctrl_all	24	static
lv_btnmatrix.c:323:6:lv_btnmatrix_set_btn_ctrl	24	static
lv_btnmatrix.c:363:6:lv_btnmatrix_set_btn_ctrl_all	24	static
lv_btnmatrix.c:400:6:lv_btnmatrix_set_btn_width	16	static
lv_btnmatrix.c:436:6:lv_btnmatrix_set_align	16	static
lv_btnmatrix.c:457:15:lv_btnmatrix_get_map_array	8	static
lv_btnmatrix.c:470:6:lv_btnmatrix_get_recolor	8	static
lv_btnmatrix.c:485:10:lv_btnmatrix_get_active_btn	8	static
lv_btnmatrix.c:518:10:lv_btnmatrix_get_focused_btn	8	static
lv_btnmatrix.c:533:14:lv_btnmatrix_get_btn_text	32	static
lv_btnmatrix.c:499:14:lv_btnmatrix_get_active_btn_text	8	static
lv_btnmatrix.c:564:6:lv_btnmatrix_get_btn_ctrl	16	static
lv_btnmatrix.c:1298:13:make_one_button_toggled	16	static
lv_btnmatrix.c:842:17:lv_btnmatrix_signal	40	static
lv_btnmatrix.c:420:6:lv_btnmatrix_set_one_check	16	static
lv_btnmatrix.c:580:6:lv_btnmatrix_get_one_check	8	static
lv_btnmatrix.c:594:18:lv_btnmatrix_get_align	8	static
lv_btnmatrix.c:629:24:lv_btnmatrix_design.part.4	608	static
lv_btnmatrix.c:629:24:lv_btnmatrix_design	8	static
