lv_color.h:462:48:lv_color_mix	20	static
lv_canvas.c:1199:13:set_px_alpha_generic	32	static
lv_canvas.c:1185:13:set_px_cb_alpha8	32	static
lv_canvas.c:1171:13:set_px_cb_alpha4	32	static
lv_canvas.c:1157:13:set_px_cb_alpha2	32	static
lv_canvas.c:1143:13:set_px_cb_alpha1	32	static
lv_canvas.c:1214:13:set_px_true_color_alpha	56	static
lv_canvas.c:1120:13:set_set_px_cb.isra.0	0	static
lv_canvas.c:1104:17:lv_canvas_signal	16	static
lv_area.h:100:20:lv_area_copy	0	static
lv_canvas.c:73:12:lv_canvas_create	24	static
lv_canvas.c:139:6:lv_canvas_set_buffer	24	static
lv_canvas.c:161:6:lv_canvas_set_px	24	static
lv_canvas.c:181:6:lv_canvas_set_palette	16	static
lv_canvas.c:202:12:lv_canvas_get_px	24	static
lv_canvas.c:217:16:lv_canvas_get_img	8	static
lv_canvas.c:240:6:lv_canvas_copy_buf	32	static
lv_canvas.c:277:6:lv_canvas_transform	168	static
lv_canvas.c:387:6:lv_canvas_blur_hor	136	static
lv_canvas.c:523:6:lv_canvas_blur_ver	136	static
lv_canvas.c:662:6:lv_canvas_fill_bg	40	static
lv_canvas.c:700:6:lv_canvas_draw_rect	472	static
lv_canvas.c:771:6:lv_canvas_draw_text	488	static
lv_canvas.c:847:6:lv_canvas_draw_img	480	static
lv_canvas.c:912:6:lv_canvas_draw_line	464	static
lv_canvas.c:975:6:lv_canvas_draw_polygon	464	static
lv_canvas.c:1039:6:lv_canvas_draw_arc	488	static
