lv_chart.c:1391:34:create_axis_label_iter	20	static
lv_chart.c:1422:13:get_next_axis_label	16	static
lv_chart.c:937:17:lv_chart_signal	24	static
lv_chart.c:1494:13:draw_y_ticks	448	static
lv_chart.c:83:12:lv_chart_create	48	static
lv_chart.c:176:21:lv_chart_add_series	16	static
lv_chart.c:210:22:lv_chart_add_cursor	16	static
lv_chart.c:232:6:lv_chart_clear_series	16	static
lv_chart.c:259:6:lv_chart_set_div_line_count	16	static
lv_chart.c:450:6:lv_chart_set_update_mode	16	static
lv_chart.c:469:6:lv_chart_set_x_tick_length	16	static
lv_chart.c:486:6:lv_chart_set_y_tick_length	16	static
lv_chart.c:503:6:lv_chart_set_secondary_y_tick_length	16	static
lv_chart.c:520:6:lv_chart_set_x_tick_texts	24	static
lv_chart.c:540:6:lv_chart_set_y_tick_texts	24	static
lv_chart.c:560:6:lv_chart_set_secondary_y_tick_texts	24	static
lv_chart.c:578:6:lv_chart_set_x_start_point	16	static
lv_chart.c:598:6:lv_chart_set_ext_array	24	static
lv_chart.c:618:6:lv_chart_set_point_id	24	static
lv_chart.c:678:17:lv_chart_get_type	8	static
lv_chart.c:691:10:lv_chart_get_point_count	8	static
lv_chart.c:704:10:lv_chart_get_x_start_point	8	static
lv_chart.c:718:12:lv_chart_get_point_id	16	static
lv_chart.c:735:17:lv_chart_get_series_axis	8	static
lv_chart.c:750:12:lv_chart_get_cursor_point	16	static
lv_chart.c:865:6:lv_chart_get_series_area	16	static
lv_chart.c:903:24:lv_chart_design.part.4	672	static
lv_chart.c:903:24:lv_chart_design	0	static
lv_chart.c:764:10:lv_chart_get_nearest_index_from_coord	32	static
lv_chart.c:788:12:lv_chart_get_x_from_index	40	static
lv_chart.c:837:12:lv_chart_get_y_from_index	32	static
lv_chart.c:882:6:lv_chart_refresh	8	static
lv_chart.c:279:6:lv_chart_set_y_range	24	static
lv_chart.c:302:6:lv_chart_set_type	16	static
lv_chart.c:319:6:lv_chart_set_point_count	56	static
lv_chart.c:386:6:lv_chart_init_points	24	static
lv_chart.c:406:6:lv_chart_set_points	16	static
lv_chart.c:423:6:lv_chart_set_next	64	static
lv_chart.c:636:6:lv_chart_set_series_axis	16	static
lv_chart.c:659:6:lv_chart_set_cursor_point	16	static
