lv_calendar.c:1044:16:get_month_length	0	static
lv_calendar.c:1077:16:get_day_of_week.constprop	8	static
lv_calendar.c:666:19:get_day_names_height	16	static
lv_calendar.c:650:19:get_header_height	24	static
lv_calendar.c:390:24:lv_calendar_design	328	static
lv_calendar.c:420:17:lv_calendar_signal	72	static
lv_calendar.c:83:12:lv_calendar_create	24	static
lv_calendar.c:187:6:lv_calendar_set_today_date	16	static
lv_calendar.c:206:6:lv_calendar_set_showed_date	16	static
lv_calendar.c:226:6:lv_calendar_set_highlighted_dates	16	static
lv_calendar.c:245:6:lv_calendar_set_day_names	16	static
lv_calendar.c:262:6:lv_calendar_set_month_names	16	static
lv_calendar.c:281:22:lv_calendar_get_today_date	8	static
lv_calendar.c:294:22:lv_calendar_get_showed_date	8	static
lv_calendar.c:308:22:lv_calendar_get_pressed_date	8	static
lv_calendar.c:321:22:lv_calendar_get_highlighted_dates	8	static
lv_calendar.c:334:10:lv_calendar_get_highlighted_dates_num	8	static
lv_calendar.c:347:15:lv_calendar_get_day_names	8	static
lv_calendar.c:360:15:lv_calendar_get_month_names	8	static
