lv_dropdown.c:1335:19:get_label	8	static
lv_dropdown.c:1185:13:draw_box_label	96	static
lv_dropdown.c:1292:17:get_id_on_point	16	static
lv_dropdown.c:1276:13:page_press_handler	32	static
lv_dropdown.c:1147:13:draw_box	136	static
lv_dropdown.c:822:24:lv_dropdown_page_design	24	static
lv_dropdown.c:1314:13:position_to_selected	32	static
lv_dropdown.c:166:6:lv_dropdown_set_text	16	static
lv_dropdown.c:181:6:lv_dropdown_clear_options	16	static
lv_dropdown.c:203:6:lv_dropdown_set_options	24	static
lv_dropdown.c:252:6:lv_dropdown_set_options_static	16	static
lv_dropdown.c:284:6:lv_dropdown_add_option	40	static
lv_dropdown.c:350:6:lv_dropdown_set_selected	16	static
lv_dropdown.c:370:6:lv_dropdown_set_dir	16	static
lv_dropdown.c:387:6:lv_dropdown_set_max_height	24	static
lv_dropdown.c:412:6:lv_dropdown_set_symbol	16	static
lv_dropdown.c:426:6:lv_dropdown_set_show_selected	16	static
lv_dropdown.c:447:14:lv_dropdown_get_text	8	static
lv_dropdown.c:460:14:lv_dropdown_get_options	8	static
lv_dropdown.c:85:12:lv_dropdown_create	32	static
lv_dropdown.c:473:10:lv_dropdown_get_selected	8	static
lv_dropdown.c:487:10:lv_dropdown_get_option_cnt	8	static
lv_dropdown.c:502:6:lv_dropdown_get_selected_str	24	static
lv_dropdown.c:724:24:lv_dropdown_design	112	static
lv_dropdown.c:533:12:lv_dropdown_get_max_height	8	static
lv_dropdown.c:546:14:lv_dropdown_get_symbol	8	static
lv_dropdown.c:560:19:lv_dropdown_get_dir	8	static
lv_dropdown.c:574:6:lv_dropdown_get_show_selected	8	static
lv_dropdown.c:592:6:lv_dropdown_open	40	static
lv_dropdown.c:700:6:lv_dropdown_close	8	static
lv_dropdown.c:889:17:lv_dropdown_signal	32	static
lv_dropdown.c:1236:17:page_release_handler	32	static
lv_dropdown.c:1075:17:lv_dropdown_page_scrl_signal	24	static
lv_dropdown.c:1031:17:lv_dropdown_page_signal	24	static
