lv_gauge.c:450:17:lv_gauge_signal	24	static
lv_gauge.c:414:24:lv_gauge_design	232	static
lv_gauge.c:145:6:lv_gauge_set_needle_count	24	static
lv_gauge.c:180:6:lv_gauge_set_value	80	static
lv_gauge.c:261:6:lv_gauge_set_scale	24	static
lv_gauge.c:65:12:lv_gauge_create	24	static
lv_gauge.c:281:6:lv_gauge_set_needle_img	24	static
lv_gauge.c:299:6:lv_gauge_set_formatter_cb	16	static
lv_gauge.c:318:9:lv_gauge_get_value	16	static
lv_gauge.c:335:9:lv_gauge_get_needle_count	8	static
lv_gauge.c:348:9:lv_gauge_get_label_count	8	static
lv_gauge.c:362:14:lv_gauge_get_needle_img	8	static
lv_gauge.c:376:12:lv_gauge_get_needle_img_pivot_x	8	static
lv_gauge.c:390:12:lv_gauge_get_needle_img_pivot_y	8	static
