lv_keyboard.c:474:13:lv_keyboard_update_map	16	static
lv_keyboard.c:440:17:lv_keyboard_signal	24	static
lv_keyboard.c:117:12:lv_keyboard_create	40	static
lv_keyboard.c:189:6:lv_keyboard_set_textarea	16	static
lv_keyboard.c:335:6:lv_keyboard_def_event_cb	24	static
lv_keyboard.c:216:6:lv_keyboard_set_mode	16	static
lv_keyboard.c:233:6:lv_keyboard_set_cursor_manage	16	static
lv_keyboard.c:260:6:lv_keyboard_set_map	0	static
lv_keyboard.c:275:6:lv_keyboard_set_ctrl_map	0	static
lv_keyboard.c:290:12:lv_keyboard_get_textarea	8	static
lv_keyboard.c:303:20:lv_keyboard_get_mode	8	static
lv_keyboard.c:316:6:lv_keyboard_get_cursor_manage	8	static
