lv_label.c:1489:13:lv_label_dot_tmp_free	8	static
lv_label.c:1400:13:lv_label_revert_dots	24	static
lv_label.c:1444:13:lv_label_set_dot_tmp	24	static
lv_label.c:1429:13:lv_label_set_offset_y	16	static
lv_label.c:1422:13:lv_label_set_offset_x	16	static
lv_label.c:1499:13:get_txt_coords	24	static
lv_label.c:345:6:lv_label_set_align	16	static
lv_label.c:400:6:lv_label_set_text_sel_start	8	static
lv_label.c:414:6:lv_label_set_text_sel_end	0	static
lv_label.c:437:8:lv_label_get_text	8	static
lv_label.c:451:22:lv_label_get_long_mode	8	static
lv_label.c:464:18:lv_label_get_align	8	static
lv_label.c:492:6:lv_label_get_recolor	8	static
lv_label.c:505:10:lv_label_get_anim_speed	8	static
lv_label.c:525:6:lv_label_get_letter_pos	88	static
lv_label.c:647:10:lv_label_get_letter_on	88	static
lv_label.c:778:10:lv_label_get_text_sel_start	8	static
lv_label.c:797:10:lv_label_get_text_sel_end	8	static
lv_label.c:1240:24:lv_label_design	200	static
lv_label.c:816:6:lv_label_is_char_under_pos	88	static
lv_label.c:902:19:lv_label_get_style	0	static
lv_label.c:995:6:lv_label_refr_text	152	static
lv_label.c:1347:17:lv_label_signal	24	static
lv_label.c:180:6:lv_label_set_text	24	static
lv_label.c:926:6:lv_label_ins_text	32	static
lv_label.c:250:6:lv_label_set_text_fmt	28	static
lv_label.c:285:6:lv_label_set_text_static	24	static
lv_label.c:310:6:lv_label_set_long_mode	16	static
lv_label.c:363:6:lv_label_set_recolor	16	static
lv_label.c:76:12:lv_label_create	24	static
lv_label.c:381:6:lv_label_set_anim_speed	16	static
lv_label.c:972:6:lv_label_cut_text	16	static
