lv_list.c:884:13:lv_list_is_list_btn	48	static
lv_cont.h:158:20:lv_cont_set_fit2.constprop	16	static
lv_list.c:130:6:lv_list_clean	8	static
lv_list.c:282:6:lv_list_focus_btn	16	static
lv_list.c:372:12:lv_list_get_btn_label	56	static
lv_list.c:358:14:lv_list_get_btn_text	8	static
lv_list.c:392:12:lv_list_get_btn_img	56	static
lv_list.c:417:12:lv_list_get_prev_btn	16	static
lv_list.c:444:12:lv_list_get_next_btn	16	static
lv_list.c:648:17:lv_list_signal	24	static
lv_list.c:249:6:lv_list_remove	24	static
lv_list.c:471:9:lv_list_get_btn_index	16	static
lv_list.c:498:10:lv_list_get_size	16	static
lv_list.c:517:12:lv_list_get_btn_selected	8	static
lv_list.c:795:17:lv_list_btn_signal	24	static
lv_list.c:531:13:lv_list_get_layout	8	static
lv_list.c:148:12:lv_list_add_btn	48	static
lv_list.c:69:12:lv_list_create	24	static
lv_list.c:314:6:lv_list_set_layout	32	static
lv_list.c:546:6:lv_list_up	96	static
lv_list.c:587:6:lv_list_down	88	static
lv_list.c:624:6:lv_list_focus	16	static
