lv_msgbox.c:608:13:lv_msgbox_close_ready_cb	0	static
lv_msgbox.c:624:13:lv_msgbox_btnm_event_cb	16	static
lv_msgbox.c:576:13:mbox_realign	40	static
lv_msgbox.c:443:17:lv_msgbox_signal	40	static
lv_msgbox.c:69:12:lv_msgbox_create	32	static
lv_msgbox.c:148:6:lv_msgbox_add_btns	16	static
lv_msgbox.c:190:6:lv_msgbox_set_text	16	static
lv_msgbox.c:206:6:lv_msgbox_set_text_fmt	28	static
lv_msgbox.c:238:6:lv_msgbox_set_anim_time	8	static
lv_msgbox.c:303:6:lv_msgbox_stop_auto_close	8	static
lv_msgbox.c:319:6:lv_msgbox_set_recolor	16	static
lv_msgbox.c:337:14:lv_msgbox_get_text	8	static
lv_msgbox.c:352:10:lv_msgbox_get_active_btn	8	static
lv_msgbox.c:373:14:lv_msgbox_get_active_btn_text	8	static
lv_msgbox.c:389:10:lv_msgbox_get_anim_time	8	static
lv_msgbox.c:257:6:lv_msgbox_start_auto_close	104	static
lv_msgbox.c:614:13:lv_msgbox_default_event_cb	8	static
lv_msgbox.c:407:6:lv_msgbox_get_recolor	8	static
lv_msgbox.c:424:12:lv_msgbox_get_btnmatrix	8	static
