lv_obj_style_dec.h:168:1:lv_obj_get_style_text_font	0	static
lv_roller.c:1030:19:get_label	8	static
lv_roller.c:522:24:lv_roller_label_design	48	static
lv_roller.c:1002:13:inf_normalize	32	static
lv_roller.c:1038:13:scroll_anim_ready_cb	0	static
lv_roller.c:837:13:refr_position	112	static
lv_roller.c:985:13:refr_height	16	static
lv_roller.c:226:6:lv_roller_set_selected	16	static
lv_roller.c:884:17:release_handler	48	static
lv_roller.c:266:6:lv_roller_set_visible_row_count	16	static
lv_roller.c:300:10:lv_roller_get_selected	8	static
lv_roller.c:321:6:lv_roller_get_selected_str	24	static
lv_roller.c:353:10:lv_roller_get_option_cnt	8	static
lv_roller.c:371:18:lv_roller_get_align	8	static
lv_roller.c:417:24:lv_roller_design	160	static
lv_roller.c:383:6:lv_roller_get_auto_fit	8	static
lv_roller.c:941:13:refr_width	64	static
lv_roller.c:713:17:lv_roller_scrl_signal	40	static
lv_roller.c:575:17:lv_roller_signal	24	static
lv_roller.c:155:6:lv_roller_set_options	48	static
lv_roller.c:71:12:lv_roller_create	32	static
lv_roller.c:209:6:lv_roller_set_align	16	static
lv_roller.c:283:6:lv_roller_set_auto_fit	16	static
lv_roller.c:395:14:lv_roller_get_options	8	static
