lv_spinbox.c:526:13:lv_spinbox_updatevalue	120	static
lv_spinbox.c:128:6:lv_spinbox_set_rollover	16	static
lv_spinbox.c:142:6:lv_spinbox_set_value	16	static
lv_spinbox.c:164:6:lv_spinbox_set_digit_format	32	static
lv_spinbox.c:193:6:lv_spinbox_set_step	16	static
lv_spinbox.c:211:6:lv_spinbox_set_range	24	static
lv_spinbox.c:53:12:lv_spinbox_create	24	static
lv_spinbox.c:238:6:lv_spinbox_set_padding_left	16	static
lv_spinbox.c:255:6:lv_spinbox_get_rollover	8	static
lv_spinbox.c:269:9:lv_spinbox_get_value	8	static
lv_spinbox.c:286:6:lv_spinbox_step_next	8	static
lv_spinbox.c:305:6:lv_spinbox_step_prev	8	static
lv_spinbox.c:322:6:lv_spinbox_increment	16	static
lv_spinbox.c:349:6:lv_spinbox_decrement	16	static
lv_spinbox.c:382:17:lv_spinbox_signal	24	static
