lv_textarea.c:1625:13:pwd_char_hider_anim	0	static
lv_page.h:186:20:lv_page_set_scrollable_fit2	24	static
lv_textarea.c:1287:24:lv_textarea_design	8	static
lv_anim.h:200:20:lv_anim_set_path	0	static
lv_area.h:100:20:lv_area_copy	0	static
lv_textarea.c:1601:13:cursor_blink_anim	24	static
lv_textarea.c:1646:13:pwd_char_hider	48	static
lv_textarea.c:1635:13:pwd_char_hider_anim_ready	0	static
lv_textarea.c:1314:24:lv_textarea_scrollable_design	168	static
lv_textarea.c:560:6:lv_textarea_set_placeholder_text	24	static
lv_textarea.c:698:6:lv_textarea_set_cursor_click_pos	16	static
lv_textarea.c:825:6:lv_textarea_set_accepted_chars	16	static
lv_textarea.c:839:6:lv_textarea_set_max_length	16	static
lv_textarea.c:856:6:lv_textarea_set_insert_replace	16	static
lv_textarea.c:869:6:lv_textarea_set_text_sel	8	static
lv_textarea.c:890:6:lv_textarea_set_pwd_show_time	16	static
lv_textarea.c:907:6:lv_textarea_set_cursor_blink_time	96	static
lv_textarea.c:953:14:lv_textarea_get_text	8	static
lv_textarea.c:975:14:lv_textarea_get_placeholder_text	8	static
lv_textarea.c:989:12:lv_textarea_get_label	8	static
lv_textarea.c:1002:10:lv_textarea_get_cursor_pos	8	static
lv_textarea.c:1712:13:refr_cursor_area	80	static
lv_textarea.c:603:6:lv_textarea_set_cursor_pos	128	static
lv_textarea.c:1795:13:update_cursor_position_on_click	48	static
lv_textarea.c:1512:17:lv_textarea_scrollable_signal	32	static
lv_textarea.c:682:6:lv_textarea_set_cursor_hidden	16	static
lv_textarea.c:792:6:lv_textarea_set_text_align	24	static
lv_textarea.c:749:6:lv_textarea_set_one_line	32	static
lv_textarea.c:88:12:lv_textarea_create	104	static
lv_textarea.c:1015:6:lv_textarea_get_cursor_hidden	8	static
lv_textarea.c:1028:6:lv_textarea_get_cursor_click_pos	8	static
lv_textarea.c:1041:6:lv_textarea_get_pwd_mode	8	static
lv_textarea.c:1054:6:lv_textarea_get_one_line	8	static
lv_textarea.c:1067:14:lv_textarea_get_accepted_chars	8	static
lv_textarea.c:1081:10:lv_textarea_get_max_length	8	static
lv_textarea.c:1094:6:lv_textarea_text_is_selected	8	static
lv_textarea.c:1119:6:lv_textarea_get_text_sel_en	0	static
lv_textarea.c:1137:10:lv_textarea_get_pwd_show_time	8	static
lv_textarea.c:1151:10:lv_textarea_get_cursor_blink_time	8	static
lv_textarea.c:1167:6:lv_textarea_clear_selection	8	static
lv_textarea.c:326:6:lv_textarea_add_text	112	static
lv_textarea.c:1910:17:insert_handler	24	static
lv_textarea.c:229:6:lv_textarea_add_char	128	static
lv_textarea.c:407:6:lv_textarea_del_char	32	static
lv_textarea.c:462:6:lv_textarea_del_char_forward	16	static
lv_textarea.c:480:6:lv_textarea_set_text	112	static
lv_textarea.c:711:6:lv_textarea_set_pwd_mode	16	static
lv_textarea.c:1188:6:lv_textarea_cursor_right	8	static
lv_textarea.c:1201:6:lv_textarea_cursor_left	8	static
lv_textarea.c:1216:6:lv_textarea_cursor_down	32	static
lv_textarea.c:1249:6:lv_textarea_cursor_up	24	static
lv_textarea.c:1400:17:lv_textarea_signal	32	static
