lv_win.c:693:13:lv_win_realign	72	static
lv_win.c:590:17:lv_win_signal	24	static
lv_win.c:527:24:lv_win_header_design	104	static
lv_win.c:758:19:lv_win_btn_create	24	static
lv_win.c:73:12:lv_win_create	24	static
lv_win.c:172:6:lv_win_clean	8	static
lv_win.c:192:12:lv_win_add_btn_right	16	static
lv_win.c:213:12:lv_win_add_btn_left	16	static
lv_win.c:253:6:lv_win_set_title	16	static
lv_win.c:273:6:lv_win_set_header_height	16	static
lv_win.c:288:6:lv_win_set_btn_width	16	static
lv_win.c:304:6:lv_win_set_content_size	16	static
lv_win.c:319:6:lv_win_set_layout	16	static
lv_win.c:332:6:lv_win_set_scrollbar_mode	16	static
lv_win.c:356:6:lv_win_set_drag	16	static
lv_win.c:375:14:lv_win_get_title	8	static
lv_win.c:388:12:lv_win_get_content	8	static
lv_win.c:344:6:lv_win_set_anim_time	16	static
lv_win.c:401:12:lv_win_get_header_height	8	static
lv_win.c:414:12:lv_win_get_btn_width	8	static
lv_win.c:429:12:lv_win_get_from_btn	8	static
lv_win.c:237:6:lv_win_close_event_cb	16	static
lv_win.c:444:13:lv_win_get_layout	8	static
lv_win.c:457:21:lv_win_get_sb_mode	8	static
lv_win.c:470:10:lv_win_get_anim_time	8	static
lv_win.c:482:12:lv_win_get_width	16	static
lv_win.c:504:6:lv_win_focus	16	static
