nt35510.c:10:10:LCD_read	8	static
nt35510.c:23:6:LCD_WR_REG	0	static
nt35510.c:39:6:LCD_WR_DATA	0	static
nt35510.c:55:10:LCD_RD_DATA	0	static
nt35510.c:67:6:LCD_WriteReg	0	static
nt35510.c:86:6:LCD_ReadReg	16	static
nt35510.c:106:6:LCD_WriteRAM_Prepare	0	static
nt35510.c:117:6:LCD_ReadRAM_Prepare	0	static
nt35510.c:128:6:Lcd_WriteData_16Bit	0	static
nt35510.c:138:10:Color_To_565	0	static
nt35510.c:149:10:Lcd_ReadData_16Bit	8	static
nt35510.c:241:6:LCD_MPU_Config	24	static
nt35510.c:304:6:LCD_GPIOInit	72	static
nt35510.c:359:6:LCD_FSMC_Write_Time_Set	8	static
nt35510.c:373:6:LCD_RESET	8	static
nt35510.c:871:6:LCD_SetWindows	16	static
nt35510.c:218:6:LCD_Clear	16	static
nt35510.c:892:6:LCD_SetCursor	0	static
nt35510.c:180:6:LCD_DrawPoint	8	static
nt35510.c:199:10:LCD_ReadPoint	8	static
nt35510.c:906:6:LCD_direction	0	static
nt35510.c:387:6:LCD_Init	168	static
nt35510.c:943:10:LCD_Read_ID	24	static
