lv_anim.h:276:20:lv_anim_path_init	16	static
lv_anim.h:286:20:lv_anim_path_set_cb	16	static
lv_obj_style_dec.h:105:1:lv_style_set_transform_width	16	static
lv_obj_style_dec.h:106:1:lv_style_set_transform_height	16	static
lv_obj_style_dec.h:125:1:lv_style_set_bg_opa	16	static
lv_obj_style_dec.h:126:1:lv_style_set_border_width	16	static
lv_obj_style_dec.h:132:1:lv_style_set_outline_width	16	static
lv_obj_style_dec.h:136:1:lv_style_set_outline_opa	16	static
lv_obj_style_dec.h:150:1:lv_style_set_value_letter_space	16	static
lv_obj_style_dec.h:159:1:lv_obj_set_style_local_value_str	24	static
lv_obj_style_dec.h:180:1:lv_style_set_transition_time	16	static
lv_obj_style_dec.h:181:1:lv_style_set_transition_delay	16	static
lv_obj_style_dec.h:182:1:lv_style_set_transition_prop_1	16	static
lv_obj_style_dec.h:183:1:lv_style_set_transition_prop_2	16	static
lv_obj_style_dec.h:184:1:lv_style_set_transition_prop_3	16	static
lv_obj_style_dec.h:189:1:lv_style_set_transition_path	24	static
lv_disp.h:159:26:lv_scr_act	8	static
lv_ex_btn_2.c:8:6:lv_ex_btn_2	32	static
