lv_draw_mask.c:1225:46:mask_mix	0	static
lv_draw_mask.c:1189:49:lv_draw_mask_map	24	static
lv_draw_mask.c:431:49:lv_draw_mask_line	32	static
lv_draw_mask.c:751:49:lv_draw_mask_angle	40	static
lv_draw_mask.c:1143:49:lv_draw_mask_fade	24	static
lv_mem.h:214:44:_lv_memcpy_small.constprop	8	static
lv_draw_mask.c:891:49:lv_draw_mask_radius	80	static
lv_draw_mask.c:74:9:lv_draw_mask_add	16	static
lv_draw_mask.c:104:42:lv_draw_mask_apply	48	static
lv_draw_mask.c:131:8:lv_draw_mask_remove_id	0	static
lv_draw_mask.c:150:8:lv_draw_mask_remove_custom	16	static
lv_draw_mask.c:168:31:lv_draw_mask_get_cnt	0	static
lv_draw_mask.c:189:6:lv_draw_mask_line_points_init	24	static
lv_draw_mask.c:278:6:lv_draw_mask_line_angle_init	32	static
lv_draw_mask.c:306:6:lv_draw_mask_angle_init	32	static
lv_draw_mask.c:371:6:lv_draw_mask_radius_init	24	static
lv_draw_mask.c:398:6:lv_draw_mask_fade_init	16	static
lv_draw_mask.c:418:6:lv_draw_mask_map_init	16	static
