lv_img_decoder.c:519:6:lv_img_decoder_built_in_close	16	static
lv_img_decoder.c:265:10:lv_img_decoder_built_in_info	32	static
lv_img_decoder.c:482:10:lv_img_decoder_built_in_read_line	80	static
lv_img_decoder.c:319:10:lv_img_decoder_built_in_open	32	static
lv_img_decoder.c:89:10:lv_img_decoder_get_info	24	static
lv_img_decoder.c:121:10:lv_img_decoder_open	32	static
lv_img_decoder.c:168:10:lv_img_decoder_read_line	24	static
lv_img_decoder.c:180:6:lv_img_decoder_close	8	static
lv_img_decoder.c:196:20:lv_img_decoder_create	8	static
lv_img_decoder.c:62:6:_lv_img_decoder_init	8	static
lv_img_decoder.c:212:6:lv_img_decoder_delete	8	static
lv_img_decoder.c:223:6:lv_img_decoder_set_info_cb	0	static
lv_img_decoder.c:233:6:lv_img_decoder_set_open_cb	0	static
lv_img_decoder.c:243:6:lv_img_decoder_set_read_line_cb	0	static
lv_img_decoder.c:253:6:lv_img_decoder_set_close_cb	0	static
