stm32h7xx_hal_sram.c:262:13:HAL_SRAM_MspInit	0	static
stm32h7xx_hal_sram.c:173:19:HAL_SRAM_Init	16	static
stm32h7xx_hal_sram.c:278:13:HAL_SRAM_MspDeInit	0	static
stm32h7xx_hal_sram.c:229:19:HAL_SRAM_DeInit	8	static
stm32h7xx_hal_sram.c:294:13:HAL_SRAM_DMA_XferCpltCallback	0	static
stm32h7xx_hal_sram.c:1060:13:SRAM_DMACpltProt	8	static
stm32h7xx_hal_sram.c:1038:13:SRAM_DMACplt	8	static
stm32h7xx_hal_sram.c:310:13:HAL_SRAM_DMA_XferErrorCallback	0	static
stm32h7xx_hal_sram.c:1082:13:SRAM_DMAError	8	static
stm32h7xx_hal_sram.c:347:19:HAL_SRAM_Read_8b	16	static
stm32h7xx_hal_sram.c:394:19:HAL_SRAM_Write_8b	12	static
stm32h7xx_hal_sram.c:440:19:HAL_SRAM_Read_16b	16	static
stm32h7xx_hal_sram.c:499:19:HAL_SRAM_Write_16b	16	static
stm32h7xx_hal_sram.c:557:19:HAL_SRAM_Read_32b	16	static
stm32h7xx_hal_sram.c:604:19:HAL_SRAM_Write_32b	12	static
stm32h7xx_hal_sram.c:650:19:HAL_SRAM_Read_DMA	24	static
stm32h7xx_hal_sram.c:698:19:HAL_SRAM_Write_DMA	24	static
stm32h7xx_hal_sram.c:930:19:HAL_SRAM_WriteOperation_Enable	16	static
stm32h7xx_hal_sram.c:964:19:HAL_SRAM_WriteOperation_Disable	8	static
stm32h7xx_hal_sram.c:1017:23:HAL_SRAM_GetState	0	static
