lv_anim.h:129:20:lv_anim_set_var	16	static
lv_anim.h:141:20:lv_anim_set_exec_cb	16	static
lv_anim.h:151:20:lv_anim_set_time	16	static
lv_anim.h:161:20:lv_anim_set_delay	16	static
lv_anim.h:172:20:lv_anim_set_values	16	static
lv_anim.h:221:20:lv_anim_set_ready_cb	16	static
lv_anim.h:231:20:lv_anim_set_playback_time	16	static
lv_anim.h:251:20:lv_anim_set_repeat_count	16	static
lv_obj_style_dec.h:123:1:lv_style_set_bg_color	16	static
lv_obj_style_dec.h:125:1:lv_style_set_bg_opa	16	static
lv_obj_style_dec.h:144:1:lv_obj_set_style_local_pattern_repeat	16	static
lv_obj_style_dec.h:147:1:lv_obj_set_style_local_pattern_opa	16	static
lv_obj_style_dec.h:149:1:lv_obj_set_style_local_pattern_image	24	static
lv_obj_style_dec.h:159:1:lv_obj_set_style_local_value_str	24	static
lv_obj_style_dec.h:180:1:lv_style_set_transition_time	16	static
lv_obj_style_dec.h:182:1:lv_style_set_transition_prop_1	16	static
lv_disp.h:159:26:lv_scr_act	8	static
lv_cont.h:169:20:lv_cont_set_fit	24	static
lv_btn.h:144:20:lv_btn_set_fit	16	static
lv_page.h:227:20:lv_page_set_scrl_layout	16	static
lv_roller.h:125:20:lv_roller_set_anim_time	16	static
lv_tileview.h:115:20:lv_tileview_set_anim_time	16	static
lv_api_map.h:196:26:lv_win_add_btn	16	static
lv_demo_stress.c:43:6:lv_demo_stress	40	static
lv_demo_stress.c:62:13:obj_test_task_cb	160	static
lv_demo_stress.c:466:13:auto_del	88	static
