Archive member included to satisfy reference by file (symbol)

c:/custom program files/stm32cubeide_1.5.0/stm32cubeide/plugins/com.st.stm32cube.ide.mcu.externaltools.gnu-tools-for-stm32.7-2018-q2-update.win32_1.5.0.202011040924/tools/bin/../lib/gcc/arm-none-eabi/7.3.1/../../../../arm-none-eabi/lib/thumb/v7e-m/fpv5/hard\libc_nano.a(lib_a-errno.o)
                              Core/Src/syscalls.o (__errno)
c:/custom program files/stm32cubeide_1.5.0/stm32cubeide/plugins/com.st.stm32cube.ide.mcu.externaltools.gnu-tools-for-stm32.7-2018-q2-update.win32_1.5.0.202011040924/tools/bin/../lib/gcc/arm-none-eabi/7.3.1/../../../../arm-none-eabi/lib/thumb/v7e-m/fpv5/hard\libc_nano.a(lib_a-exit.o)
                              c:/custom program files/stm32cubeide_1.5.0/stm32cubeide/plugins/com.st.stm32cube.ide.mcu.externaltools.gnu-tools-for-stm32.7-2018-q2-update.win32_1.5.0.202011040924/tools/bin/../lib/gcc/arm-none-eabi/7.3.1/../../../../arm-none-eabi/lib/thumb/v7e-m/fpv5/hard/crt0.o (exit)
c:/custom program files/stm32cubeide_1.5.0/stm32cubeide/plugins/com.st.stm32cube.ide.mcu.externaltools.gnu-tools-for-stm32.7-2018-q2-update.win32_1.5.0.202011040924/tools/bin/../lib/gcc/arm-none-eabi/7.3.1/../../../../arm-none-eabi/lib/thumb/v7e-m/fpv5/hard\libc_nano.a(lib_a-impure.o)
                              c:/custom program files/stm32cubeide_1.5.0/stm32cubeide/plugins/com.st.stm32cube.ide.mcu.externaltools.gnu-tools-for-stm32.7-2018-q2-update.win32_1.5.0.202011040924/tools/bin/../lib/gcc/arm-none-eabi/7.3.1/../../../../arm-none-eabi/lib/thumb/v7e-m/fpv5/hard\libc_nano.a(lib_a-exit.o) (_global_impure_ptr)
c:/custom program files/stm32cubeide_1.5.0/stm32cubeide/plugins/com.st.stm32cube.ide.mcu.externaltools.gnu-tools-for-stm32.7-2018-q2-update.win32_1.5.0.202011040924/tools/bin/../lib/gcc/arm-none-eabi/7.3.1/../../../../arm-none-eabi/lib/thumb/v7e-m/fpv5/hard\libc_nano.a(lib_a-init.o)
                              c:/custom program files/stm32cubeide_1.5.0/stm32cubeide/plugins/com.st.stm32cube.ide.mcu.externaltools.gnu-tools-for-stm32.7-2018-q2-update.win32_1.5.0.202011040924/tools/bin/../lib/gcc/arm-none-eabi/7.3.1/../../../../arm-none-eabi/lib/thumb/v7e-m/fpv5/hard/crt0.o (__libc_init_array)
c:/custom program files/stm32cubeide_1.5.0/stm32cubeide/plugins/com.st.stm32cube.ide.mcu.externaltools.gnu-tools-for-stm32.7-2018-q2-update.win32_1.5.0.202011040924/tools/bin/../lib/gcc/arm-none-eabi/7.3.1/../../../../arm-none-eabi/lib/thumb/v7e-m/fpv5/hard\libc_nano.a(lib_a-memcmp.o)
                              Drivers/GUI/lvgl/src/lv_core/lv_obj.o (memcmp)
c:/custom program files/stm32cubeide_1.5.0/stm32cubeide/plugins/com.st.stm32cube.ide.mcu.externaltools.gnu-tools-for-stm32.7-2018-q2-update.win32_1.5.0.202011040924/tools/bin/../lib/gcc/arm-none-eabi/7.3.1/../../../../arm-none-eabi/lib/thumb/v7e-m/fpv5/hard\libc_nano.a(lib_a-memcpy-stub.o)
                              Drivers/GUI/lv_examples/src/lv_demo_printer/lv_demo_printer.o (memcpy)
c:/custom program files/stm32cubeide_1.5.0/stm32cubeide/plugins/com.st.stm32cube.ide.mcu.externaltools.gnu-tools-for-stm32.7-2018-q2-update.win32_1.5.0.202011040924/tools/bin/../lib/gcc/arm-none-eabi/7.3.1/../../../../arm-none-eabi/lib/thumb/v7e-m/fpv5/hard\libc_nano.a(lib_a-memset.o)
                              c:/custom program files/stm32cubeide_1.5.0/stm32cubeide/plugins/com.st.stm32cube.ide.mcu.externaltools.gnu-tools-for-stm32.7-2018-q2-update.win32_1.5.0.202011040924/tools/bin/../lib/gcc/arm-none-eabi/7.3.1/../../../../arm-none-eabi/lib/thumb/v7e-m/fpv5/hard/crt0.o (memset)
c:/custom program files/stm32cubeide_1.5.0/stm32cubeide/plugins/com.st.stm32cube.ide.mcu.externaltools.gnu-tools-for-stm32.7-2018-q2-update.win32_1.5.0.202011040924/tools/bin/../lib/gcc/arm-none-eabi/7.3.1/../../../../arm-none-eabi/lib/thumb/v7e-m/fpv5/hard\libc_nano.a(lib_a-printf.o)
                              Drivers/GUI/lv_examples/src/lv_ex_widgets/lv_ex_btnmatrix/lv_ex_btnmatrix_1.o (printf)
c:/custom program files/stm32cubeide_1.5.0/stm32cubeide/plugins/com.st.stm32cube.ide.mcu.externaltools.gnu-tools-for-stm32.7-2018-q2-update.win32_1.5.0.202011040924/tools/bin/../lib/gcc/arm-none-eabi/7.3.1/../../../../arm-none-eabi/lib/thumb/v7e-m/fpv5/hard\libc_nano.a(lib_a-puts.o)
                              Drivers/GUI/lv_examples/src/lv_ex_widgets/lv_ex_btn/lv_ex_btn_1.o (puts)
c:/custom program files/stm32cubeide_1.5.0/stm32cubeide/plugins/com.st.stm32cube.ide.mcu.externaltools.gnu-tools-for-stm32.7-2018-q2-update.win32_1.5.0.202011040924/tools/bin/../lib/gcc/arm-none-eabi/7.3.1/../../../../arm-none-eabi/lib/thumb/v7e-m/fpv5/hard\libc_nano.a(lib_a-snprintf.o)
                              Drivers/GUI/lv_examples/src/lv_ex_widgets/lv_ex_slider/lv_ex_slider_2.o (snprintf)
[...]
Memory Configuration

Name             Origin             Length             Attributes
DTCMRAM          0x0000000020000000 0x0000000000020000 xrw
ITCMRAM          0x0000000000000000 0x0000000000010000 xrw
RAM_D1           0x0000000024000000 0x0000000000080000 xrw
RAM_D2           0x0000000030000000 0x0000000000048000 xrw
RAM_D3           0x0000000038000000 0x0000000000010000 xrw
FLASH            0x0000000008000000 0x0000000000020000 xr
*default*        0x0000000000000000 0xffffffffffffffff

Linker script and memory map

LOAD c:/custom program files/stm32cubeide_1.5.0/stm32cubeide/plugins/com.st.stm32cube.ide.mcu.externaltools.gnu-tools-for-stm32.7-2018-q2-update.win32_1.5.0.202011040924/tools/bin/../lib/gcc/arm-none-eabi/7.3.1/thumb/v7e-m/fpv5/hard/crti.o
LOAD c:/custom program files/stm32cubeide_1.5.0/stm32cubeide/plugins/com.st.stm32cube.ide.mcu.externaltools.gnu-tools-for-stm32.7-2018-q2-update.win32_1.5.0.202011040924/tools/bin/../lib/gcc/arm-none-eabi/7.3.1/thumb/v7e-m/fpv5/hard/crtbegin.o
LOAD c:/custom program files/stm32cubeide_1.5.0/stm32cubeide/plugins/com.st.stm32cube.ide.mcu.externaltools.gnu-tools-for-stm32.7-2018-q2-update.win32_1.5.0.202011040924/tools/bin/../lib/gcc/arm-none-eabi/7.3.1/../../../../arm-none-eabi/lib/thumb/v7e-m/fpv5/hard/crt0.o
LOAD Core/Src/fmc.o
LOAD Core/Src/gpio.o
LOAD Core/Src/main.o
LOAD Core/Src/spi.o
LOAD Core/Src/stm32h7xx_hal_msp.o
LOAD Core/Src/stm32h7xx_it.o
LOAD Core/Src/syscalls.o
LOAD Core/Src/sysmem.o
LOAD Core/Src/system_stm32h7xx.o
LOAD Core/Startup/startup_stm32h750vbtx.o
LOAD Drivers/GUI/lv_examples/assets/img_cogwheel_alpha16.o
LOAD Drivers/GUI/lv_examples/assets/img_cogwheel_argb.o
LOAD Drivers/GUI/lv_examples/assets/img_cogwheel_chroma_keyed.o
LOAD Drivers/GUI/lv_examples/assets/img_cogwheel_indexed16.o
LOAD Drivers/GUI/lv_examples/assets/img_cogwheel_rgb.o
LOAD Drivers/GUI/lv_examples/assets/img_hand.o
LOAD Drivers/GUI/lv_examples/assets/lv_font_montserrat_12_compr_az.o
LOAD Drivers/GUI/lv_examples/assets/lv_font_montserrat_16_compr_az.o
LOAD Drivers/GUI/lv_examples/assets/lv_font_montserrat_28_compr_az.o
LOAD Drivers/GUI/lv_examples/src/lv_demo_benchmark/lv_demo_benchmark.o
LOAD Drivers/GUI/lv_examples/src/lv_demo_keypad_encoder/lv_demo_keypad_encoder.o
LOAD Drivers/GUI/lv_examples/src/lv_demo_music/assets/img_lv_demo_music_btn_list_pause.o
LOAD Drivers/GUI/lv_examples/src/lv_demo_music/assets/img_lv_demo_music_btn_list_play.o
LOAD Drivers/GUI/lv_examples/src/lv_demo_music/assets/img_lv_demo_music_btn_loop.o
LOAD Drivers/GUI/lv_examples/src/lv_demo_music/assets/img_lv_demo_music_btn_next.o
LOAD Drivers/GUI/lv_examples/src/lv_demo_music/assets/img_lv_demo_music_btn_pause.o
LOAD Drivers/GUI/lv_examples/src/lv_demo_music/assets/img_lv_demo_music_btn_play.o
LOAD Drivers/GUI/lv_examples/src/lv_demo_music/assets/img_lv_demo_music_btn_prev.o
LOAD Drivers/GUI/lv_examples/src/lv_demo_music/assets/img_lv_demo_music_btn_rnd.o
LOAD Drivers/GUI/lv_examples/src/lv_demo_music/assets/img_lv_demo_music_corner_left.o
LOAD Drivers/GUI/lv_examples/src/lv_demo_music/assets/img_lv_demo_music_corner_right.o
LOAD Drivers/GUI/lv_examples/src/lv_demo_music/assets/img_lv_demo_music_cover_1.o
LOAD Drivers/GUI/lv_examples/src/lv_demo_music/assets/img_lv_demo_music_cover_2.o
LOAD Drivers/GUI/lv_examples/src/lv_demo_music/assets/img_lv_demo_music_cover_3.o
LOAD Drivers/GUI/lv_examples/src/lv_demo_music/assets/img_lv_demo_music_icon_1.o
LOAD Drivers/GUI/lv_examples/src/lv_demo_music/assets/img_lv_demo_music_icon_2.o
LOAD Drivers/GUI/lv_examples/src/lv_demo_music/assets/img_lv_demo_music_icon_3.o
LOAD Drivers/GUI/lv_examples/src/lv_demo_music/assets/img_lv_demo_music_icon_4.o
LOAD Drivers/GUI/lv_examples/src/lv_demo_music/assets/img_lv_demo_music_list_border.o
LOAD Drivers/GUI/lv_examples/src/lv_demo_music/assets/img_lv_demo_music_logo.o
LOAD Drivers/GUI/lv_examples/src/lv_demo_music/assets/img_lv_demo_music_slider_knob.o
LOAD Drivers/GUI/lv_examples/src/lv_demo_music/assets/img_lv_demo_music_wave_bottom.o
LOAD Drivers/GUI/lv_examples/src/lv_demo_music/assets/img_lv_demo_music_wave_top.o
LOAD Drivers/GUI/lv_examples/src/lv_demo_music/assets/lv_demo_music_font_16_bold.o
LOAD Drivers/GUI/lv_examples/src/lv_demo_music/lv_demo_music.o
LOAD Drivers/GUI/lv_examples/src/lv_demo_music/lv_demo_music_list.o
LOAD Drivers/GUI/lv_examples/src/lv_demo_music/lv_demo_music_main.o
LOAD Drivers/GUI/lv_examples/src/lv_demo_printer/images/lv_demo_printer_icon_bright.o
LOAD Drivers/GUI/lv_examples/src/lv_demo_printer/images/lv_demo_printer_icon_eco.o
LOAD Drivers/GUI/lv_examples/src/lv_demo_printer/images/lv_demo_printer_icon_hue.o
LOAD Drivers/GUI/lv_examples/src/lv_demo_printer/images/lv_demo_printer_icon_pc.o
LOAD Drivers/GUI/lv_examples/src/lv_demo_printer/images/lv_demo_printer_icon_tel.o
LOAD Drivers/GUI/lv_examples/src/lv_demo_printer/images/lv_demo_printer_icon_wifi.o
LOAD Drivers/GUI/lv_examples/src/lv_demo_printer/images/lv_demo_printer_img_btn_bg_1.o
LOAD Drivers/GUI/lv_examples/src/lv_demo_printer/images/lv_demo_printer_img_btn_bg_2.o
LOAD Drivers/GUI/lv_examples/src/lv_demo_printer/images/lv_demo_printer_img_btn_bg_3.o
LOAD Drivers/GUI/lv_examples/src/lv_demo_printer/images/lv_demo_printer_img_btn_bg_4.o
LOAD Drivers/GUI/lv_examples/src/lv_demo_printer/images/lv_demo_printer_img_cloud.o
LOAD Drivers/GUI/lv_examples/src/lv_demo_printer/images/lv_demo_printer_img_copy.o
LOAD Drivers/GUI/lv_examples/src/lv_demo_printer/images/lv_demo_printer_img_internet.o
LOAD Drivers/GUI/lv_examples/src/lv_demo_printer/images/lv_demo_printer_img_mobile.o
LOAD Drivers/GUI/lv_examples/src/lv_demo_printer/images/lv_demo_printer_img_no_internet.o
LOAD Drivers/GUI/lv_examples/src/lv_demo_printer/images/lv_demo_printer_img_phone.o
LOAD Drivers/GUI/lv_examples/src/lv_demo_printer/images/lv_demo_printer_img_print.o
LOAD Drivers/GUI/lv_examples/src/lv_demo_printer/images/lv_demo_printer_img_printer2.o
LOAD Drivers/GUI/lv_examples/src/lv_demo_printer/images/lv_demo_printer_img_ready.o
LOAD Drivers/GUI/lv_examples/src/lv_demo_printer/images/lv_demo_printer_img_scan.o
LOAD Drivers/GUI/lv_examples/src/lv_demo_printer/images/lv_demo_printer_img_scan_example.o
LOAD Drivers/GUI/lv_examples/src/lv_demo_printer/images/lv_demo_printer_img_setup.o
LOAD Drivers/GUI/lv_examples/src/lv_demo_printer/images/lv_demo_printer_img_usb.o
LOAD Drivers/GUI/lv_examples/src/lv_demo_printer/images/lv_demo_printer_img_wave.o
LOAD Drivers/GUI/lv_examples/src/lv_demo_printer/lv_demo_printer.o
LOAD Drivers/GUI/lv_examples/src/lv_demo_printer/lv_demo_printer_theme.o
LOAD Drivers/GUI/lv_examples/src/lv_demo_stress/lv_demo_stress.o
LOAD Drivers/GUI/lv_examples/src/lv_demo_widgets/lv_demo_widgets.o
LOAD Drivers/GUI/lv_examples/src/lv_ex_get_started/lv_ex_get_started_1.o
LOAD Drivers/GUI/lv_examples/src/lv_ex_get_started/lv_ex_get_started_2.o
LOAD Drivers/GUI/lv_examples/src/lv_ex_get_started/lv_ex_get_started_3.o
LOAD Drivers/GUI/lv_examples/src/lv_ex_style/lv_ex_style_1.o
LOAD Drivers/GUI/lv_examples/src/lv_ex_style/lv_ex_style_10.o
LOAD Drivers/GUI/lv_examples/src/lv_ex_style/lv_ex_style_11.o
LOAD Drivers/GUI/lv_examples/src/lv_ex_style/lv_ex_style_2.o
LOAD Drivers/GUI/lv_examples/src/lv_ex_style/lv_ex_style_3.o
LOAD Drivers/GUI/lv_examples/src/lv_ex_style/lv_ex_style_4.o
LOAD Drivers/GUI/lv_examples/src/lv_ex_style/lv_ex_style_5.o
LOAD Drivers/GUI/lv_examples/src/lv_ex_style/lv_ex_style_6.o
LOAD Drivers/GUI/lv_examples/src/lv_ex_style/lv_ex_style_7.o
LOAD Drivers/GUI/lv_examples/src/lv_ex_style/lv_ex_style_8.o
LOAD Drivers/GUI/lv_examples/src/lv_ex_style/lv_ex_style_9.o
LOAD Drivers/GUI/lv_examples/src/lv_ex_widgets/lv_ex_arc/lv_ex_arc_1.o
LOAD Drivers/GUI/lv_examples/src/lv_ex_widgets/lv_ex_arc/lv_ex_arc_2.o
LOAD Drivers/GUI/lv_examples/src/lv_ex_widgets/lv_ex_bar/lv_ex_bar_1.o
LOAD Drivers/GUI/lv_examples/src/lv_ex_widgets/lv_ex_btn/lv_ex_btn_1.o
LOAD Drivers/GUI/lv_examples/src/lv_ex_widgets/lv_ex_btn/lv_ex_btn_2.o
LOAD Drivers/GUI/lv_examples/src/lv_ex_widgets/lv_ex_btnmatrix/lv_ex_btnmatrix_1.o
LOAD Drivers/GUI/lv_examples/src/lv_ex_widgets/lv_ex_calendar/lv_ex_calendar_1.o
LOAD Drivers/GUI/lv_examples/src/lv_ex_widgets/lv_ex_canvas/lv_ex_canvas_1.o
LOAD Drivers/GUI/lv_examples/src/lv_ex_widgets/lv_ex_canvas/lv_ex_canvas_2.o
LOAD Drivers/GUI/lv_examples/src/lv_ex_widgets/lv_ex_chart/lv_ex_chart_1.o
LOAD Drivers/GUI/lv_examples/src/lv_ex_widgets/lv_ex_chart/lv_ex_chart_2.o
LOAD Drivers/GUI/lv_examples/src/lv_ex_widgets/lv_ex_checkbox/lv_ex_checkbox_1.o
LOAD Drivers/GUI/lv_examples/src/lv_ex_widgets/lv_ex_cont/lv_ex_cont_1.o
LOAD Drivers/GUI/lv_examples/src/lv_ex_widgets/lv_ex_cpicker/lv_ex_cpicker_1.o
LOAD Drivers/GUI/lv_examples/src/lv_ex_widgets/lv_ex_cpicker/lv_ex_cpicker_2.o
LOAD Drivers/GUI/lv_examples/src/lv_ex_widgets/lv_ex_dropdown/lv_ex_dropdown_1.o
LOAD Drivers/GUI/lv_examples/src/lv_ex_widgets/lv_ex_dropdown/lv_ex_dropdown_2.o
LOAD Drivers/GUI/lv_examples/src/lv_ex_widgets/lv_ex_gauge/lv_ex_gauge_1.o
LOAD Drivers/GUI/lv_examples/src/lv_ex_widgets/lv_ex_gauge/lv_ex_gauge_2.o
LOAD Drivers/GUI/lv_examples/src/lv_ex_widgets/lv_ex_img/lv_ex_img_1.o
LOAD Drivers/GUI/lv_examples/src/lv_ex_widgets/lv_ex_img/lv_ex_img_2.o
LOAD Drivers/GUI/lv_examples/src/lv_ex_widgets/lv_ex_img/lv_ex_img_3.o
LOAD Drivers/GUI/lv_examples/src/lv_ex_widgets/lv_ex_imgbtn/imgbtn_blue.o
LOAD Drivers/GUI/lv_examples/src/lv_ex_widgets/lv_ex_imgbtn/imgbtn_green.o
LOAD Drivers/GUI/lv_examples/src/lv_ex_widgets/lv_ex_imgbtn/lv_ex_imgbtn_1.o
LOAD Drivers/GUI/lv_examples/src/lv_ex_widgets/lv_ex_keyboard/lv_ex_keyboard_1.o
LOAD Drivers/GUI/lv_examples/src/lv_ex_widgets/lv_ex_label/lv_ex_label_1.o
LOAD Drivers/GUI/lv_examples/src/lv_ex_widgets/lv_ex_label/lv_ex_label_2.o
LOAD Drivers/GUI/lv_examples/src/lv_ex_widgets/lv_ex_label/lv_ex_label_3.o
LOAD Drivers/GUI/lv_examples/src/lv_ex_widgets/lv_ex_led/lv_ex_led_1.o
LOAD Drivers/GUI/lv_examples/src/lv_ex_widgets/lv_ex_line/lv_ex_line_1.o
LOAD Drivers/GUI/lv_examples/src/lv_ex_widgets/lv_ex_linemeter/lv_ex_linemeter_1.o
LOAD Drivers/GUI/lv_examples/src/lv_ex_widgets/lv_ex_list/lv_ex_list_1.o
LOAD Drivers/GUI/lv_examples/src/lv_ex_widgets/lv_ex_msgbox/lv_ex_msgbox_1.o
LOAD Drivers/GUI/lv_examples/src/lv_ex_widgets/lv_ex_msgbox/lv_ex_msgbox_2.o
LOAD Drivers/GUI/lv_examples/src/lv_ex_widgets/lv_ex_obj/lv_ex_obj_1.o
LOAD Drivers/GUI/lv_examples/src/lv_ex_widgets/lv_ex_objmask/lv_ex_objmask_1.o
LOAD Drivers/GUI/lv_examples/src/lv_ex_widgets/lv_ex_objmask/lv_ex_objmask_2.o
LOAD Drivers/GUI/lv_examples/src/lv_ex_widgets/lv_ex_page/lv_ex_page_1.o
LOAD Drivers/GUI/lv_examples/src/lv_ex_widgets/lv_ex_roller/lv_ex_roller_1.o
LOAD Drivers/GUI/lv_examples/src/lv_ex_widgets/lv_ex_slider/lv_ex_slider_1.o
LOAD Drivers/GUI/lv_examples/src/lv_ex_widgets/lv_ex_slider/lv_ex_slider_2.o
LOAD Drivers/GUI/lv_examples/src/lv_ex_widgets/lv_ex_spinbox/lv_ex_spinbox_1.o
LOAD Drivers/GUI/lv_examples/src/lv_ex_widgets/lv_ex_spinner/lv_ex_spinner_1.o
LOAD Drivers/GUI/lv_examples/src/lv_ex_widgets/lv_ex_switch/lv_ex_switch_1.o
LOAD Drivers/GUI/lv_examples/src/lv_ex_widgets/lv_ex_table/lv_ex_table_1.o
LOAD Drivers/GUI/lv_examples/src/lv_ex_widgets/lv_ex_tabview/lv_ex_tabview_1.o
LOAD Drivers/GUI/lv_examples/src/lv_ex_widgets/lv_ex_textarea/lv_ex_textarea_1.o
LOAD Drivers/GUI/lv_examples/src/lv_ex_widgets/lv_ex_textarea/lv_ex_textarea_2.o
LOAD Drivers/GUI/lv_examples/src/lv_ex_widgets/lv_ex_textarea/lv_ex_textarea_3.o
LOAD Drivers/GUI/lv_examples/src/lv_ex_widgets/lv_ex_tileview/lv_ex_tileview_1.o
LOAD Drivers/GUI/lv_examples/src/lv_ex_widgets/lv_ex_win/lv_ex_win_1.o
LOAD Drivers/GUI/lvgl/examples/porting/lv_port_disp_template.o
LOAD Drivers/GUI/lvgl/examples/porting/lv_port_fs_template.o
LOAD Drivers/GUI/lvgl/examples/porting/lv_port_indev_template.o
LOAD Drivers/GUI/lvgl/src/lv_core/lv_disp.o
LOAD Drivers/GUI/lvgl/src/lv_core/lv_group.o
LOAD Drivers/GUI/lvgl/src/lv_core/lv_indev.o
LOAD Drivers/GUI/lvgl/src/lv_core/lv_obj.o
LOAD Drivers/GUI/lvgl/src/lv_core/lv_refr.o
LOAD Drivers/GUI/lvgl/src/lv_core/lv_style.o
LOAD Drivers/GUI/lvgl/src/lv_draw/lv_draw_arc.o
LOAD Drivers/GUI/lvgl/src/lv_draw/lv_draw_blend.o
LOAD Drivers/GUI/lvgl/src/lv_draw/lv_draw_img.o
LOAD Drivers/GUI/lvgl/src/lv_draw/lv_draw_label.o
LOAD Drivers/GUI/lvgl/src/lv_draw/lv_draw_line.o
LOAD Drivers/GUI/lvgl/src/lv_draw/lv_draw_mask.o
LOAD Drivers/GUI/lvgl/src/lv_draw/lv_draw_rect.o
LOAD Drivers/GUI/lvgl/src/lv_draw/lv_draw_triangle.o
LOAD Drivers/GUI/lvgl/src/lv_draw/lv_img_buf.o
LOAD Drivers/GUI/lvgl/src/lv_draw/lv_img_cache.o
LOAD Drivers/GUI/lvgl/src/lv_draw/lv_img_decoder.o
LOAD Drivers/GUI/lvgl/src/lv_font/lv_font.o
LOAD Drivers/GUI/lvgl/src/lv_font/lv_font_dejavu_16_persian_hebrew.o
LOAD Drivers/GUI/lvgl/src/lv_font/lv_font_fmt_txt.o
LOAD Drivers/GUI/lvgl/src/lv_font/lv_font_loader.o
LOAD Drivers/GUI/lvgl/src/lv_font/lv_font_montserrat_10.o
LOAD Drivers/GUI/lvgl/src/lv_font/lv_font_montserrat_12.o
LOAD Drivers/GUI/lvgl/src/lv_font/lv_font_montserrat_12_subpx.o
LOAD Drivers/GUI/lvgl/src/lv_font/lv_font_montserrat_14.o
LOAD Drivers/GUI/lvgl/src/lv_font/lv_font_montserrat_16.o
LOAD Drivers/GUI/lvgl/src/lv_font/lv_font_montserrat_18.o
LOAD Drivers/GUI/lvgl/src/lv_font/lv_font_montserrat_20.o
LOAD Drivers/GUI/lvgl/src/lv_font/lv_font_montserrat_22.o
LOAD Drivers/GUI/lvgl/src/lv_font/lv_font_montserrat_24.o
LOAD Drivers/GUI/lvgl/src/lv_font/lv_font_montserrat_26.o
LOAD Drivers/GUI/lvgl/src/lv_font/lv_font_montserrat_28.o
LOAD Drivers/GUI/lvgl/src/lv_font/lv_font_montserrat_28_compressed.o
LOAD Drivers/GUI/lvgl/src/lv_font/lv_font_montserrat_30.o
LOAD Drivers/GUI/lvgl/src/lv_font/lv_font_montserrat_32.o
LOAD Drivers/GUI/lvgl/src/lv_font/lv_font_montserrat_34.o
LOAD Drivers/GUI/lvgl/src/lv_font/lv_font_montserrat_36.o
LOAD Drivers/GUI/lvgl/src/lv_font/lv_font_montserrat_38.o
LOAD Drivers/GUI/lvgl/src/lv_font/lv_font_montserrat_40.o
LOAD Drivers/GUI/lvgl/src/lv_font/lv_font_montserrat_42.o
LOAD Drivers/GUI/lvgl/src/lv_font/lv_font_montserrat_44.o
LOAD Drivers/GUI/lvgl/src/lv_font/lv_font_montserrat_46.o
LOAD Drivers/GUI/lvgl/src/lv_font/lv_font_montserrat_48.o
LOAD Drivers/GUI/lvgl/src/lv_font/lv_font_montserrat_8.o
LOAD Drivers/GUI/lvgl/src/lv_font/lv_font_simsun_16_cjk.o
LOAD Drivers/GUI/lvgl/src/lv_font/lv_font_unscii_16.o
LOAD Drivers/GUI/lvgl/src/lv_font/lv_font_unscii_8.o
LOAD Drivers/GUI/lvgl/src/lv_gpu/lv_gpu_nxp_pxp.o
LOAD Drivers/GUI/lvgl/src/lv_gpu/lv_gpu_nxp_pxp_osa.o
LOAD Drivers/GUI/lvgl/src/lv_gpu/lv_gpu_nxp_vglite.o
LOAD Drivers/GUI/lvgl/src/lv_gpu/lv_gpu_stm32_dma2d.o
LOAD Drivers/GUI/lvgl/src/lv_hal/lv_hal_disp.o
LOAD Drivers/GUI/lvgl/src/lv_hal/lv_hal_indev.o
LOAD Drivers/GUI/lvgl/src/lv_hal/lv_hal_tick.o
LOAD Drivers/GUI/lvgl/src/lv_misc/lv_anim.o
LOAD Drivers/GUI/lvgl/src/lv_misc/lv_area.o
LOAD Drivers/GUI/lvgl/src/lv_misc/lv_async.o
LOAD Drivers/GUI/lvgl/src/lv_misc/lv_bidi.o
LOAD Drivers/GUI/lvgl/src/lv_misc/lv_color.o
LOAD Drivers/GUI/lvgl/src/lv_misc/lv_debug.o
LOAD Drivers/GUI/lvgl/src/lv_misc/lv_fs.o
LOAD Drivers/GUI/lvgl/src/lv_misc/lv_gc.o
LOAD Drivers/GUI/lvgl/src/lv_misc/lv_ll.o
LOAD Drivers/GUI/lvgl/src/lv_misc/lv_log.o
LOAD Drivers/GUI/lvgl/src/lv_misc/lv_math.o
LOAD Drivers/GUI/lvgl/src/lv_misc/lv_mem.o
LOAD Drivers/GUI/lvgl/src/lv_misc/lv_printf.o
LOAD Drivers/GUI/lvgl/src/lv_misc/lv_task.o
LOAD Drivers/GUI/lvgl/src/lv_misc/lv_templ.o
LOAD Drivers/GUI/lvgl/src/lv_misc/lv_txt.o
LOAD Drivers/GUI/lvgl/src/lv_misc/lv_txt_ap.o
LOAD Drivers/GUI/lvgl/src/lv_misc/lv_utils.o
LOAD Drivers/GUI/lvgl/src/lv_themes/lv_theme.o
LOAD Drivers/GUI/lvgl/src/lv_themes/lv_theme_empty.o
LOAD Drivers/GUI/lvgl/src/lv_themes/lv_theme_material.o
LOAD Drivers/GUI/lvgl/src/lv_themes/lv_theme_mono.o
LOAD Drivers/GUI/lvgl/src/lv_themes/lv_theme_template.o
LOAD Drivers/GUI/lvgl/src/lv_widgets/lv_arc.o
LOAD Drivers/GUI/lvgl/src/lv_widgets/lv_bar.o
LOAD Drivers/GUI/lvgl/src/lv_widgets/lv_btn.o
LOAD Drivers/GUI/lvgl/src/lv_widgets/lv_btnmatrix.o
LOAD Drivers/GUI/lvgl/src/lv_widgets/lv_calendar.o
LOAD Drivers/GUI/lvgl/src/lv_widgets/lv_canvas.o
LOAD Drivers/GUI/lvgl/src/lv_widgets/lv_chart.o
LOAD Drivers/GUI/lvgl/src/lv_widgets/lv_checkbox.o
LOAD Drivers/GUI/lvgl/src/lv_widgets/lv_cont.o
LOAD Drivers/GUI/lvgl/src/lv_widgets/lv_cpicker.o
LOAD Drivers/GUI/lvgl/src/lv_widgets/lv_dropdown.o
LOAD Drivers/GUI/lvgl/src/lv_widgets/lv_gauge.o
LOAD Drivers/GUI/lvgl/src/lv_widgets/lv_img.o
LOAD Drivers/GUI/lvgl/src/lv_widgets/lv_imgbtn.o
LOAD Drivers/GUI/lvgl/src/lv_widgets/lv_keyboard.o
LOAD Drivers/GUI/lvgl/src/lv_widgets/lv_label.o
LOAD Drivers/GUI/lvgl/src/lv_widgets/lv_led.o
LOAD Drivers/GUI/lvgl/src/lv_widgets/lv_line.o
LOAD Drivers/GUI/lvgl/src/lv_widgets/lv_linemeter.o
LOAD Drivers/GUI/lvgl/src/lv_widgets/lv_list.o
LOAD Drivers/GUI/lvgl/src/lv_widgets/lv_msgbox.o
LOAD Drivers/GUI/lvgl/src/lv_widgets/lv_objmask.o
LOAD Drivers/GUI/lvgl/src/lv_widgets/lv_objx_templ.o
LOAD Drivers/GUI/lvgl/src/lv_widgets/lv_page.o
LOAD Drivers/GUI/lvgl/src/lv_widgets/lv_roller.o
LOAD Drivers/GUI/lvgl/src/lv_widgets/lv_slider.o
LOAD Drivers/GUI/lvgl/src/lv_widgets/lv_spinbox.o
LOAD Drivers/GUI/lvgl/src/lv_widgets/lv_spinner.o
LOAD Drivers/GUI/lvgl/src/lv_widgets/lv_switch.o
LOAD Drivers/GUI/lvgl/src/lv_widgets/lv_table.o
LOAD Drivers/GUI/lvgl/src/lv_widgets/lv_tabview.o
LOAD Drivers/GUI/lvgl/src/lv_widgets/lv_textarea.o
LOAD Drivers/GUI/lvgl/src/lv_widgets/lv_tileview.o
LOAD Drivers/GUI/lvgl/src/lv_widgets/lv_win.o
LOAD Drivers/GUI/lvgl/tests/lv_test_assert.o
LOAD Drivers/GUI/lvgl/tests/lv_test_main.o
LOAD Drivers/GUI/lvgl/tests/lv_test_core/lv_test_core.o
LOAD Drivers/GUI/lvgl/tests/lv_test_core/lv_test_font_loader.o
LOAD Drivers/GUI/lvgl/tests/lv_test_core/lv_test_obj.o
LOAD Drivers/GUI/lvgl/tests/lv_test_core/lv_test_style.o
LOAD Drivers/GUI/lvgl/tests/lv_test_fonts/font_1.o
LOAD Drivers/GUI/lvgl/tests/lv_test_fonts/font_2.o
LOAD Drivers/GUI/lvgl/tests/lv_test_fonts/font_3.o
LOAD Drivers/GUI/lvgl/tests/lv_test_widgets/lv_test_label.o
LOAD Drivers/NT35510 Driver/24cxx.o
LOAD Drivers/NT35510 Driver/delay.o
LOAD Drivers/NT35510 Driver/led.o
LOAD Drivers/NT35510 Driver/mpu.o
LOAD Drivers/NT35510 Driver/myiic.o
LOAD Drivers/NT35510 Driver/nt35510.o
LOAD Drivers/NT35510 Driver/touch.o
LOAD Drivers/STM32H7xx_HAL_Driver/Src/stm32h7xx_hal.o
LOAD Drivers/STM32H7xx_HAL_Driver/Src/stm32h7xx_hal_cortex.o
LOAD Drivers/STM32H7xx_HAL_Driver/Src/stm32h7xx_hal_dma.o
LOAD Drivers/STM32H7xx_HAL_Driver/Src/stm32h7xx_hal_dma_ex.o
LOAD Drivers/STM32H7xx_HAL_Driver/Src/stm32h7xx_hal_exti.o
LOAD Drivers/STM32H7xx_HAL_Driver/Src/stm32h7xx_hal_flash.o
LOAD Drivers/STM32H7xx_HAL_Driver/Src/stm32h7xx_hal_flash_ex.o
LOAD Drivers/STM32H7xx_HAL_Driver/Src/stm32h7xx_hal_gpio.o
LOAD Drivers/STM32H7xx_HAL_Driver/Src/stm32h7xx_hal_hsem.o
LOAD Drivers/STM32H7xx_HAL_Driver/Src/stm32h7xx_hal_i2c.o
LOAD Drivers/STM32H7xx_HAL_Driver/Src/stm32h7xx_hal_i2c_ex.o
LOAD Drivers/STM32H7xx_HAL_Driver/Src/stm32h7xx_hal_mdma.o
LOAD Drivers/STM32H7xx_HAL_Driver/Src/stm32h7xx_hal_pwr.o
LOAD Drivers/STM32H7xx_HAL_Driver/Src/stm32h7xx_hal_pwr_ex.o
LOAD Drivers/STM32H7xx_HAL_Driver/Src/stm32h7xx_hal_rcc.o
LOAD Drivers/STM32H7xx_HAL_Driver/Src/stm32h7xx_hal_rcc_ex.o
LOAD Drivers/STM32H7xx_HAL_Driver/Src/stm32h7xx_hal_spi.o
LOAD Drivers/STM32H7xx_HAL_Driver/Src/stm32h7xx_hal_spi_ex.o
LOAD Drivers/STM32H7xx_HAL_Driver/Src/stm32h7xx_hal_sram.o
LOAD Drivers/STM32H7xx_HAL_Driver/Src/stm32h7xx_hal_tim.o
LOAD Drivers/STM32H7xx_HAL_Driver/Src/stm32h7xx_hal_tim_ex.o
LOAD Drivers/STM32H7xx_HAL_Driver/Src/stm32h7xx_ll_fmc.o
START GROUP
LOAD c:/custom program files/stm32cubeide_1.5.0/stm32cubeide/plugins/com.st.stm32cube.ide.mcu.externaltools.gnu-tools-for-stm32.7-2018-q2-update.win32_1.5.0.202011040924/tools/bin/../lib/gcc/arm-none-eabi/7.3.1/../../../../arm-none-eabi/lib/thumb/v7e-m/fpv5/hard\libc_nano.a
LOAD c:/custom program files/stm32cubeide_1.5.0/stm32cubeide/plugins/com.st.stm32cube.ide.mcu.externaltools.gnu-tools-for-stm32.7-2018-q2-update.win32_1.5.0.202011040924/tools/bin/../lib/gcc/arm-none-eabi/7.3.1/../../../../arm-none-eabi/lib/thumb/v7e-m/fpv5/hard\libm.a
END GROUP
START GROUP
LOAD c:/custom program files/stm32cubeide_1.5.0/stm32cubeide/plugins/com.st.stm32cube.ide.mcu.externaltools.gnu-tools-for-stm32.7-2018-q2-update.win32_1.5.0.202011040924/tools/bin/../lib/gcc/arm-none-eabi/7.3.1/thumb/v7e-m/fpv5/hard\libgcc.a
LOAD c:/custom program files/stm32cubeide_1.5.0/stm32cubeide/plugins/com.st.stm32cube.ide.mcu.externaltools.gnu-tools-for-stm32.7-2018-q2-update.win32_1.5.0.202011040924/tools/bin/../lib/gcc/arm-none-eabi/7.3.1/../../../../arm-none-eabi/lib/thumb/v7e-m/fpv5/hard\libc_nano.a
END GROUP
START GROUP
LOAD c:/custom program files/stm32cubeide_1.5.0/stm32cubeide/plugins/com.st.stm32cube.ide.mcu.externaltools.gnu-tools-for-stm32.7-2018-q2-update.win32_1.5.0.202011040924/tools/bin/../lib/gcc/arm-none-eabi/7.3.1/thumb/v7e-m/fpv5/hard\libgcc.a
LOAD c:/custom program files/stm32cubeide_1.5.0/stm32cubeide/plugins/com.st.stm32cube.ide.mcu.externaltools.gnu-tools-for-stm32.7-2018-q2-update.win32_1.5.0.202011040924/tools/bin/../lib/gcc/arm-none-eabi/7.3.1/../../../../arm-none-eabi/lib/thumb/v7e-m/fpv5/hard\libc_nano.a
LOAD c:/custom program files/stm32cubeide_1.5.0/stm32cubeide/plugins/com.st.stm32cube.ide.mcu.externaltools.gnu-tools-for-stm32.7-2018-q2-update.win32_1.5.0.202011040924/tools/bin/../lib/gcc/arm-none-eabi/7.3.1/../../../../arm-none-eabi/lib/thumb/v7e-m/fpv5/hard\libnosys.a
END GROUP
START GROUP
LOAD c:/custom program files/stm32cubeide_1.5.0/stm32cubeide/plugins/com.st.stm32cube.ide.mcu.externaltools.gnu-tools-for-stm32.7-2018-q2-update.win32_1.5.0.202011040924/tools/bin/../lib/gcc/arm-none-eabi/7.3.1/thumb/v7e-m/fpv5/hard\libgcc.a
LOAD c:/custom program files/stm32cubeide_1.5.0/stm32cubeide/plugins/com.st.stm32cube.ide.mcu.externaltools.gnu-tools-for-stm32.7-2018-q2-update.win32_1.5.0.202011040924/tools/bin/../lib/gcc/arm-none-eabi/7.3.1/../../../../arm-none-eabi/lib/thumb/v7e-m/fpv5/hard\libc_nano.a
LOAD c:/custom program files/stm32cubeide_1.5.0/stm32cubeide/plugins/com.st.stm32cube.ide.mcu.externaltools.gnu-tools-for-stm32.7-2018-q2-update.win32_1.5.0.202011040924/tools/bin/../lib/gcc/arm-none-eabi/7.3.1/../../../../arm-none-eabi/lib/thumb/v7e-m/fpv5/hard\libnosys.a
END GROUP
LOAD c:/custom program files/stm32cubeide_1.5.0/stm32cubeide/plugins/com.st.stm32cube.ide.mcu.externaltools.gnu-tools-for-stm32.7-2018-q2-update.win32_1.5.0.202011040924/tools/bin/../lib/gcc/arm-none-eabi/7.3.1/thumb/v7e-m/fpv5/hard/crtend.o
LOAD c:/custom program files/stm32cubeide_1.5.0/stm32cubeide/plugins/com.st.stm32cube.ide.mcu.externaltools.gnu-tools-for-stm32.7-2018-q2-update.win32_1.5.0.202011040924/tools/bin/../lib/gcc/arm-none-eabi/7.3.1/thumb/v7e-m/fpv5/hard/crtn.o
                0x0000000024080000                _estack = (ORIGIN (RAM_D1) + LENGTH (RAM_D1))
                0x0000000000000200                _Min_Heap_Size = 0x200
                0x0000000000000400                _Min_Stack_Size = 0x400

.isr_vector     0x0000000008000000      0x298
                0x0000000008000000                . = ALIGN (0x4)
 *(.isr_vector)
 .isr_vector    0x0000000008000000      0x298 Core/Startup/startup_stm32h750vbtx.o
                0x0000000008000000                g_pfnVectors
                0x0000000008000298                . = ALIGN (0x4)

.text           0x0000000008000298     0x3478
                0x0000000008000298                . = ALIGN (0x4)
 *(.text)
 .text          0x0000000008000298       0x40 c:/custom program files/stm32cubeide_1.5.0/stm32cubeide/plugins/com.st.stm32cube.ide.mcu.externaltools.gnu-tools-for-stm32.7-2018-q2-update.win32_1.5.0.202011040924/tools/bin/../lib/gcc/arm-none-eabi/7.3.1/thumb/v7e-m/fpv5/hard/crtbegin.o
 *(.text*)
 .text.MX_FMC_Init
                0x00000000080002d8       0x64 Core/Src/fmc.o
                0x00000000080002d8                MX_FMC_Init
 .text.HAL_SRAM_MspInit
                0x000000000800033c       0xdc Core/Src/fmc.o
                0x000000000800033c                HAL_SRAM_MspInit
 .text.MX_GPIO_Init
                0x0000000008000418      0x120 Core/Src/gpio.o
                0x0000000008000418                MX_GPIO_Init
 .text.SystemClock_Config
                0x0000000008000538      0x108 Core/Src/main.o
                0x0000000008000538                SystemClock_Config
 .text.startup.main
                0x0000000008000640       0x1c Core/Src/main.o
                0x0000000008000640                main
 .text.Error_Handler
                0x000000000800065c        0x4 Core/Src/main.o
                0x000000000800065c                Error_Handler
 .text.MX_SPI2_Init
                0x0000000008000660       0x5c Core/Src/spi.o
                0x0000000008000660                MX_SPI2_Init
 .text.HAL_SPI_MspInit
                0x00000000080006bc       0x70 Core/Src/spi.o
                0x00000000080006bc                HAL_SPI_MspInit
 .text.HAL_MspInit
                0x000000000800072c       0x24 Core/Src/stm32h7xx_hal_msp.o
                0x000000000800072c                HAL_MspInit
 .text.NMI_Handler
                0x0000000008000750        0x2 Core/Src/stm32h7xx_it.o
                0x0000000008000750                NMI_Handler
 .text.HardFault_Handler
                0x0000000008000752        0x2 Core/Src/stm32h7xx_it.o
                0x0000000008000752                HardFault_Handler
 .text.MemManage_Handler
                0x0000000008000754        0x2 Core/Src/stm32h7xx_it.o
                0x0000000008000754                MemManage_Handler
 .text.BusFault_Handler
                0x0000000008000756        0x2 Core/Src/stm32h7xx_it.o
                0x0000000008000756                BusFault_Handler
 .text.UsageFault_Handler
                0x0000000008000758        0x2 Core/Src/stm32h7xx_it.o
                0x0000000008000758                UsageFault_Handler
 .text.SVC_Handler
                0x000000000800075a        0x2 Core/Src/stm32h7xx_it.o
                0x000000000800075a                SVC_Handler
 .text.DebugMon_Handler
                0x000000000800075c        0x2 Core/Src/stm32h7xx_it.o
                0x000000000800075c                DebugMon_Handler
 .text.PendSV_Handler
                0x000000000800075e        0x2 Core/Src/stm32h7xx_it.o
                0x000000000800075e                PendSV_Handler
 .text.SysTick_Handler
                0x0000000008000760        0x4 Core/Src/stm32h7xx_it.o
                0x0000000008000760                SysTick_Handler
 .text.SystemInit
                0x0000000008000764       0xcc Core/Src/system_stm32h7xx.o
                0x0000000008000764                SystemInit
 .text.Reset_Handler
                0x0000000008000830       0x50 Core/Startup/startup_stm32h750vbtx.o
                0x0000000008000830                Reset_Handler
 .text.Default_Handler
                0x0000000008000880        0x2 Core/Startup/startup_stm32h750vbtx.o
                0x0000000008000880                RTC_Alarm_IRQHandler
                0x0000000008000880                HASH_RNG_IRQHandler
                0x0000000008000880                EXTI2_IRQHandler
                0x0000000008000880                TIM8_CC_IRQHandler
                0x0000000008000880                HRTIM1_Master_IRQHandler
                0x0000000008000880                UART8_IRQHandler
                0x0000000008000880                SPI4_IRQHandler
                0x0000000008000880                TIM1_CC_IRQHandler
                0x0000000008000880                BDMA_Channel6_IRQHandler
                0x0000000008000880                DMA2_Stream5_IRQHandler
                0x0000000008000880                HRTIM1_FLT_IRQHandler
                0x0000000008000880                JPEG_IRQHandler
                0x0000000008000880                DMA1_Stream5_IRQHandler
                0x0000000008000880                BDMA_Channel1_IRQHandler
                0x0000000008000880                HRTIM1_TIMD_IRQHandler
                0x0000000008000880                TAMP_STAMP_IRQHandler
                0x0000000008000880                EXTI3_IRQHandler
                0x0000000008000880                LPTIM4_IRQHandler
                0x0000000008000880                TIM8_TRG_COM_TIM14_IRQHandler
                0x0000000008000880                LPTIM2_IRQHandler
                0x0000000008000880                DFSDM1_FLT1_IRQHandler
                0x0000000008000880                DMAMUX2_OVR_IRQHandler
                0x0000000008000880                TIM8_UP_TIM13_IRQHandler
                0x0000000008000880                I2C3_ER_IRQHandler
                0x0000000008000880                DFSDM1_FLT2_IRQHandler
                0x0000000008000880                MDMA_IRQHandler
                0x0000000008000880                LPTIM3_IRQHandler
                0x0000000008000880                HSEM1_IRQHandler
                0x0000000008000880                EXTI0_IRQHandler
                0x0000000008000880                I2C2_EV_IRQHandler
                0x0000000008000880                DMA1_Stream2_IRQHandler
                0x0000000008000880                FPU_IRQHandler
                0x0000000008000880                OTG_HS_WKUP_IRQHandler
                0x0000000008000880                FDCAN1_IT1_IRQHandler
                0x0000000008000880                LTDC_ER_IRQHandler
                0x0000000008000880                DMA2_Stream2_IRQHandler
                0x0000000008000880                HRTIM1_TIME_IRQHandler
                0x0000000008000880                SPI1_IRQHandler
                0x0000000008000880                TIM6_DAC_IRQHandler
                0x0000000008000880                DCMI_IRQHandler
                0x0000000008000880                HRTIM1_TIMC_IRQHandler
                0x0000000008000880                DMA2_Stream3_IRQHandler
                0x0000000008000880                SAI2_IRQHandler
                0x0000000008000880                DFSDM1_FLT3_IRQHandler
                0x0000000008000880                USART6_IRQHandler
                0x0000000008000880                TIM17_IRQHandler
                0x0000000008000880                USART3_IRQHandler
                0x0000000008000880                BDMA_Channel7_IRQHandler
                0x0000000008000880                CRYP_IRQHandler
                0x0000000008000880                LPTIM5_IRQHandler
                0x0000000008000880                UART5_IRQHandler
                0x0000000008000880                ADC3_IRQHandler
                0x0000000008000880                DMA2_Stream0_IRQHandler
                0x0000000008000880                TIM4_IRQHandler
                0x0000000008000880                BDMA_Channel2_IRQHandler
                0x0000000008000880                QUADSPI_IRQHandler
                0x0000000008000880                I2C1_EV_IRQHandler
                0x0000000008000880                DMA1_Stream6_IRQHandler
                0x0000000008000880                DMAMUX1_OVR_IRQHandler
                0x0000000008000880                DMA1_Stream1_IRQHandler
                0x0000000008000880                TIM16_IRQHandler
                0x0000000008000880                UART4_IRQHandler
                0x0000000008000880                BDMA_Channel5_IRQHandler
                0x0000000008000880                TIM3_IRQHandler
                0x0000000008000880                RCC_IRQHandler
                0x0000000008000880                TIM8_BRK_TIM12_IRQHandler
                0x0000000008000880                TIM1_TRG_COM_IRQHandler
                0x0000000008000880                Default_Handler
                0x0000000008000880                ECC_IRQHandler
                0x0000000008000880                CEC_IRQHandler
                0x0000000008000880                EXTI15_10_IRQHandler
                0x0000000008000880                BDMA_Channel0_IRQHandler
                0x0000000008000880                ADC_IRQHandler
                0x0000000008000880                DMA1_Stream7_IRQHandler
                0x0000000008000880                HRTIM1_TIMA_IRQHandler
                0x0000000008000880                SPI5_IRQHandler
                0x0000000008000880                TIM7_IRQHandler
                0x0000000008000880                SDMMC1_IRQHandler
                0x0000000008000880                TIM5_IRQHandler
                0x0000000008000880                DMA2_Stream7_IRQHandler
                0x0000000008000880                TIM15_IRQHandler
                0x0000000008000880                PVD_AVD_IRQHandler
                0x0000000008000880                I2C3_EV_IRQHandler
                0x0000000008000880                EXTI9_5_IRQHandler
                0x0000000008000880                RTC_WKUP_IRQHandler
                0x0000000008000880                LTDC_IRQHandler
                0x0000000008000880                SAI3_IRQHandler
                0x0000000008000880                ETH_WKUP_IRQHandler
                0x0000000008000880                SPDIF_RX_IRQHandler
                0x0000000008000880                SPI2_IRQHandler
                0x0000000008000880                OTG_HS_EP1_IN_IRQHandler
                0x0000000008000880                DMA1_Stream0_IRQHandler
                0x0000000008000880                CRS_IRQHandler
                0x0000000008000880                EXTI4_IRQHandler
                0x0000000008000880                HRTIM1_TIMB_IRQHandler
                0x0000000008000880                FDCAN2_IT1_IRQHandler
                0x0000000008000880                ETH_IRQHandler
                0x0000000008000880                TIM1_UP_IRQHandler
                0x0000000008000880                BDMA_Channel4_IRQHandler
                0x0000000008000880                OTG_HS_EP1_OUT_IRQHandler
                0x0000000008000880                WWDG_IRQHandler
                0x0000000008000880                SPI6_IRQHandler
                0x0000000008000880                MDIOS_IRQHandler
                0x0000000008000880                I2C4_EV_IRQHandler
                0x0000000008000880                FDCAN2_IT0_IRQHandler
                0x0000000008000880                LPUART1_IRQHandler
                0x0000000008000880                FDCAN1_IT0_IRQHandler
                0x0000000008000880                TIM2_IRQHandler
                0x0000000008000880                OTG_FS_WKUP_IRQHandler
                0x0000000008000880                OTG_HS_IRQHandler
                0x0000000008000880                DMA2D_IRQHandler
                0x0000000008000880                TIM1_BRK_IRQHandler
                0x0000000008000880                EXTI1_IRQHandler
                0x0000000008000880                SDMMC2_IRQHandler
                0x0000000008000880                OTG_FS_EP1_OUT_IRQHandler
                0x0000000008000880                BDMA_Channel3_IRQHandler
                0x0000000008000880                UART7_IRQHandler
                0x0000000008000880                MDIOS_WKUP_IRQHandler
                0x0000000008000880                USART2_IRQHandler
                0x0000000008000880                DFSDM1_FLT0_IRQHandler
                0x0000000008000880                SAI4_IRQHandler
                0x0000000008000880                I2C2_ER_IRQHandler
                0x0000000008000880                DMA2_Stream1_IRQHandler
                0x0000000008000880                FLASH_IRQHandler
                0x0000000008000880                DMA2_Stream4_IRQHandler
                0x0000000008000880                USART1_IRQHandler
                0x0000000008000880                OTG_FS_IRQHandler
                0x0000000008000880                SPI3_IRQHandler
                0x0000000008000880                WAKEUP_PIN_IRQHandler
                0x0000000008000880                DMA1_Stream4_IRQHandler
                0x0000000008000880                OTG_FS_EP1_IN_IRQHandler
                0x0000000008000880                I2C1_ER_IRQHandler
                0x0000000008000880                FMC_IRQHandler
                0x0000000008000880                FDCAN_CAL_IRQHandler
                0x0000000008000880                SWPMI1_IRQHandler
                0x0000000008000880                COMP1_IRQHandler
                0x0000000008000880                LPTIM1_IRQHandler
                0x0000000008000880                I2C4_ER_IRQHandler
                0x0000000008000880                DMA2_Stream6_IRQHandler
                0x0000000008000880                SAI1_IRQHandler
                0x0000000008000880                DMA1_Stream3_IRQHandler
 *fill*         0x0000000008000882        0x2 
 .text.delay_us
                0x0000000008000884       0x30 Drivers/NT35510 Driver/delay.o
                0x0000000008000884                delay_us
 .text.delay_ms
                0x00000000080008b4       0x18 Drivers/NT35510 Driver/delay.o
                0x00000000080008b4                delay_ms
 .text.LCD_WriteRAM_Prepare
                0x00000000080008cc       0x14 Drivers/NT35510 Driver/nt35510.o
                0x00000000080008cc                LCD_WriteRAM_Prepare
 .text.LCD_MPU_Config
                0x00000000080008e0       0x34 Drivers/NT35510 Driver/nt35510.o
                0x00000000080008e0                LCD_MPU_Config
 .text.LCD_GPIOInit
                0x0000000008000914       0xc4 Drivers/NT35510 Driver/nt35510.o
                0x0000000008000914                LCD_GPIOInit
 .text.LCD_FSMC_Write_Time_Set
                0x00000000080009d8       0x30 Drivers/NT35510 Driver/nt35510.o
                0x00000000080009d8                LCD_FSMC_Write_Time_Set
 .text.LCD_SetWindows
                0x0000000008000a08       0x60 Drivers/NT35510 Driver/nt35510.o
                0x0000000008000a08                LCD_SetWindows
 .text.LCD_Clear
                0x0000000008000a68       0x38 Drivers/NT35510 Driver/nt35510.o
                0x0000000008000a68                LCD_Clear
 .text.LCD_direction
                0x0000000008000aa0       0x90 Drivers/NT35510 Driver/nt35510.o
                0x0000000008000aa0                LCD_direction
 .text.LCD_Init
                0x0000000008000b30     0x1140 Drivers/NT35510 Driver/nt35510.o
                0x0000000008000b30                LCD_Init
 .text.HAL_InitTick
                0x0000000008001c70       0x4c Drivers/STM32H7xx_HAL_Driver/Src/stm32h7xx_hal.o
                0x0000000008001c70                HAL_InitTick
 .text.HAL_Init
                0x0000000008001cbc       0x5c Drivers/STM32H7xx_HAL_Driver/Src/stm32h7xx_hal.o
                0x0000000008001cbc                HAL_Init
 .text.HAL_IncTick
                0x0000000008001d18       0x18 Drivers/STM32H7xx_HAL_Driver/Src/stm32h7xx_hal.o
                0x0000000008001d18                HAL_IncTick
 .text.HAL_GetTick
                0x0000000008001d30        0xc Drivers/STM32H7xx_HAL_Driver/Src/stm32h7xx_hal.o
                0x0000000008001d30                HAL_GetTick
 .text.HAL_GetREVID
                0x0000000008001d3c        0xc Drivers/STM32H7xx_HAL_Driver/Src/stm32h7xx_hal.o
                0x0000000008001d3c                HAL_GetREVID
 .text.HAL_NVIC_SetPriorityGrouping
                0x0000000008001d48       0x24 Drivers/STM32H7xx_HAL_Driver/Src/stm32h7xx_hal_cortex.o
                0x0000000008001d48                HAL_NVIC_SetPriorityGrouping
 .text.HAL_NVIC_SetPriority
                0x0000000008001d6c       0x64 Drivers/STM32H7xx_HAL_Driver/Src/stm32h7xx_hal_cortex.o
                0x0000000008001d6c                HAL_NVIC_SetPriority
 .text.HAL_SYSTICK_Config
                0x0000000008001dd0       0x2c Drivers/STM32H7xx_HAL_Driver/Src/stm32h7xx_hal_cortex.o
                0x0000000008001dd0                HAL_SYSTICK_Config
 .text.HAL_MPU_Disable
                0x0000000008001dfc       0x20 Drivers/STM32H7xx_HAL_Driver/Src/stm32h7xx_hal_cortex.o
                0x0000000008001dfc                HAL_MPU_Disable
 .text.HAL_MPU_Enable
                0x0000000008001e1c       0x24 Drivers/STM32H7xx_HAL_Driver/Src/stm32h7xx_hal_cortex.o
                0x0000000008001e1c                HAL_MPU_Enable
 .text.HAL_MPU_ConfigRegion
                0x0000000008001e40       0x50 Drivers/STM32H7xx_HAL_Driver/Src/stm32h7xx_hal_cortex.o
                0x0000000008001e40                HAL_MPU_ConfigRegion
 .text.HAL_GPIO_Init
                0x0000000008001e90      0x1d4 Drivers/STM32H7xx_HAL_Driver/Src/stm32h7xx_hal_gpio.o
                0x0000000008001e90                HAL_GPIO_Init
 .text.HAL_GPIO_WritePin
                0x0000000008002064        0xa Drivers/STM32H7xx_HAL_Driver/Src/stm32h7xx_hal_gpio.o
                0x0000000008002064                HAL_GPIO_WritePin
 *fill*         0x000000000800206e        0x2 
 .text.HAL_PWREx_ConfigSupply
                0x0000000008002070       0x48 Drivers/STM32H7xx_HAL_Driver/Src/stm32h7xx_hal_pwr_ex.o
                0x0000000008002070                HAL_PWREx_ConfigSupply
 .text.HAL_RCC_OscConfig
                0x00000000080020b8      0x528 Drivers/STM32H7xx_HAL_Driver/Src/stm32h7xx_hal_rcc.o
                0x00000000080020b8                HAL_RCC_OscConfig
 .text.HAL_RCC_GetSysClockFreq
                0x00000000080025e0      0x138 Drivers/STM32H7xx_HAL_Driver/Src/stm32h7xx_hal_rcc.o
                0x00000000080025e0                HAL_RCC_GetSysClockFreq
 .text.HAL_RCC_ClockConfig
                0x0000000008002718      0x24c Drivers/STM32H7xx_HAL_Driver/Src/stm32h7xx_hal_rcc.o
                0x0000000008002718                HAL_RCC_ClockConfig
 .text.RCCEx_PLL2_Config
                0x0000000008002964       0xf0 Drivers/STM32H7xx_HAL_Driver/Src/stm32h7xx_hal_rcc_ex.o
 .text.RCCEx_PLL3_Config
                0x0000000008002a54       0xf0 Drivers/STM32H7xx_HAL_Driver/Src/stm32h7xx_hal_rcc_ex.o
 .text.HAL_RCCEx_PeriphCLKConfig
                0x0000000008002b44      0x8bc Drivers/STM32H7xx_HAL_Driver/Src/stm32h7xx_hal_rcc_ex.o
                0x0000000008002b44                HAL_RCCEx_PeriphCLKConfig
 .text.HAL_SPI_Init
                0x0000000008003400      0x114 Drivers/STM32H7xx_HAL_Driver/Src/stm32h7xx_hal_spi.o
                0x0000000008003400                HAL_SPI_Init
 .text.HAL_SRAM_Init
                0x0000000008003514       0x68 Drivers/STM32H7xx_HAL_Driver/Src/stm32h7xx_hal_sram.o
                0x0000000008003514                HAL_SRAM_Init
 .text.FMC_NORSRAM_Init
                0x000000000800357c       0x94 Drivers/STM32H7xx_HAL_Driver/Src/stm32h7xx_ll_fmc.o
                0x000000000800357c                FMC_NORSRAM_Init
 .text.FMC_NORSRAM_Timing_Init
                0x0000000008003610       0x54 Drivers/STM32H7xx_HAL_Driver/Src/stm32h7xx_ll_fmc.o
                0x0000000008003610                FMC_NORSRAM_Timing_Init
 .text.FMC_NORSRAM_Extended_Timing_Init
                0x0000000008003664       0x3c Drivers/STM32H7xx_HAL_Driver/Src/stm32h7xx_ll_fmc.o
                0x0000000008003664                FMC_NORSRAM_Extended_Timing_Init
 .text.__libc_init_array
                0x00000000080036a0       0x48 c:/custom program files/stm32cubeide_1.5.0/stm32cubeide/plugins/com.st.stm32cube.ide.mcu.externaltools.gnu-tools-for-stm32.7-2018-q2-update.win32_1.5.0.202011040924/tools/bin/../lib/gcc/arm-none-eabi/7.3.1/../../../../arm-none-eabi/lib/thumb/v7e-m/fpv5/hard\libc_nano.a(lib_a-init.o)
                0x00000000080036a0                __libc_init_array
 .text.memset   0x00000000080036e8       0x10 c:/custom program files/stm32cubeide_1.5.0/stm32cubeide/plugins/com.st.stm32cube.ide.mcu.externaltools.gnu-tools-for-stm32.7-2018-q2-update.win32_1.5.0.202011040924/tools/bin/../lib/gcc/arm-none-eabi/7.3.1/../../../../arm-none-eabi/lib/thumb/v7e-m/fpv5/hard\libc_nano.a(lib_a-memset.o)
                0x00000000080036e8                memset
 *(.glue_7)
 .glue_7        0x00000000080036f8        0x0 linker stubs
 *(.glue_7t)
 .glue_7t       0x00000000080036f8        0x0 linker stubs
 *(.eh_frame)
 .eh_frame      0x00000000080036f8        0x0 c:/custom program files/stm32cubeide_1.5.0/stm32cubeide/plugins/com.st.stm32cube.ide.mcu.externaltools.gnu-tools-for-stm32.7-2018-q2-update.win32_1.5.0.202011040924/tools/bin/../lib/gcc/arm-none-eabi/7.3.1/thumb/v7e-m/fpv5/hard/crtbegin.o
 *(.init)
 .init          0x00000000080036f8        0x4 c:/custom program files/stm32cubeide_1.5.0/stm32cubeide/plugins/com.st.stm32cube.ide.mcu.externaltools.gnu-tools-for-stm32.7-2018-q2-update.win32_1.5.0.202011040924/tools/bin/../lib/gcc/arm-none-eabi/7.3.1/thumb/v7e-m/fpv5/hard/crti.o
                0x00000000080036f8                _init
 .init          0x00000000080036fc        0x8 c:/custom program files/stm32cubeide_1.5.0/stm32cubeide/plugins/com.st.stm32cube.ide.mcu.externaltools.gnu-tools-for-stm32.7-2018-q2-update.win32_1.5.0.202011040924/tools/bin/../lib/gcc/arm-none-eabi/7.3.1/thumb/v7e-m/fpv5/hard/crtn.o
 *(.fini)
 .fini          0x0000000008003704        0x4 c:/custom program files/stm32cubeide_1.5.0/stm32cubeide/plugins/com.st.stm32cube.ide.mcu.externaltools.gnu-tools-for-stm32.7-2018-q2-update.win32_1.5.0.202011040924/tools/bin/../lib/gcc/arm-none-eabi/7.3.1/thumb/v7e-m/fpv5/hard/crti.o
                0x0000000008003704                _fini
 .fini          0x0000000008003708        0x8 c:/custom program files/stm32cubeide_1.5.0/stm32cubeide/plugins/com.st.stm32cube.ide.mcu.externaltools.gnu-tools-for-stm32.7-2018-q2-update.win32_1.5.0.202011040924/tools/bin/../lib/gcc/arm-none-eabi/7.3.1/thumb/v7e-m/fpv5/hard/crtn.o
                0x0000000008003710                . = ALIGN (0x4)
                0x0000000008003710                _etext = .

.vfp11_veneer   0x0000000008003710        0x0
 .vfp11_veneer  0x0000000008003710        0x0 linker stubs

.v4_bx          0x0000000008003710        0x0
 .v4_bx         0x0000000008003710        0x0 linker stubs

.iplt           0x0000000008003710        0x0
 .iplt          0x0000000008003710        0x0 c:/custom program files/stm32cubeide_1.5.0/stm32cubeide/plugins/com.st.stm32cube.ide.mcu.externaltools.gnu-tools-for-stm32.7-2018-q2-update.win32_1.5.0.202011040924/tools/bin/../lib/gcc/arm-none-eabi/7.3.1/thumb/v7e-m/fpv5/hard/crtbegin.o

.rodata         0x0000000008003710       0x10
                0x0000000008003710                . = ALIGN (0x4)
 *(.rodata)
 *(.rodata*)
 .rodata.D1CorePrescTable
                0x0000000008003710       0x10 Core/Src/system_stm32h7xx.o
                0x0000000008003710                D1CorePrescTable
                0x0000000008003720                . = ALIGN (0x4)

.rel.dyn        0x0000000008003720        0x0
 .rel.iplt      0x0000000008003720        0x0 c:/custom program files/stm32cubeide_1.5.0/stm32cubeide/plugins/com.st.stm32cube.ide.mcu.externaltools.gnu-tools-for-stm32.7-2018-q2-update.win32_1.5.0.202011040924/tools/bin/../lib/gcc/arm-none-eabi/7.3.1/thumb/v7e-m/fpv5/hard/crtbegin.o

.ARM.extab      0x0000000008003720        0x0
                0x0000000008003720                . = ALIGN (0x4)
 *(.ARM.extab* .gnu.linkonce.armextab.*)
                0x0000000008003720                . = ALIGN (0x4)

.ARM            0x0000000008003720        0x0
                0x0000000008003720                . = ALIGN (0x4)
                0x0000000008003720                __exidx_start = .
 *(.ARM.exidx*)
                0x0000000008003720                __exidx_end = .
                0x0000000008003720                . = ALIGN (0x4)

.preinit_array  0x0000000008003720        0x0
                0x0000000008003720                . = ALIGN (0x4)
                0x0000000008003720                PROVIDE (__preinit_array_start = .)
 *(.preinit_array*)
                0x0000000008003720                PROVIDE (__preinit_array_end = .)
                0x0000000008003720                . = ALIGN (0x4)

.init_array     0x0000000008003720        0x4
                0x0000000008003720                . = ALIGN (0x4)
                0x0000000008003720                PROVIDE (__init_array_start = .)
 *(SORT_BY_NAME(.init_array.*))
 *(.init_array*)
 .init_array    0x0000000008003720        0x4 c:/custom program files/stm32cubeide_1.5.0/stm32cubeide/plugins/com.st.stm32cube.ide.mcu.externaltools.gnu-tools-for-stm32.7-2018-q2-update.win32_1.5.0.202011040924/tools/bin/../lib/gcc/arm-none-eabi/7.3.1/thumb/v7e-m/fpv5/hard/crtbegin.o
                0x0000000008003724                PROVIDE (__init_array_end = .)
                0x0000000008003724                . = ALIGN (0x4)

.fini_array     0x0000000008003724        0x4
                0x0000000008003724                . = ALIGN (0x4)
                [!provide]                        PROVIDE (__fini_array_start = .)
 *(SORT_BY_NAME(.fini_array.*))
 *(.fini_array*)
 .fini_array    0x0000000008003724        0x4 c:/custom program files/stm32cubeide_1.5.0/stm32cubeide/plugins/com.st.stm32cube.ide.mcu.externaltools.gnu-tools-for-stm32.7-2018-q2-update.win32_1.5.0.202011040924/tools/bin/../lib/gcc/arm-none-eabi/7.3.1/thumb/v7e-m/fpv5/hard/crtbegin.o
                [!provide]                        PROVIDE (__fini_array_end = .)
                0x0000000008003728                . = ALIGN (0x4)
                0x0000000008003728                _sidata = LOADADDR (.data)

.data           0x0000000024000000       0x10 load address 0x0000000008003728
                0x0000000024000000                . = ALIGN (0x4)
                0x0000000024000000                _sdata = .
 *(.data)
 *(.data*)
 .data.SystemCoreClock
                0x0000000024000000        0x4 Core/Src/system_stm32h7xx.o
                0x0000000024000000                SystemCoreClock
 .data.SystemD2Clock
                0x0000000024000004        0x4 Core/Src/system_stm32h7xx.o
                0x0000000024000004                SystemD2Clock
 .data.uwTickFreq
                0x0000000024000008        0x1 Drivers/STM32H7xx_HAL_Driver/Src/stm32h7xx_hal.o
                0x0000000024000008                uwTickFreq
 *fill*         0x0000000024000009        0x3 
 .data.uwTickPrio
                0x000000002400000c        0x4 Drivers/STM32H7xx_HAL_Driver/Src/stm32h7xx_hal.o
                0x000000002400000c                uwTickPrio
                0x0000000024000010                . = ALIGN (0x4)
                0x0000000024000010                _edata = .

.igot.plt       0x0000000024000010        0x0 load address 0x0000000008003738
 .igot.plt      0x0000000024000010        0x0 c:/custom program files/stm32cubeide_1.5.0/stm32cubeide/plugins/com.st.stm32cube.ide.mcu.externaltools.gnu-tools-for-stm32.7-2018-q2-update.win32_1.5.0.202011040924/tools/bin/../lib/gcc/arm-none-eabi/7.3.1/thumb/v7e-m/fpv5/hard/crtbegin.o
                0x0000000024000010                . = ALIGN (0x4)

.bss            0x0000000024000010      0x15c load address 0x0000000008003738
                0x0000000024000010                _sbss = .
                0x0000000024000010                __bss_start__ = _sbss
 *(.bss)
 .bss           0x0000000024000010       0x1c c:/custom program files/stm32cubeide_1.5.0/stm32cubeide/plugins/com.st.stm32cube.ide.mcu.externaltools.gnu-tools-for-stm32.7-2018-q2-update.win32_1.5.0.202011040924/tools/bin/../lib/gcc/arm-none-eabi/7.3.1/thumb/v7e-m/fpv5/hard/crtbegin.o
 *(.bss*)
 .bss.FMC_Initialized
                0x000000002400002c        0x4 Core/Src/fmc.o
 .bss.fac_us    0x0000000024000030        0x4 Drivers/NT35510 Driver/delay.o
 *(COMMON)
 COMMON         0x0000000024000034       0x4c Core/Src/fmc.o
                0x0000000024000034                hsram1
 COMMON         0x0000000024000080       0x88 Core/Src/spi.o
                0x0000000024000080                hspi2
 COMMON         0x0000000024000108       0x5e Drivers/NT35510 Driver/nt35510.o
                0x0000000024000108                lcddev
                0x0000000024000118                SRAM_Handler
                0x0000000024000164                DeviceCode
 *fill*         0x0000000024000166        0x2 
 COMMON         0x0000000024000168        0x4 Drivers/STM32H7xx_HAL_Driver/Src/stm32h7xx_hal.o
                0x0000000024000168                uwTick
                0x000000002400016c                . = ALIGN (0x4)
                0x000000002400016c                _ebss = .
                0x000000002400016c                __bss_end__ = _ebss

._user_heap_stack
                0x000000002400016c      0x604 load address 0x0000000008003738
                0x0000000024000170                . = ALIGN (0x8)
 *fill*         0x000000002400016c        0x4 
                [!provide]                        PROVIDE (end = .)
                0x0000000024000170                PROVIDE (_end = .)
                0x0000000024000370                . = (. + _Min_Heap_Size)
 *fill*         0x0000000024000170      0x200 
                0x0000000024000770                . = (. + _Min_Stack_Size)
 *fill*         0x0000000024000370      0x400 
                0x0000000024000770                . = ALIGN (0x8)

/DISCARD/
 libc.a(*)
 libm.a(*)
 libgcc.a(*)

.ARM.attributes
                0x0000000000000000       0x2e
 *(.ARM.attributes)
 .ARM.attributes
                0x0000000000000000       0x20 c:/custom program files/stm32cubeide_1.5.0/stm32cubeide/plugins/com.st.stm32cube.ide.mcu.externaltools.gnu-tools-for-stm32.7-2018-q2-update.win32_1.5.0.202011040924/tools/bin/../lib/gcc/arm-none-eabi/7.3.1/thumb/v7e-m/fpv5/hard/crti.o
 .ARM.attributes
                0x0000000000000020       0x32 c:/custom program files/stm32cubeide_1.5.0/stm32cubeide/plugins/com.st.stm32cube.ide.mcu.externaltools.gnu-tools-for-stm32.7-2018-q2-update.win32_1.5.0.202011040924/tools/bin/../lib/gcc/arm-none-eabi/7.3.1/thumb/v7e-m/fpv5/hard/crtbegin.o
 .ARM.attributes
                0x0000000000000052       0x37 Core/Src/fmc.o
 .ARM.attributes
                0x0000000000000089       0x37 Core/Src/gpio.o
 .ARM.attributes
                0x00000000000000c0       0x37 Core/Src/main.o
 .ARM.attributes
                0x00000000000000f7       0x37 Core/Src/spi.o
 .ARM.attributes
                0x000000000000012e       0x37 Core/Src/stm32h7xx_hal_msp.o
 .ARM.attributes
                0x0000000000000165       0x37 Core/Src/stm32h7xx_it.o
 .ARM.attributes
                0x000000000000019c       0x37 Core/Src/system_stm32h7xx.o
 .ARM.attributes
                0x00000000000001d3       0x21 Core/Startup/startup_stm32h750vbtx.o
 .ARM.attributes
                0x00000000000001f4       0x37 Drivers/NT35510 Driver/delay.o
 .ARM.attributes
                0x000000000000022b       0x37 Drivers/NT35510 Driver/nt35510.o
 .ARM.attributes
                0x0000000000000262       0x37 Drivers/STM32H7xx_HAL_Driver/Src/stm32h7xx_hal.o
 .ARM.attributes
                0x0000000000000299       0x37 Drivers/STM32H7xx_HAL_Driver/Src/stm32h7xx_hal_cortex.o
 .ARM.attributes
                0x00000000000002d0       0x37 Drivers/STM32H7xx_HAL_Driver/Src/stm32h7xx_hal_gpio.o
 .ARM.attributes
                0x0000000000000307       0x37 Drivers/STM32H7xx_HAL_Driver/Src/stm32h7xx_hal_pwr_ex.o
 .ARM.attributes
                0x000000000000033e       0x37 Drivers/STM32H7xx_HAL_Driver/Src/stm32h7xx_hal_rcc.o
 .ARM.attributes
                0x0000000000000375       0x37 Drivers/STM32H7xx_HAL_Driver/Src/stm32h7xx_hal_rcc_ex.o
 .ARM.attributes
                0x00000000000003ac       0x37 Drivers/STM32H7xx_HAL_Driver/Src/stm32h7xx_hal_spi.o
 .ARM.attributes
                0x00000000000003e3       0x37 Drivers/STM32H7xx_HAL_Driver/Src/stm32h7xx_hal_sram.o
 .ARM.attributes
                0x000000000000041a       0x37 Drivers/STM32H7xx_HAL_Driver/Src/stm32h7xx_ll_fmc.o
 .ARM.attributes
                0x0000000000000451       0x32 c:/custom program files/stm32cubeide_1.5.0/stm32cubeide/plugins/com.st.stm32cube.ide.mcu.externaltools.gnu-tools-for-stm32.7-2018-q2-update.win32_1.5.0.202011040924/tools/bin/../lib/gcc/arm-none-eabi/7.3.1/../../../../arm-none-eabi/lib/thumb/v7e-m/fpv5/hard\libc_nano.a(lib_a-init.o)
 .ARM.attributes
                0x0000000000000483       0x32 c:/custom program files/stm32cubeide_1.5.0/stm32cubeide/plugins/com.st.stm32cube.ide.mcu.externaltools.gnu-tools-for-stm32.7-2018-q2-update.win32_1.5.0.202011040924/tools/bin/../lib/gcc/arm-none-eabi/7.3.1/../../../../arm-none-eabi/lib/thumb/v7e-m/fpv5/hard\libc_nano.a(lib_a-memset.o)
 .ARM.attributes
                0x00000000000004b5       0x20 c:/custom program files/stm32cubeide_1.5.0/stm32cubeide/plugins/com.st.stm32cube.ide.mcu.externaltools.gnu-tools-for-stm32.7-2018-q2-update.win32_1.5.0.202011040924/tools/bin/../lib/gcc/arm-none-eabi/7.3.1/thumb/v7e-m/fpv5/hard/crtn.o
OUTPUT(test_LCD_FMC_v3.elf elf32-littlearm)

.comment        0x0000000000000000       0x7b
 .comment       0x0000000000000000       0x7b Core/Src/fmc.o
                                         0x7c (size before relaxing)
 .comment       0x000000000000007b       0x7c Core/Src/gpio.o
 .comment       0x000000000000007b       0x7c Core/Src/main.o
 .comment       0x000000000000007b       0x7c Core/Src/spi.o
 .comment       0x000000000000007b       0x7c Core/Src/stm32h7xx_hal_msp.o
 .comment       0x000000000000007b       0x7c Core/Src/stm32h7xx_it.o
 .comment       0x000000000000007b       0x7c Core/Src/system_stm32h7xx.o
 .comment       0x000000000000007b       0x7c Drivers/NT35510 Driver/delay.o
 .comment       0x000000000000007b       0x7c Drivers/NT35510 Driver/nt35510.o
 .comment       0x000000000000007b       0x7c Drivers/STM32H7xx_HAL_Driver/Src/stm32h7xx_hal.o
 .comment       0x000000000000007b       0x7c Drivers/STM32H7xx_HAL_Driver/Src/stm32h7xx_hal_cortex.o
 .comment       0x000000000000007b       0x7c Drivers/STM32H7xx_HAL_Driver/Src/stm32h7xx_hal_gpio.o
 .comment       0x000000000000007b       0x7c Drivers/STM32H7xx_HAL_Driver/Src/stm32h7xx_hal_pwr_ex.o
 .comment       0x000000000000007b       0x7c Drivers/STM32H7xx_HAL_Driver/Src/stm32h7xx_hal_rcc.o
 .comment       0x000000000000007b       0x7c Drivers/STM32H7xx_HAL_Driver/Src/stm32h7xx_hal_rcc_ex.o
 .comment       0x000000000000007b       0x7c Drivers/STM32H7xx_HAL_Driver/Src/stm32h7xx_hal_spi.o
 .comment       0x000000000000007b       0x7c Drivers/STM32H7xx_HAL_Driver/Src/stm32h7xx_hal_sram.o
 .comment       0x000000000000007b       0x7c Drivers/STM32H7xx_HAL_Driver/Src/stm32h7xx_ll_fmc.o

.debug_frame    0x0000000000000000       0x4c
 .debug_frame   0x0000000000000000       0x2c c:/custom program files/stm32cubeide_1.5.0/stm32cubeide/plugins/com.st.stm32cube.ide.mcu.externaltools.gnu-tools-for-stm32.7-2018-q2-update.win32_1.5.0.202011040924/tools/bin/../lib/gcc/arm-none-eabi/7.3.1/../../../../arm-none-eabi/lib/thumb/v7e-m/fpv5/hard\libc_nano.a(lib_a-init.o)
 .debug_frame   0x000000000000002c       0x20 c:/custom program files/stm32cubeide_1.5.0/stm32cubeide/plugins/com.st.stm32cube.ide.mcu.externaltools.gnu-tools-for-stm32.7-2018-q2-update.win32_1.5.0.202011040924/tools/bin/../lib/gcc/arm-none-eabi/7.3.1/../../../../arm-none-eabi/lib/thumb/v7e-m/fpv5/hard\libc_nano.a(lib_a-memset.o)
