lv_color.h:655:26:lv_color_hex	0	static
lv_demo_printer.c:1040:24:anim_path_triangle	16	static
lv_disp.h:159:26:lv_scr_act	8	static
lv_demo_printer.c:1220:13:anim_bg_color_cb	16	static
lv_demo_printer.c:973:19:add_title	24	static
lv_demo_printer.c:1073:1:icon_generic_event_cb	104	static
lv_demo_printer.c:994:19:add_loader	88	static
lv_demo_printer.c:1013:13:loader_anim_cb	16	static
lv_demo_printer.c:983:19:add_back	16	static
lv_demo_printer.c:1023:13:scan_img_color_refr	8	static
lv_demo_printer.c:951:19:add_icon	32	static
lv_demo_printer.c:1203:13:lv_demo_printer_anim_in	96	static
lv_demo_printer.c:784:13:info_bottom_create	32	static
lv_demo_printer.c:934:1:hue_slider_event_cb	8	static
lv_demo_printer.c:943:1:lightness_slider_event_cb	8	static
lv_demo_printer.c:600:1:print_cnt_bnt_event_cb	8	static
lv_demo_printer.c:1177:13:lv_demo_printer_anim_out_all.constprop	112	static
lv_demo_printer.c:1133:13:lv_demo_printer_anim_bg	112	static
lv_demo_printer.c:136:13:home_open	40	static
lv_demo_printer.c:817:1:back_to_home_event_cb	8	static
lv_demo_printer.c:744:1:setup_icon_event_cb	32	static
lv_demo_printer.c:430:13:print_open	32	static
lv_demo_printer.c:808:1:print_open_event_cb	16	static
lv_demo_printer.c:653:1:back_to_print_event_cb	8	static
lv_demo_printer.c:703:1:internet_icon_event_cb	32	static
lv_demo_printer.c:662:1:mobile_icon_event_cb	32	static
lv_demo_printer.c:482:1:usb_icon_event_cb	136	static
lv_demo_printer.c:614:1:print_start_event_cb	24	static
lv_demo_printer.c:635:13:print_start_ready	16	static
lv_demo_printer.c:378:1:scan_open_icon_event_cb	24	static
lv_demo_printer.c:400:13:scan_anim_ready	56	static
lv_demo_printer.c:407:1:scan_save_event_cb	24	static
lv_demo_printer.c:826:1:scan_next_event_cb	128	static
lv_demo_printer.c:352:1:copy_open_icon_event_cb	32	static
lv_demo_printer.c:106:6:lv_demo_printer	40	static
