lv_color.h:655:26:lv_color_hex	0	static
lv_demo_benchmark.c:1001:16:rnd_next	12	static
lv_demo_benchmark.c:977:13:fall_anim	88	static
lv_disp.h:159:26:lv_scr_act	8	static
lv_demo_benchmark.c:658:13:monitor_cb	8	static
lv_demo_benchmark.c:947:13:arc_create.constprop	104	static
lv_demo_benchmark.c:438:13:arc_think_cb	8	static
lv_demo_benchmark.c:447:13:arc_thick_cb	8	static
lv_demo_benchmark.c:508:13:sub_arc_cb	8	static
lv_demo_benchmark.c:918:13:line_create.constprop	40	static
lv_demo_benchmark.c:429:13:line_cb	8	static
lv_demo_benchmark.c:498:13:sub_line_cb	8	static
lv_demo_benchmark.c:902:13:txt_create.constprop	24	static
lv_demo_benchmark.c:374:13:txt_small_cb	8	static
lv_demo_benchmark.c:383:13:txt_medium_cb	0	static
lv_demo_benchmark.c:392:13:txt_large_cb	0	static
lv_demo_benchmark.c:401:13:txt_small_compr_cb	8	static
lv_demo_benchmark.c:410:13:txt_medium_compr_cb	8	static
lv_demo_benchmark.c:419:13:txt_large_compr_cb	8	static
lv_demo_benchmark.c:518:13:sub_text_cb	8	static
lv_demo_benchmark.c:883:13:img_create.constprop	40	static
lv_demo_benchmark.c:241:13:img_rgb_cb	8	static
lv_demo_benchmark.c:248:13:img_argb_cb	8	static
lv_demo_benchmark.c:256:13:img_ckey_cb	8	static
lv_demo_benchmark.c:264:13:img_index_cb	8	static
lv_demo_benchmark.c:272:13:img_alpha_cb	8	static
lv_demo_benchmark.c:280:13:img_rgb_recolor_cb	8	static
lv_demo_benchmark.c:289:13:img_argb_recolor_cb	8	static
lv_demo_benchmark.c:297:13:img_ckey_recolor_cb	8	static
lv_demo_benchmark.c:305:13:img_index_recolor_cb	8	static
lv_demo_benchmark.c:314:13:img_rgb_rot_cb	8	static
lv_demo_benchmark.c:321:13:img_rgb_rot_aa_cb	8	static
lv_demo_benchmark.c:328:13:img_argb_rot_cb	8	static
lv_demo_benchmark.c:335:13:img_argb_rot_aa_cb	8	static
lv_demo_benchmark.c:342:13:img_rgb_zoom_cb	8	static
lv_demo_benchmark.c:350:13:img_rgb_zoom_aa_cb	8	static
lv_demo_benchmark.c:359:13:img_argb_zoom_cb	8	static
lv_demo_benchmark.c:367:13:img_argb_zoom_aa_cb	8	static
lv_demo_benchmark.c:490:13:sub_img_cb	8	static
lv_demo_benchmark.c:865:13:rect_create.constprop	32	static
lv_demo_benchmark.c:90:13:rectangle_cb	8	static
lv_demo_benchmark.c:97:13:rectangle_rounded_cb	8	static
lv_demo_benchmark.c:105:13:rectangle_circle_cb	8	static
lv_demo_benchmark.c:113:13:border_cb	8	static
lv_demo_benchmark.c:121:13:border_rounded_cb	8	static
lv_demo_benchmark.c:131:13:border_circle_cb	8	static
lv_demo_benchmark.c:140:13:border_top_cb	8	static
lv_demo_benchmark.c:151:13:border_left_cb	8	static
lv_demo_benchmark.c:161:13:border_top_left_cb	8	static
lv_demo_benchmark.c:171:13:border_left_right_cb	8	static
lv_demo_benchmark.c:181:13:border_top_bottom_cb	8	static
lv_demo_benchmark.c:192:13:shadow_small_cb	8	static
lv_demo_benchmark.c:203:13:shadow_small_ofs_cb	8	static
lv_demo_benchmark.c:217:13:shadow_large_cb	8	static
lv_demo_benchmark.c:227:13:shadow_large_ofs_cb	8	static
lv_demo_benchmark.c:457:13:sub_rectangle_cb	8	static
lv_demo_benchmark.c:466:13:sub_border_cb	8	static
lv_demo_benchmark.c:477:13:sub_shadow_cb	8	static
lv_demo_benchmark.c:671:13:scene_next_task_cb	304	static
lv_demo_benchmark.c:628:6:lv_demo_benchmark	40	static
