lv_anim.h:129:20:lv_anim_set_var	16	static
lv_anim.h:141:20:lv_anim_set_exec_cb	16	static
lv_anim.h:151:20:lv_anim_set_time	16	static
lv_anim.h:161:20:lv_anim_set_delay	16	static
lv_anim.h:172:20:lv_anim_set_values	16	static
lv_anim.h:211:20:lv_anim_set_start_cb	16	static
lv_anim.h:221:20:lv_anim_set_ready_cb	16	static
lv_obj_style_dec.h:109:1:lv_obj_set_style_local_opa_scale	16	static
lv_disp.h:159:26:lv_scr_act	8	static
lv_disp.c:49:12:lv_disp_get_scr_act	16	static
lv_disp.c:66:12:lv_disp_get_scr_prev	16	static
lv_disp.c:81:6:lv_disp_load_scr	24	static
lv_disp.c:95:12:lv_disp_get_layer_top	16	static
lv_disp.c:112:12:lv_disp_get_layer_sys	16	static
lv_disp.c:128:6:lv_disp_assign_screen	24	static
lv_disp.c:147:6:lv_disp_set_bg_color	40	static
lv_disp.c:168:6:lv_disp_set_bg_image	40	static
lv_disp.c:189:6:lv_disp_set_bg_opa	40	static
lv_disp.c:214:6:lv_scr_load_anim	168	static
lv_disp.c:317:10:lv_disp_get_inactive_time	32	static
lv_disp.c:337:6:lv_disp_trig_activity	16	static
lv_disp.c:352:6:lv_disp_clean_dcache	16	static
lv_disp.c:370:13:_lv_disp_get_refr_task	16	static
lv_disp.c:386:13:scr_load_anim_start	24	static
lv_disp.c:394:13:opa_scale_anim	16	static
lv_disp.c:400:13:scr_anim_ready	24	static
