lv_indev.c:66:6:_lv_indev_init	8	static
lv_indev.c:75:6:_lv_indev_read_task	48	static
lv_indev.c:137:14:lv_indev_get_act	4	static
lv_indev.c:147:17:lv_indev_get_type	16	static
lv_indev.c:159:6:lv_indev_reset	24	static
lv_indev.c:185:6:lv_indev_reset_long_press	16	static
lv_indev.c:197:6:lv_indev_enable	16	static
lv_indev.c:209:6:lv_indev_set_cursor	24	static
lv_indev.c:225:6:lv_indev_set_group	16	static
lv_indev.c:239:6:lv_indev_set_button_points	16	static
lv_indev.c:251:6:lv_indev_get_point	16	static
lv_indev.c:273:18:lv_indev_get_gesture_dir	16	static
lv_indev.c:283:10:lv_indev_get_key	16	static
lv_indev.c:297:6:lv_indev_is_dragging	16	static
lv_indev.c:310:6:lv_indev_get_vect	16	static
lv_indev.c:334:10:lv_indev_finish_drag	24	static
lv_indev.c:362:6:lv_indev_wait_release	16	static
lv_indev.c:372:12:lv_indev_get_obj_act	4	static
lv_indev.c:383:13:lv_indev_get_read_task	16	static
lv_indev.c:402:13:indev_pointer_proc	16	static
lv_indev.c:429:13:indev_keypad_proc	32	static
lv_indev.c:586:13:indev_encoder_proc	40	static
lv_indev.c:802:13:indev_button_proc	24	static
lv_indev.c:841:13:indev_proc_press	40	static
lv_indev.c:1010:13:indev_proc_release	24	static
lv_indev.c:1098:13:indev_proc_reset_query_handler	16	static
lv_indev.c:1125:12:lv_indev_search_obj	32	static
lv_indev.c:1162:13:indev_click_focus	32	static
lv_indev.c:1257:13:indev_drag	48	static
lv_indev.c:1403:13:indev_drag_throw	48	static
lv_indev.c:1478:19:get_dragged_obj	24	static
lv_indev.c:1494:13:indev_gesture	24	static
lv_indev.c:1550:13:indev_reset_check	16	static
