lv_mem.h:214:44:_lv_memcpy_small	32	static
lv_area.h:100:20:lv_area_copy	16	static
lv_area.h:110:26:lv_area_get_width	16	static
lv_area.h:120:26:lv_area_get_height	16	static
lv_color.h:462:48:lv_color_mix	24	static
lv_color.h:650:26:lv_color_make	16	static
lv_color.h:655:26:lv_color_hex	16	static
lv_anim.h:129:20:lv_anim_set_var	16	static
lv_anim.h:141:20:lv_anim_set_exec_cb	16	static
lv_anim.h:151:20:lv_anim_set_time	16	static
lv_anim.h:161:20:lv_anim_set_delay	16	static
lv_anim.h:172:20:lv_anim_set_values	16	static
lv_anim.h:200:20:lv_anim_set_path	16	static
lv_anim.h:211:20:lv_anim_set_start_cb	16	static
lv_anim.h:221:20:lv_anim_set_ready_cb	16	static
lv_style.h:311:28:lv_style_list_get_style	16	static
lv_obj_style_dec.h:102:1:lv_obj_get_style_radius	16	static
lv_obj_style_dec.h:103:1:lv_obj_get_style_clip_corner	16	static
lv_obj_style_dec.h:104:1:lv_obj_get_style_size	16	static
lv_obj_style_dec.h:105:1:lv_obj_get_style_transform_width	16	static
lv_obj_style_dec.h:106:1:lv_obj_get_style_transform_height	16	static
lv_obj_style_dec.h:107:1:lv_obj_get_style_transform_angle	16	static
lv_obj_style_dec.h:108:1:lv_obj_get_style_transform_zoom	16	static
lv_obj_style_dec.h:109:1:lv_obj_get_style_opa_scale	16	static
lv_obj_style_dec.h:109:1:lv_obj_set_style_local_opa_scale	16	static
lv_obj_style_dec.h:110:1:lv_obj_get_style_pad_top	16	static
lv_obj_style_dec.h:111:1:lv_obj_get_style_pad_bottom	16	static
lv_obj_style_dec.h:112:1:lv_obj_get_style_pad_left	16	static
lv_obj_style_dec.h:113:1:lv_obj_get_style_pad_right	16	static
lv_obj_style_dec.h:114:1:lv_obj_get_style_pad_inner	16	static
lv_obj_style_dec.h:115:1:lv_obj_get_style_margin_top	16	static
lv_obj_style_dec.h:116:1:lv_obj_get_style_margin_bottom	16	static
lv_obj_style_dec.h:117:1:lv_obj_get_style_margin_left	16	static
lv_obj_style_dec.h:118:1:lv_obj_get_style_margin_right	16	static
lv_obj_style_dec.h:119:1:lv_obj_get_style_bg_blend_mode	16	static
lv_obj_style_dec.h:120:1:lv_obj_get_style_bg_main_stop	16	static
lv_obj_style_dec.h:121:1:lv_obj_get_style_bg_grad_stop	16	static
lv_obj_style_dec.h:122:1:lv_obj_get_style_bg_grad_dir	16	static
lv_obj_style_dec.h:123:1:lv_obj_get_style_bg_color	16	static
lv_obj_style_dec.h:124:1:lv_obj_get_style_bg_grad_color	16	static
lv_obj_style_dec.h:125:1:lv_obj_get_style_bg_opa	16	static
lv_obj_style_dec.h:126:1:lv_obj_get_style_border_width	16	static
lv_obj_style_dec.h:127:1:lv_obj_get_style_border_side	16	static
lv_obj_style_dec.h:128:1:lv_obj_get_style_border_blend_mode	16	static
lv_obj_style_dec.h:129:1:lv_obj_get_style_border_post	16	static
lv_obj_style_dec.h:130:1:lv_obj_get_style_border_color	16	static
lv_obj_style_dec.h:131:1:lv_obj_get_style_border_opa	16	static
lv_obj_style_dec.h:132:1:lv_obj_get_style_outline_width	16	static
lv_obj_style_dec.h:133:1:lv_obj_get_style_outline_pad	16	static
lv_obj_style_dec.h:134:1:lv_obj_get_style_outline_blend_mode	16	static
lv_obj_style_dec.h:135:1:lv_obj_get_style_outline_color	16	static
lv_obj_style_dec.h:136:1:lv_obj_get_style_outline_opa	16	static
lv_obj_style_dec.h:137:1:lv_obj_get_style_shadow_width	16	static
lv_obj_style_dec.h:138:1:lv_obj_get_style_shadow_ofs_x	16	static
lv_obj_style_dec.h:139:1:lv_obj_get_style_shadow_ofs_y	16	static
lv_obj_style_dec.h:140:1:lv_obj_get_style_shadow_spread	16	static
lv_obj_style_dec.h:141:1:lv_obj_get_style_shadow_blend_mode	16	static
lv_obj_style_dec.h:142:1:lv_obj_get_style_shadow_color	16	static
lv_obj_style_dec.h:143:1:lv_obj_get_style_shadow_opa	16	static
lv_obj_style_dec.h:144:1:lv_obj_get_style_pattern_repeat	16	static
lv_obj_style_dec.h:145:1:lv_obj_get_style_pattern_blend_mode	16	static
lv_obj_style_dec.h:146:1:lv_obj_get_style_pattern_recolor	16	static
lv_obj_style_dec.h:147:1:lv_obj_get_style_pattern_opa	16	static
lv_obj_style_dec.h:148:1:lv_obj_get_style_pattern_recolor_opa	16	static
lv_obj_style_dec.h:149:1:lv_obj_get_style_pattern_image	16	static
lv_obj_style_dec.h:150:1:lv_obj_get_style_value_letter_space	16	static
lv_obj_style_dec.h:151:1:lv_obj_get_style_value_line_space	16	static
lv_obj_style_dec.h:152:1:lv_obj_get_style_value_blend_mode	16	static
lv_obj_style_dec.h:153:1:lv_obj_get_style_value_ofs_x	16	static
lv_obj_style_dec.h:154:1:lv_obj_get_style_value_ofs_y	16	static
lv_obj_style_dec.h:155:1:lv_obj_get_style_value_align	16	static
lv_obj_style_dec.h:156:1:lv_obj_get_style_value_color	16	static
lv_obj_style_dec.h:157:1:lv_obj_get_style_value_opa	16	static
lv_obj_style_dec.h:158:1:lv_obj_get_style_value_font	16	static
lv_obj_style_dec.h:159:1:lv_obj_get_style_value_str	16	static
lv_obj_style_dec.h:160:1:lv_obj_get_style_text_letter_space	16	static
lv_obj_style_dec.h:161:1:lv_obj_get_style_text_line_space	16	static
lv_obj_style_dec.h:162:1:lv_obj_get_style_text_decor	16	static
lv_obj_style_dec.h:163:1:lv_obj_get_style_text_blend_mode	16	static
lv_obj_style_dec.h:164:1:lv_obj_get_style_text_color	16	static
lv_obj_style_dec.h:165:1:lv_obj_get_style_text_sel_color	16	static
lv_obj_style_dec.h:166:1:lv_obj_get_style_text_sel_bg_color	16	static
lv_obj_style_dec.h:167:1:lv_obj_get_style_text_opa	16	static
lv_obj_style_dec.h:168:1:lv_obj_get_style_text_font	16	static
lv_obj_style_dec.h:169:1:lv_obj_get_style_line_width	16	static
lv_obj_style_dec.h:170:1:lv_obj_get_style_line_blend_mode	16	static
lv_obj_style_dec.h:171:1:lv_obj_get_style_line_dash_width	16	static
lv_obj_style_dec.h:172:1:lv_obj_get_style_line_dash_gap	16	static
lv_obj_style_dec.h:173:1:lv_obj_get_style_line_rounded	16	static
lv_obj_style_dec.h:174:1:lv_obj_get_style_line_color	16	static
lv_obj_style_dec.h:175:1:lv_obj_get_style_line_opa	16	static
lv_obj_style_dec.h:176:1:lv_obj_get_style_image_blend_mode	16	static
lv_obj_style_dec.h:177:1:lv_obj_get_style_image_recolor	16	static
lv_obj_style_dec.h:178:1:lv_obj_get_style_image_opa	16	static
lv_obj_style_dec.h:179:1:lv_obj_get_style_image_recolor_opa	16	static
lv_obj_style_dec.h:180:1:lv_obj_get_style_transition_time	16	static
lv_obj_style_dec.h:181:1:lv_obj_get_style_transition_delay	16	static
lv_obj_style_dec.h:182:1:lv_obj_get_style_transition_prop_1	16	static
lv_obj_style_dec.h:183:1:lv_obj_get_style_transition_prop_2	16	static
lv_obj_style_dec.h:184:1:lv_obj_get_style_transition_prop_3	16	static
lv_obj_style_dec.h:185:1:lv_obj_get_style_transition_prop_4	16	static
lv_obj_style_dec.h:186:1:lv_obj_get_style_transition_prop_5	16	static
lv_obj_style_dec.h:187:1:lv_obj_get_style_transition_prop_6	16	static
lv_obj_style_dec.h:189:1:lv_obj_get_style_transition_path	16	static
lv_obj_style_dec.h:194:1:lv_obj_get_style_scale_width	16	static
lv_obj_style_dec.h:195:1:lv_obj_get_style_scale_border_width	16	static
lv_obj_style_dec.h:196:1:lv_obj_get_style_scale_end_border_width	16	static
lv_obj_style_dec.h:197:1:lv_obj_get_style_scale_end_line_width	16	static
lv_obj_style_dec.h:198:1:lv_obj_get_style_scale_grad_color	16	static
lv_obj_style_dec.h:199:1:lv_obj_get_style_scale_end_color	16	static
lv_obj.c:169:6:lv_init	48	static
lv_obj.c:244:6:lv_deinit	8	static
lv_obj.c:271:12:lv_obj_create	32	static
lv_obj.c:478:10:lv_obj_del	40	static
lv_obj.c:513:6:lv_obj_del_anim_ready_cb	16	static
lv_obj.c:525:6:lv_obj_del_async	24	static
lv_obj.c:535:6:lv_obj_clean	32	static
lv_obj.c:551:6:lv_obj_invalidate_area	40	static
lv_obj.c:566:6:lv_obj_invalidate	40	static
lv_obj.c:589:6:lv_obj_area_is_visible	40	static
lv_obj.c:634:6:lv_obj_is_visible	40	static
lv_obj.c:663:6:lv_obj_set_parent	40	static
lv_obj.c:719:6:lv_obj_move_foreground	32	static
lv_obj.c:742:6:lv_obj_move_background	32	static
lv_obj.c:771:6:lv_obj_set_pos	40	static
lv_obj.c:823:6:lv_obj_set_x	24	static
lv_obj.c:835:6:lv_obj_set_y	24	static
lv_obj.c:848:6:lv_obj_set_size	40	static
lv_obj.c:902:6:lv_obj_set_width	24	static
lv_obj.c:914:6:lv_obj_set_height	24	static
lv_obj.c:926:6:lv_obj_set_width_fit	24	static
lv_obj.c:939:6:lv_obj_set_height_fit	24	static
lv_obj.c:953:6:lv_obj_set_width_margin	24	static
lv_obj.c:967:6:lv_obj_set_height_margin	24	static
lv_obj.c:983:6:lv_obj_align	48	static
lv_obj.c:1010:6:lv_obj_align_x	48	static
lv_obj.c:1028:6:lv_obj_align_y	48	static
lv_obj.c:1047:6:lv_obj_align_mid	48	static
lv_obj.c:1077:6:lv_obj_align_mid_x	48	static
lv_obj.c:1099:6:lv_obj_align_mid_y	48	static
lv_obj.c:1117:6:lv_obj_realign	32	static
lv_obj.c:1138:6:lv_obj_set_auto_realign	24	static
lv_obj.c:1162:6:lv_obj_set_ext_click_area	32	static
lv_obj.c:1194:6:lv_obj_add_style	32	static
lv_obj.c:1218:6:lv_obj_remove_style	32	static
lv_obj.c:1243:6:lv_obj_clean_style_list	24	static
lv_obj.c:1265:6:lv_obj_reset_style_list	16	static
lv_obj.c:1284:6:_lv_obj_set_style_local_int	32	static
lv_obj.c:1306:6:_lv_obj_set_style_local_color	32	static
lv_obj.c:1328:6:_lv_obj_set_style_local_opa	24	static
lv_obj.c:1350:6:_lv_obj_set_style_local_ptr	32	static
lv_obj.c:1371:6:lv_obj_remove_style_local_prop	32	static
lv_obj.c:1385:6:lv_obj_refresh_style	32	static
lv_obj.c:1465:6:lv_obj_report_style_mod	24	static
lv_obj.c:1483:6:_lv_obj_disable_style_caching	32	static
lv_obj.c:1507:6:lv_obj_set_hidden	32	static
lv_obj.c:1526:6:lv_obj_set_adv_hittest	24	static
lv_obj.c:1538:6:lv_obj_set_click	24	static
lv_obj.c:1551:6:lv_obj_set_top	24	static
lv_obj.c:1563:6:lv_obj_set_drag	24	static
lv_obj.c:1576:6:lv_obj_set_drag_dir	24	static
lv_obj.c:1590:6:lv_obj_set_drag_throw	24	static
lv_obj.c:1603:6:lv_obj_set_drag_parent	24	static
lv_obj.c:1616:6:lv_obj_set_gesture_parent	16	static
lv_obj.c:1627:6:lv_obj_set_focus_parent	16	static
lv_obj.c:1651:6:lv_obj_set_parent_event	24	static
lv_obj.c:1663:6:lv_obj_set_base_dir	16	static
lv_obj.c:1685:6:lv_obj_add_protect	24	static
lv_obj.c:1697:6:lv_obj_clear_protect	24	static
lv_obj.c:1712:6:lv_obj_set_state	448	static
lv_obj.c:1820:6:lv_obj_add_state	32	static
lv_obj.c:1837:6:lv_obj_clear_state	32	static
lv_obj.c:1853:6:lv_obj_finish_transitions	24	static
lv_obj.c:1874:6:lv_obj_set_event_cb	24	static
lv_obj.c:1888:10:lv_event_send	40	static
lv_obj.c:1904:10:lv_event_send_refresh	16	static
lv_obj.c:1913:6:lv_event_send_refresh_recursive	32	static
lv_obj.c:1955:10:lv_event_send_func	56	static
lv_obj.c:2012:14:lv_event_get_data	4	static
lv_obj.c:2023:6:lv_obj_set_signal_cb	24	static
lv_obj.c:2036:10:lv_signal_send	32	static
lv_obj.c:2051:6:lv_obj_set_design_cb	24	static
lv_obj.c:2069:8:lv_obj_allocate_ext_attr	32	static
lv_obj.c:2085:6:lv_obj_refresh_ext_draw_pad	24	static
lv_obj.c:2103:12:lv_obj_get_screen	32	static
lv_obj.c:2123:13:lv_obj_get_disp	40	static
lv_obj.c:2155:12:lv_obj_get_parent	24	static
lv_obj.c:2169:12:lv_obj_get_child	32	static
lv_obj.c:2192:12:lv_obj_get_child_back	32	static
lv_obj.c:2213:10:lv_obj_count_children	32	static
lv_obj.c:2229:10:lv_obj_count_children_recursive	32	static
lv_obj.c:2253:6:lv_obj_get_coords	24	static
lv_obj.c:2265:6:lv_obj_get_inner_coords	32	static
lv_obj.c:2286:12:lv_obj_get_x	32	static
lv_obj.c:2306:12:lv_obj_get_y	32	static
lv_obj.c:2326:12:lv_obj_get_width	24	static
lv_obj.c:2338:12:lv_obj_get_height	24	static
lv_obj.c:2350:12:lv_obj_get_width_fit	32	static
lv_obj.c:2365:12:lv_obj_get_height_fit	32	static
lv_obj.c:2381:12:lv_obj_get_height_margin	24	static
lv_obj.c:2395:12:lv_obj_get_width_margin	24	static
lv_obj.c:2413:12:lv_obj_get_width_grid	24	static
lv_obj.c:2434:12:lv_obj_get_height_grid	24	static
lv_obj.c:2450:6:lv_obj_get_auto_realign	24	static
lv_obj.c:2467:12:lv_obj_get_ext_click_pad_left	24	static
lv_obj.c:2486:12:lv_obj_get_ext_click_pad_right	24	static
lv_obj.c:2505:12:lv_obj_get_ext_click_pad_top	24	static
lv_obj.c:2524:12:lv_obj_get_ext_click_pad_bottom	24	static
lv_obj.c:2543:12:lv_obj_get_ext_draw_pad	24	static
lv_obj.c:2554:19:lv_obj_get_style_list	32	static
lv_obj.c:2584:16:_lv_obj_get_style_int	40	static
lv_obj.c:2715:12:_lv_obj_get_style_color	40	static
lv_obj.c:2771:10:_lv_obj_get_style_opa	40	static
lv_obj.c:2850:14:_lv_obj_get_style_ptr	40	static
lv_obj.c:2923:14:lv_obj_get_local_style	32	static
lv_obj.c:2939:6:lv_obj_get_hidden	24	static
lv_obj.c:2951:6:lv_obj_get_adv_hittest	24	static
lv_obj.c:2963:6:lv_obj_get_click	24	static
lv_obj.c:2975:6:lv_obj_get_top	24	static
lv_obj.c:2987:6:lv_obj_get_drag	24	static
lv_obj.c:2999:15:lv_obj_get_drag_dir	24	static
lv_obj.c:3011:6:lv_obj_get_drag_throw	24	static
lv_obj.c:3023:6:lv_obj_get_drag_parent	16	static
lv_obj.c:3033:6:lv_obj_get_gesture_parent	16	static
lv_obj.c:3043:6:lv_obj_get_focus_parent	16	static
lv_obj.c:3053:6:lv_obj_get_parent_event	24	static
lv_obj.c:3061:15:lv_obj_get_base_dir	24	static
lv_obj.c:3086:9:lv_obj_get_protect	24	static
lv_obj.c:3099:6:lv_obj_is_protected	24	static
lv_obj.c:3106:12:lv_obj_get_state	32	static
lv_obj.c:3129:16:lv_obj_get_signal_cb	24	static
lv_obj.c:3141:16:lv_obj_get_design_cb	24	static
lv_obj.c:3153:15:lv_obj_get_event_cb	24	static
lv_obj.c:3170:8:lv_obj_get_ext_attr	24	static
lv_obj.c:3183:6:lv_obj_get_type	64	static
lv_obj.c:3251:8:lv_obj_get_group	24	static
lv_obj.c:3268:6:lv_obj_is_focused	24	static
lv_obj.c:3296:6:lv_obj_is_point_on_coords	24	static
lv_obj.c:3328:6:lv_obj_hittest	24	static
lv_obj.c:3348:10:lv_obj_handle_get_type_signal	24	static
lv_obj.c:3367:6:lv_obj_init_draw_rect_dsc	40	static
lv_obj.c:3503:6:lv_obj_init_draw_label_dsc	40	static
lv_obj.c:3536:6:lv_obj_init_draw_img_dsc	40	static
lv_obj.c:3563:6:lv_obj_init_draw_line_dsc	40	static
lv_obj.c:3599:12:lv_obj_get_draw_rect_ext_pad_size	96	static
lv_obj.c:3675:6:lv_obj_fade_in	96	static
lv_obj.c:3700:6:lv_obj_fade_out	96	static
lv_obj.c:3724:6:lv_debug_check_obj_type	56	static
lv_obj.c:3746:6:lv_debug_check_obj_valid	32	static
lv_obj.c:3768:13:lv_obj_del_async_cb	24	static
lv_obj.c:3775:13:obj_del_core	40	static
lv_obj.c:3858:24:lv_obj_design	168	static
lv_obj.c:3966:12:lv_obj_get_focused_obj	24	static
lv_obj.c:3984:17:lv_obj_signal	40	static
lv_obj.c:4063:13:refresh_children_position	24	static
lv_obj.c:4081:13:report_style_mod_core	32	static
lv_obj.c:4112:13:refresh_children_style	24	static
lv_obj.c:4125:13:base_dir_refr_children	24	static
lv_obj.c:4140:13:obj_align_core	40	static
lv_obj.c:4160:13:obj_align_mid_core	48	static
lv_obj.c:4305:27:trans_create	64	static
lv_obj.c:4426:13:trans_del	40	static
lv_obj.c:4452:13:trans_anim_cb	40	static
lv_obj.c:4488:13:trans_anim_start_cb	32	static
lv_obj.c:4517:13:trans_anim_ready_cb	40	static
lv_obj.c:4543:13:opa_scale_anim	16	static
lv_obj.c:4548:13:fade_in_anim_ready	16	static
lv_obj.c:4555:13:lv_event_mark_deleted	24	static
lv_obj.c:4565:13:obj_valid_child	24	static
lv_obj.c:4580:13:style_prop_is_cacheble	16	static
lv_obj.c:4634:13:update_style_cache	24	static
lv_obj.c:4721:13:update_style_cache_children	40	static
lv_obj.c:4758:13:invalidate_style_cache	32	static
lv_obj.c:4782:13:style_snapshot	40	static
lv_obj.c:4829:29:style_snapshot_compare	16	static
