lv_mem.h:214:44:_lv_memcpy_small	32	static
lv_color.h:462:48:lv_color_mix	24	static
lv_color.h:650:26:lv_color_make	16	static
lv_color.h:655:26:lv_color_hex	16	static
lv_anim.h:129:20:lv_anim_set_var	16	static
lv_anim.h:141:20:lv_anim_set_exec_cb	16	static
lv_anim.h:151:20:lv_anim_set_time	16	static
lv_anim.h:161:20:lv_anim_set_delay	16	static
lv_anim.h:172:20:lv_anim_set_values	16	static
lv_anim.h:200:20:lv_anim_set_path	16	static
lv_anim.h:221:20:lv_anim_set_ready_cb	16	static
lv_anim.h:276:20:lv_anim_path_init	16	static
lv_anim.h:286:20:lv_anim_path_set_cb	16	static
lv_obj_style_dec.h:102:1:lv_obj_set_style_local_radius	16	static
lv_obj_style_dec.h:103:1:lv_obj_set_style_local_clip_corner	16	static
lv_obj_style_dec.h:123:1:lv_obj_get_style_bg_color	16	static
lv_obj_style_dec.h:123:1:lv_obj_set_style_local_bg_color	16	static
lv_obj_style_dec.h:125:1:lv_obj_set_style_local_bg_opa	16	static
lv_obj_style_dec.h:154:1:lv_obj_set_style_local_value_ofs_y	16	static
lv_obj_style_dec.h:155:1:lv_obj_set_style_local_value_align	16	static
lv_obj_style_dec.h:158:1:lv_obj_set_style_local_value_font	24	static
lv_obj_style_dec.h:159:1:lv_obj_get_style_value_str	16	static
lv_obj_style_dec.h:159:1:lv_obj_set_style_local_value_str	24	static
lv_obj_style_dec.h:168:1:lv_obj_set_style_local_text_font	24	static
lv_obj_style_dec.h:177:1:lv_obj_set_style_local_image_recolor	16	static
lv_obj_style_dec.h:179:1:lv_obj_set_style_local_image_recolor_opa	16	static
lv_disp.h:159:26:lv_scr_act	8	static
lv_disp.h:182:20:lv_scr_load	16	static
lv_slider.h:84:20:lv_slider_set_value	16	static
lv_slider.h:106:20:lv_slider_set_range	16	static
lv_api_map.h:217:20:lv_obj_align_origo	32	static
lv_demo_printer.c:106:6:lv_demo_printer	40	static
lv_demo_printer.c:136:13:home_open	56	static
lv_demo_printer.c:267:13:scan1_open	64	static
lv_demo_printer.c:352:1:copy_open_icon_event_cb	40	static
lv_demo_printer.c:378:1:scan_open_icon_event_cb	40	static
lv_demo_printer.c:400:13:scan_anim_ready	16	static
lv_demo_printer.c:407:1:scan_save_event_cb	32	static
lv_demo_printer.c:430:13:print_open	56	static
lv_demo_printer.c:482:1:usb_icon_event_cb	168	static
lv_demo_printer.c:600:1:print_cnt_bnt_event_cb	24	static
lv_demo_printer.c:614:1:print_start_event_cb	40	static
lv_demo_printer.c:635:13:print_start_ready	32	static
lv_demo_printer.c:653:1:back_to_print_event_cb	16	static
lv_demo_printer.c:662:1:mobile_icon_event_cb	32	static
lv_demo_printer.c:703:1:internet_icon_event_cb	32	static
lv_demo_printer.c:744:1:setup_icon_event_cb	32	static
lv_demo_printer.c:784:13:info_bottom_create	40	static
lv_demo_printer.c:808:1:print_open_event_cb	16	static
lv_demo_printer.c:817:1:back_to_home_event_cb	16	static
lv_demo_printer.c:826:1:scan_next_event_cb	152	static
lv_demo_printer.c:934:1:hue_slider_event_cb	16	static
lv_demo_printer.c:943:1:lightness_slider_event_cb	16	static
lv_demo_printer.c:951:19:add_icon	48	static
lv_demo_printer.c:973:19:add_title	32	static
lv_demo_printer.c:983:19:add_back	24	static
lv_demo_printer.c:994:19:add_loader	88	static
lv_demo_printer.c:1013:13:loader_anim_cb	16	static
lv_demo_printer.c:1023:13:scan_img_color_refr	16	static
lv_demo_printer.c:1040:24:anim_path_triangle	48	static
lv_demo_printer.c:1073:1:icon_generic_event_cb	112	static
lv_demo_printer.c:1133:13:lv_demo_printer_anim_bg	104	static
lv_demo_printer.c:1177:13:lv_demo_printer_anim_out_all	96	static
lv_demo_printer.c:1203:13:lv_demo_printer_anim_in	96	static
lv_demo_printer.c:1220:13:anim_bg_color_cb	24	static
