lv_color.h:650:26:lv_color_make	16	static
lv_color.h:655:26:lv_color_hex	16	static
lv_obj_style_dec.h:102:1:lv_style_set_radius	16	static
lv_obj_style_dec.h:104:1:lv_style_set_size	16	static
lv_obj_style_dec.h:105:1:lv_style_set_transform_width	16	static
lv_obj_style_dec.h:106:1:lv_style_set_transform_height	16	static
lv_obj_style_dec.h:108:1:lv_style_set_transform_zoom	16	static
lv_obj_style_dec.h:110:1:lv_style_set_pad_top	16	static
lv_obj_style_dec.h:111:1:lv_style_set_pad_bottom	16	static
lv_obj_style_dec.h:112:1:lv_style_set_pad_left	16	static
lv_obj_style_dec.h:113:1:lv_style_set_pad_right	16	static
lv_obj_style_dec.h:114:1:lv_style_set_pad_inner	16	static
lv_obj_style_dec.h:123:1:lv_style_set_bg_color	16	static
lv_obj_style_dec.h:125:1:lv_style_set_bg_opa	16	static
lv_obj_style_dec.h:126:1:lv_style_set_border_width	16	static
lv_obj_style_dec.h:130:1:lv_style_set_border_color	16	static
lv_obj_style_dec.h:137:1:lv_style_set_shadow_width	16	static
lv_obj_style_dec.h:142:1:lv_style_set_shadow_color	16	static
lv_obj_style_dec.h:156:1:lv_style_set_value_color	16	static
lv_obj_style_dec.h:158:1:lv_style_set_value_font	24	static
lv_obj_style_dec.h:159:1:lv_style_set_value_str	24	static
lv_obj_style_dec.h:161:1:lv_style_set_text_line_space	16	static
lv_obj_style_dec.h:164:1:lv_style_set_text_color	16	static
lv_obj_style_dec.h:168:1:lv_style_set_text_font	24	static
lv_obj_style_dec.h:169:1:lv_style_set_line_width	16	static
lv_obj_style_dec.h:174:1:lv_style_set_line_color	16	static
lv_obj_style_dec.h:177:1:lv_style_set_image_recolor	16	static
lv_obj_style_dec.h:180:1:lv_style_set_transition_time	16	static
lv_obj_style_dec.h:181:1:lv_style_set_transition_delay	16	static
lv_obj_style_dec.h:182:1:lv_style_set_transition_prop_1	16	static
lv_obj_style_dec.h:183:1:lv_style_set_transition_prop_2	16	static
lv_obj_style_dec.h:184:1:lv_style_set_transition_prop_3	16	static
lv_obj_style_dec.h:185:1:lv_style_set_transition_prop_4	16	static
lv_demo_printer_theme.c:64:13:basic_init	8	static
lv_demo_printer_theme.c:254:14:lv_demo_printer_theme_init	24	static
lv_demo_printer_theme.c:274:13:theme_apply	24	static
