lv_anim.h:276:20:lv_anim_path_init	16	static
lv_anim.h:286:20:lv_anim_path_set_cb	16	static
lv_obj_style_dec.h:102:1:lv_obj_set_style_local_radius	16	static
lv_obj_style_dec.h:102:1:lv_style_set_radius	16	static
lv_obj_style_dec.h:105:1:lv_style_set_transform_width	16	static
lv_obj_style_dec.h:106:1:lv_style_set_transform_height	16	static
lv_obj_style_dec.h:122:1:lv_style_set_bg_grad_dir	16	static
lv_obj_style_dec.h:123:1:lv_style_set_bg_color	16	static
lv_obj_style_dec.h:124:1:lv_style_set_bg_grad_color	16	static
lv_obj_style_dec.h:125:1:lv_style_set_bg_opa	16	static
lv_obj_style_dec.h:126:1:lv_style_set_border_width	16	static
lv_obj_style_dec.h:130:1:lv_style_set_border_color	16	static
lv_obj_style_dec.h:131:1:lv_style_set_border_opa	16	static
lv_obj_style_dec.h:164:1:lv_style_set_text_color	16	static
lv_obj_style_dec.h:180:1:lv_style_set_transition_time	16	static
lv_obj_style_dec.h:182:1:lv_style_set_transition_prop_1	16	static
lv_obj_style_dec.h:183:1:lv_style_set_transition_prop_2	16	static
lv_obj_style_dec.h:189:1:lv_style_set_transition_path	24	static
lv_disp.h:159:26:lv_scr_act	8	static
lv_ex_get_started_2.c:7:6:lv_ex_get_started_2	48	static
