lv_group.c:519:13:obj_to_foreground	8	static
lv_group.c:451:13:focus_next_core.part.0	32	static
lv_group.c:51:6:_lv_group_init	0	static
lv_group.c:60:14:lv_group_create	8	static
lv_group.c:86:6:lv_group_del	16	static
lv_group.c:190:6:lv_group_remove_all_objs	16	static
lv_group.c:256:6:lv_group_focus_next	0	static
lv_group.c:265:6:lv_group_focus_prev	0	static
lv_group.c:437:13:lv_group_refocus	16	static
lv_group.c:110:6:lv_group_add_obj	16	static
lv_group.c:148:6:lv_group_remove_obj	16	static
lv_group.c:275:6:lv_group_focus_freeze	0	static
lv_group.c:310:6:lv_group_set_focus_cb	0	static
lv_group.c:344:6:lv_group_set_click_focus	0	static
lv_group.c:349:6:lv_group_set_refocus_policy	0	static
lv_group.c:359:6:lv_group_set_wrap	0	static
lv_group.c:369:12:lv_group_get_focused	0	static
lv_group.c:289:10:lv_group_send_data	16	static
lv_group.c:320:6:lv_group_set_editing	16	static
lv_group.c:212:6:lv_group_focus_obj	16	static
lv_group.c:394:21:lv_group_get_focus_cb	0	static
lv_group.c:405:6:lv_group_get_editing	0	static
lv_group.c:416:6:lv_group_get_click_focus	0	static
lv_group.c:427:6:lv_group_get_wrap	0	static
