lv_refr.c:752:13:lv_refr_vdb_flush	16	static
lv_refr.c:676:13:lv_refr_obj	64	static
lv_refr.c:632:13:lv_refr_obj_and_children	24	static
lv_refr.c:591:19:lv_refr_get_top_obj	24	static
lv_refr.c:503:13:lv_refr_area_part	128	static
lv_area.h:100:20:lv_area_copy	0	static
lv_refr.c:73:6:_lv_refr_init	0	static
lv_refr.c:110:6:_lv_inv_area	40	static
lv_refr.c:159:13:_lv_refr_get_disp_refreshing	0	static
lv_refr.c:170:6:_lv_refr_set_disp_refreshing	0	static
lv_refr.c:179:6:_lv_disp_refr_task	80	static
lv_refr.c:85:6:lv_refr_now	8	static
