lv_fs.c:624:21:lv_fs_get_real_path	0	static
lv_fs.c:57:6:_lv_fs_init	0	static
lv_fs.c:138:13:lv_fs_close	16	static
lv_fs.c:191:13:lv_fs_read	40	static
lv_fs.c:212:13:lv_fs_write	40	static
lv_fs.c:237:13:lv_fs_seek	4	static
lv_fs.c:258:13:lv_fs_tell	4	static
lv_fs.c:281:13:lv_fs_trunc	0	static
lv_fs.c:301:13:lv_fs_size	4	static
lv_fs.c:394:13:lv_fs_dir_read	4	static
lv_fs.c:415:13:lv_fs_dir_close	16	static
lv_fs.c:476:6:lv_fs_drv_init	0	static
lv_fs.c:486:6:lv_fs_drv_register	16	static
lv_fs.c:502:15:lv_fs_get_drv	16	static
lv_fs.c:68:6:lv_fs_is_ready	8	static
lv_fs.c:86:13:lv_fs_open	24	static
lv_fs.c:163:13:lv_fs_remove	16	static
lv_fs.c:322:13:lv_fs_rename	24	static
lv_fs.c:356:13:lv_fs_dir_open	16	static
lv_fs.c:445:13:lv_fs_free_space	24	static
lv_fs.c:519:8:lv_fs_get_letters	16	static
lv_fs.c:539:14:lv_fs_get_ext	8	static
lv_fs.c:559:8:lv_fs_up	8	static
lv_fs.c:590:14:lv_fs_get_last	8	static
