lv_mem.c:818:23:ent_get_next	0	static
lv_mem.c:862:13:ent_trunc	8	static
lv_mem.c:116:6:_lv_mem_init	0	static
lv_mem.c:156:8:lv_mem_alloc	16	static
lv_mem.c:353:6:lv_mem_defrag	8	static
lv_mem.c:228:6:lv_mem_free	8	static
lv_mem.c:394:10:lv_mem_test	8	static
lv_mem.c:463:10:_lv_mem_get_size	0	static
lv_mem.c:547:6:_lv_mem_buf_release	8	static
lv_mem.c:572:6:_lv_mem_buf_free_all	24	static
lv_mem.c:596:30:_lv_memcpy	16	static
lv_mem.c:289:8:lv_mem_realloc	24	static
lv_mem.c:486:8:_lv_mem_buf_get	24	static
lv_mem.c:660:28:_lv_memset	8	static
lv_mem.c:418:6:lv_mem_monitor	8	static
lv_mem.c:713:28:_lv_memset_00	0	static
lv_mem.c:140:6:_lv_mem_deinit	8	static
lv_mem.c:762:28:_lv_memset_ff	0	static
