lv_txt.c:536:16:lv_txt_utf8_size	0	static
lv_txt.c:587:17:lv_txt_utf8_conv_wc	0	static
lv_txt.c:615:17:lv_txt_utf8_next	24	static
lv_txt.c:722:17:lv_txt_utf8_get_byte_id	24	static
lv_txt.c:741:17:lv_txt_utf8_get_char_id	32	static
lv_txt.c:760:17:lv_txt_utf8_get_length	32	static
lv_txt.c:554:17:lv_txt_unicode_to_utf8	8	static
lv_txt.c:689:17:lv_txt_utf8_prev	32	static
lv_txt.c:399:6:_lv_txt_is_cmd	0	static
lv_txt.c:355:12:_lv_txt_get_width	56	static
lv_txt.c:295:10:_lv_txt_get_next_line	104	static
lv_txt.c:95:6:_lv_txt_get_size	64	static
lv_txt.c:437:6:_lv_txt_ins	24	static
lv_txt.c:463:6:_lv_txt_cut	24	static
lv_txt.c:483:8:_lv_txt_set_text_vfmt	32	static
