nt35510.c:10:10:LCD_read	16	static
nt35510.c:23:6:LCD_WR_REG	16	static
nt35510.c:39:6:LCD_WR_DATA	16	static
nt35510.c:55:10:LCD_RD_DATA	8	static
nt35510.c:67:6:LCD_WriteReg	16	static
nt35510.c:86:6:LCD_ReadReg	32	static
nt35510.c:106:6:LCD_WriteRAM_Prepare	8	static
nt35510.c:117:6:LCD_ReadRAM_Prepare	8	static
nt35510.c:128:6:Lcd_WriteData_16Bit	16	static
nt35510.c:138:10:Color_To_565	16	static
nt35510.c:149:10:Lcd_ReadData_16Bit	16	static
nt35510.c:180:6:LCD_DrawPoint	16	static
nt35510.c:199:10:LCD_ReadPoint	24	static
nt35510.c:218:6:LCD_Clear	24	static
nt35510.c:241:6:LCD_MPU_Config	24	static
nt35510.c:269:6:HAL_NT35510_SRAM_Init	56	static
nt35510.c:301:6:LCD_GPIOInit	64	static
nt35510.c:354:6:LCD_FSMC_Write_Time_Set	8	static
nt35510.c:368:6:LCD_RESET	8	static
nt35510.c:382:6:LCD_Init	72	static
nt35510.c:861:6:LCD_SetWindows	24	static
nt35510.c:882:6:LCD_SetCursor	16	static
nt35510.c:896:6:LCD_direction	16	static
nt35510.c:933:10:LCD_Read_ID	16	static
